Component: ARM Compiler 6.16 Tool: armlink [5dfeaa00]

==============================================================================

Section Cross References

    startup_stm32h750xx.o(STACK) refers (Special) to heapauxi.o(.text) for __use_two_region_memory
    startup_stm32h750xx.o(HEAP) refers (Special) to heapauxi.o(.text) for __use_two_region_memory
    startup_stm32h750xx.o(RESET) refers (Special) to heapauxi.o(.text) for __use_two_region_memory
    startup_stm32h750xx.o(RESET) refers to startup_stm32h750xx.o(STACK) for __initial_sp
    startup_stm32h750xx.o(RESET) refers to startup_stm32h750xx.o(.text) for Reset_Handler
    startup_stm32h750xx.o(RESET) refers to stm32h7xx_it.o(.text.NMI_Handler) for NMI_Handler
    startup_stm32h750xx.o(RESET) refers to stm32h7xx_it.o(.text.HardFault_Handler) for HardFault_Handler
    startup_stm32h750xx.o(RESET) refers to stm32h7xx_it.o(.text.MemManage_Handler) for MemManage_Handler
    startup_stm32h750xx.o(RESET) refers to stm32h7xx_it.o(.text.BusFault_Handler) for BusFault_Handler
    startup_stm32h750xx.o(RESET) refers to stm32h7xx_it.o(.text.UsageFault_Handler) for UsageFault_Handler
    startup_stm32h750xx.o(RESET) refers to port.o(.text.SVC_Handler) for SVC_Handler
    startup_stm32h750xx.o(RESET) refers to stm32h7xx_it.o(.text.DebugMon_Handler) for DebugMon_Handler
    startup_stm32h750xx.o(RESET) refers to port.o(.text.PendSV_Handler) for PendSV_Handler
    startup_stm32h750xx.o(RESET) refers to port.o(.text.SysTick_Handler) for SysTick_Handler
    startup_stm32h750xx.o(RESET) refers to stm32h7xx_it.o(.text.EXTI2_IRQHandler) for EXTI2_IRQHandler
    startup_stm32h750xx.o(RESET) refers to stm32h7xx_it.o(.text.DMA1_Stream0_IRQHandler) for DMA1_Stream0_IRQHandler
    startup_stm32h750xx.o(RESET) refers to stm32h7xx_it.o(.text.TIM1_UP_IRQHandler) for TIM1_UP_IRQHandler
    startup_stm32h750xx.o(RESET) refers to stm32h7xx_it.o(.text.DCMI_IRQHandler) for DCMI_IRQHandler
    startup_stm32h750xx.o(RESET) refers to stm32h7xx_it.o(.text.OTG_FS_IRQHandler) for OTG_FS_IRQHandler
    startup_stm32h750xx.o(.text) refers (Special) to heapauxi.o(.text) for __use_two_region_memory
    startup_stm32h750xx.o(.text) refers to system_stm32h7xx.o(.text.SystemInit) for SystemInit
    startup_stm32h750xx.o(.text) refers to __main.o(!!!main) for __main
    startup_stm32h750xx.o(.text) refers to startup_stm32h750xx.o(HEAP) for Heap_Mem
    startup_stm32h750xx.o(.text) refers to startup_stm32h750xx.o(STACK) for Stack_Mem
    main.o(.text.main) refers to stm32h7xx_hal.o(.text.HAL_Init) for HAL_Init
    main.o(.text.main) refers to main.o(.text.SystemClock_Config) for SystemClock_Config
    main.o(.text.main) refers to main.o(.text.OUTLINED_FUNCTION_0) for OUTLINED_FUNCTION_0
    main.o(.text.main) refers to stm32h7xx_hal_cortex.o(.text.HAL_NVIC_SetPriority) for HAL_NVIC_SetPriority
    main.o(.text.main) refers to stm32h7xx_hal_cortex.o(.text.HAL_NVIC_EnableIRQ) for HAL_NVIC_EnableIRQ
    main.o(.text.main) refers to stm32h7xx_hal_dma.o(.text.HAL_DMA_Init) for HAL_DMA_Init
    main.o(.text.main) refers to rt_memclr_w.o(.text) for __aeabi_memclr4
    main.o(.text.main) refers to stm32h7xx_hal_dcmi.o(.text.HAL_DCMI_Init) for HAL_DCMI_Init
    main.o(.text.main) refers to stm32h7xx_hal_i2c.o(.text.HAL_I2C_Init) for HAL_I2C_Init
    main.o(.text.main) refers to stm32h7xx_hal_i2c_ex.o(.text.HAL_I2CEx_ConfigAnalogFilter) for HAL_I2CEx_ConfigAnalogFilter
    main.o(.text.main) refers to stm32h7xx_hal_i2c_ex.o(.text.HAL_I2CEx_ConfigDigitalFilter) for HAL_I2CEx_ConfigDigitalFilter
    main.o(.text.main) refers to stm32h7xx_hal_spi.o(.text.HAL_SPI_Init) for HAL_SPI_Init
    main.o(.text.main) refers to rt_memcpy_v6.o(.text) for __aeabi_memcpy
    main.o(.text.main) refers to cmsis_os.o(.text.osThreadCreate) for osThreadCreate
    main.o(.text.main) refers to cmsis_os.o(.text.osKernelStart) for osKernelStart
    main.o(.text.main) refers to stm32h7xx_hal_gpio.o(.text.HAL_GPIO_WritePin) for HAL_GPIO_WritePin
    main.o(.text.main) refers to stm32h7xx_hal_gpio.o(.text.HAL_GPIO_Init) for HAL_GPIO_Init
    main.o(.text.main) refers to main.o(.bss.hdma_memtomem_dma1_stream1) for hdma_memtomem_dma1_stream1
    main.o(.text.main) refers to main.o(.bss..L_MergedGlobals) for [Anonymous Symbol]
    main.o(.text.main) refers to main.o(.bss.hi2c2) for hi2c2
    main.o(.text.main) refers to main.o(.bss.hspi1) for hspi1
    main.o(.text.main) refers to main.o(.bss.hspi4) for hspi4
    main.o(.text.main) refers to main.o(.rodata..L__const.main.os_thread_def_defaultTask) for [Anonymous Symbol]
    main.o(.text.main) refers to main.o(.rodata..L__const.main.os_thread_def_irCameraTask) for [Anonymous Symbol]
    main.o(.ARM.exidx.text.main) refers to main.o(.text.main) for [Anonymous Symbol]
    main.o(.text.SystemClock_Config) refers to rt_memclr_w.o(.text) for __aeabi_memclr4
[...]
    ETH_WKUP_IRQHandler                      0x08000353   Thumb Code     0  startup_stm32h750xx.o(.text)
    EXTI0_IRQHandler                         0x08000353   Thumb Code     0  startup_stm32h750xx.o(.text)
    EXTI15_10_IRQHandler                     0x08000353   Thumb Code     0  startup_stm32h750xx.o(.text)
    EXTI1_IRQHandler                         0x08000353   Thumb Code     0  startup_stm32h750xx.o(.text)
    EXTI3_IRQHandler                         0x08000353   Thumb Code     0  startup_stm32h750xx.o(.text)
    EXTI4_IRQHandler                         0x08000353   Thumb Code     0  startup_stm32h750xx.o(.text)
    EXTI9_5_IRQHandler                       0x08000353   Thumb Code     0  startup_stm32h750xx.o(.text)
    FDCAN1_IT0_IRQHandler                    0x08000353   Thumb Code     0  startup_stm32h750xx.o(.text)
    FDCAN1_IT1_IRQHandler                    0x08000353   Thumb Code     0  startup_stm32h750xx.o(.text)
    FDCAN2_IT0_IRQHandler                    0x08000353   Thumb Code     0  startup_stm32h750xx.o(.text)
    FDCAN2_IT1_IRQHandler                    0x08000353   Thumb Code     0  startup_stm32h750xx.o(.text)
    FDCAN_CAL_IRQHandler                     0x08000353   Thumb Code     0  startup_stm32h750xx.o(.text)
    FLASH_IRQHandler                         0x08000353   Thumb Code     0  startup_stm32h750xx.o(.text)
    FMC_IRQHandler                           0x08000353   Thumb Code     0  startup_stm32h750xx.o(.text)
    FPU_IRQHandler                           0x08000353   Thumb Code     0  startup_stm32h750xx.o(.text)
    HASH_RNG_IRQHandler                      0x08000353   Thumb Code     0  startup_stm32h750xx.o(.text)
    HRTIM1_FLT_IRQHandler                    0x08000353   Thumb Code     0  startup_stm32h750xx.o(.text)
    HRTIM1_Master_IRQHandler                 0x08000353   Thumb Code     0  startup_stm32h750xx.o(.text)
    HRTIM1_TIMA_IRQHandler                   0x08000353   Thumb Code     0  startup_stm32h750xx.o(.text)
    HRTIM1_TIMB_IRQHandler                   0x08000353   Thumb Code     0  startup_stm32h750xx.o(.text)
    HRTIM1_TIMC_IRQHandler                   0x08000353   Thumb Code     0  startup_stm32h750xx.o(.text)
    HRTIM1_TIMD_IRQHandler                   0x08000353   Thumb Code     0  startup_stm32h750xx.o(.text)
    HRTIM1_TIME_IRQHandler                   0x08000353   Thumb Code     0  startup_stm32h750xx.o(.text)
    HSEM1_IRQHandler                         0x08000353   Thumb Code     0  startup_stm32h750xx.o(.text)
    I2C1_ER_IRQHandler                       0x08000353   Thumb Code     0  startup_stm32h750xx.o(.text)
    I2C1_EV_IRQHandler                       0x08000353   Thumb Code     0  startup_stm32h750xx.o(.text)
    I2C2_ER_IRQHandler                       0x08000353   Thumb Code     0  startup_stm32h750xx.o(.text)
    I2C2_EV_IRQHandler                       0x08000353   Thumb Code     0  startup_stm32h750xx.o(.text)
    I2C3_ER_IRQHandler                       0x08000353   Thumb Code     0  startup_stm32h750xx.o(.text)
    I2C3_EV_IRQHandler                       0x08000353   Thumb Code     0  startup_stm32h750xx.o(.text)
    I2C4_ER_IRQHandler                       0x08000353   Thumb Code     0  startup_stm32h750xx.o(.text)
    I2C4_EV_IRQHandler                       0x08000353   Thumb Code     0  startup_stm32h750xx.o(.text)
    JPEG_IRQHandler                          0x08000353   Thumb Code     0  startup_stm32h750xx.o(.text)
    LPTIM1_IRQHandler                        0x08000353   Thumb Code     0  startup_stm32h750xx.o(.text)
    LPTIM2_IRQHandler                        0x08000353   Thumb Code     0  startup_stm32h750xx.o(.text)
    LPTIM3_IRQHandler                        0x08000353   Thumb Code     0  startup_stm32h750xx.o(.text)
    LPTIM4_IRQHandler                        0x08000353   Thumb Code     0  startup_stm32h750xx.o(.text)
    LPTIM5_IRQHandler                        0x08000353   Thumb Code     0  startup_stm32h750xx.o(.text)
    LPUART1_IRQHandler                       0x08000353   Thumb Code     0  startup_stm32h750xx.o(.text)
    LTDC_ER_IRQHandler                       0x08000353   Thumb Code     0  startup_stm32h750xx.o(.text)
    LTDC_IRQHandler                          0x08000353   Thumb Code     0  startup_stm32h750xx.o(.text)
    MDIOS_IRQHandler                         0x08000353   Thumb Code     0  startup_stm32h750xx.o(.text)
    MDIOS_WKUP_IRQHandler                    0x08000353   Thumb Code     0  startup_stm32h750xx.o(.text)
    MDMA_IRQHandler                          0x08000353   Thumb Code     0  startup_stm32h750xx.o(.text)
    OTG_FS_EP1_IN_IRQHandler                 0x08000353   Thumb Code     0  startup_stm32h750xx.o(.text)
    OTG_FS_EP1_OUT_IRQHandler                0x08000353   Thumb Code     0  startup_stm32h750xx.o(.text)
    OTG_FS_WKUP_IRQHandler                   0x08000353   Thumb Code     0  startup_stm32h750xx.o(.text)
    OTG_HS_EP1_IN_IRQHandler                 0x08000353   Thumb Code     0  startup_stm32h750xx.o(.text)
    OTG_HS_EP1_OUT_IRQHandler                0x08000353   Thumb Code     0  startup_stm32h750xx.o(.text)
    OTG_HS_IRQHandler                        0x08000353   Thumb Code     0  startup_stm32h750xx.o(.text)
    OTG_HS_WKUP_IRQHandler                   0x08000353   Thumb Code     0  startup_stm32h750xx.o(.text)
    PVD_AVD_IRQHandler                       0x08000353   Thumb Code     0  startup_stm32h750xx.o(.text)
    QUADSPI_IRQHandler                       0x08000353   Thumb Code     0  startup_stm32h750xx.o(.text)
    RCC_IRQHandler                           0x08000353   Thumb Code     0  startup_stm32h750xx.o(.text)
    RTC_Alarm_IRQHandler                     0x08000353   Thumb Code     0  startup_stm32h750xx.o(.text)
    RTC_WKUP_IRQHandler                      0x08000353   Thumb Code     0  startup_stm32h750xx.o(.text)
    SAI1_IRQHandler                          0x08000353   Thumb Code     0  startup_stm32h750xx.o(.text)
    SAI2_IRQHandler                          0x08000353   Thumb Code     0  startup_stm32h750xx.o(.text)
    SAI3_IRQHandler                          0x08000353   Thumb Code     0  startup_stm32h750xx.o(.text)
    SAI4_IRQHandler                          0x08000353   Thumb Code     0  startup_stm32h750xx.o(.text)
    SDMMC1_IRQHandler                        0x08000353   Thumb Code     0  startup_stm32h750xx.o(.text)
    SDMMC2_IRQHandler                        0x08000353   Thumb Code     0  startup_stm32h750xx.o(.text)
    SPDIF_RX_IRQHandler                      0x08000353   Thumb Code     0  startup_stm32h750xx.o(.text)
    SPI1_IRQHandler                          0x08000353   Thumb Code     0  startup_stm32h750xx.o(.text)
    SPI2_IRQHandler                          0x08000353   Thumb Code     0  startup_stm32h750xx.o(.text)
    SPI3_IRQHandler                          0x08000353   Thumb Code     0  startup_stm32h750xx.o(.text)
    SPI4_IRQHandler                          0x08000353   Thumb Code     0  startup_stm32h750xx.o(.text)
    SPI5_IRQHandler                          0x08000353   Thumb Code     0  startup_stm32h750xx.o(.text)
    SPI6_IRQHandler                          0x08000353   Thumb Code     0  startup_stm32h750xx.o(.text)
    SWPMI1_IRQHandler                        0x08000353   Thumb Code     0  startup_stm32h750xx.o(.text)
    TAMP_STAMP_IRQHandler                    0x08000353   Thumb Code     0  startup_stm32h750xx.o(.text)
    TIM15_IRQHandler                         0x08000353   Thumb Code     0  startup_stm32h750xx.o(.text)
    TIM16_IRQHandler                         0x08000353   Thumb Code     0  startup_stm32h750xx.o(.text)
    TIM17_IRQHandler                         0x08000353   Thumb Code     0  startup_stm32h750xx.o(.text)
    TIM1_BRK_IRQHandler                      0x08000353   Thumb Code     0  startup_stm32h750xx.o(.text)
    TIM1_CC_IRQHandler                       0x08000353   Thumb Code     0  startup_stm32h750xx.o(.text)
    TIM1_TRG_COM_IRQHandler                  0x08000353   Thumb Code     0  startup_stm32h750xx.o(.text)
    TIM2_IRQHandler                          0x08000353   Thumb Code     0  startup_stm32h750xx.o(.text)
    TIM3_IRQHandler                          0x08000353   Thumb Code     0  startup_stm32h750xx.o(.text)
    TIM4_IRQHandler                          0x08000353   Thumb Code     0  startup_stm32h750xx.o(.text)
    TIM5_IRQHandler                          0x08000353   Thumb Code     0  startup_stm32h750xx.o(.text)
    TIM6_DAC_IRQHandler                      0x08000353   Thumb Code     0  startup_stm32h750xx.o(.text)
    TIM7_IRQHandler                          0x08000353   Thumb Code     0  startup_stm32h750xx.o(.text)
    TIM8_BRK_TIM12_IRQHandler                0x08000353   Thumb Code     0  startup_stm32h750xx.o(.text)
    TIM8_CC_IRQHandler                       0x08000353   Thumb Code     0  startup_stm32h750xx.o(.text)
    TIM8_TRG_COM_TIM14_IRQHandler            0x08000353   Thumb Code     0  startup_stm32h750xx.o(.text)
    TIM8_UP_TIM13_IRQHandler                 0x08000353   Thumb Code     0  startup_stm32h750xx.o(.text)
    UART4_IRQHandler                         0x08000353   Thumb Code     0  startup_stm32h750xx.o(.text)
    UART5_IRQHandler                         0x08000353   Thumb Code     0  startup_stm32h750xx.o(.text)
    UART7_IRQHandler                         0x08000353   Thumb Code     0  startup_stm32h750xx.o(.text)
    UART8_IRQHandler                         0x08000353   Thumb Code     0  startup_stm32h750xx.o(.text)
    USART1_IRQHandler                        0x08000353   Thumb Code     0  startup_stm32h750xx.o(.text)
    USART2_IRQHandler                        0x08000353   Thumb Code     0  startup_stm32h750xx.o(.text)
    USART3_IRQHandler                        0x08000353   Thumb Code     0  startup_stm32h750xx.o(.text)
    USART6_IRQHandler                        0x08000353   Thumb Code     0  startup_stm32h750xx.o(.text)
    WAKEUP_PIN_IRQHandler                    0x08000353   Thumb Code     0  startup_stm32h750xx.o(.text)
    WWDG_IRQHandler                          0x08000353   Thumb Code     0  startup_stm32h750xx.o(.text)
    __user_initial_stackheap                 0x08000355   Thumb Code     0  startup_stm32h750xx.o(.text)
    __aeabi_memcpy                           0x08000379   Thumb Code     0  rt_memcpy_v6.o(.text)
    __rt_memcpy                              0x08000379   Thumb Code   138  rt_memcpy_v6.o(.text)
    _memcpy_lastbytes                        0x080003df   Thumb Code     0  rt_memcpy_v6.o(.text)
    __aeabi_memclr                           0x08000403   Thumb Code     0  rt_memclr.o(.text)
    __rt_memclr                              0x08000403   Thumb Code     0  rt_memclr.o(.text)
    _memset                                  0x08000407   Thumb Code    64  rt_memclr.o(.text)
    __aeabi_memclr4                          0x08000447   Thumb Code     0  rt_memclr_w.o(.text)
    __aeabi_memclr8                          0x08000447   Thumb Code     0  rt_memclr_w.o(.text)
    __rt_memclr_w                            0x08000447   Thumb Code     0  rt_memclr_w.o(.text)
    _memset_w                                0x0800044b   Thumb Code    74  rt_memclr_w.o(.text)
    __use_two_region_memory                  0x08000495   Thumb Code     2  heapauxi.o(.text)
    __rt_heap_escrow$2region                 0x08000497   Thumb Code     2  heapauxi.o(.text)
    __rt_heap_expand$2region                 0x08000499   Thumb Code     2  heapauxi.o(.text)
    __aeabi_memcpy4                          0x0800049b   Thumb Code     0  rt_memcpy_w.o(.text)
    __aeabi_memcpy8                          0x0800049b   Thumb Code     0  rt_memcpy_w.o(.text)
    __rt_memcpy_w                            0x0800049b   Thumb Code   100  rt_memcpy_w.o(.text)
    _memcpy_lastbytes_aligned                0x080004e3   Thumb Code     0  rt_memcpy_w.o(.text)
    __user_setup_stackheap                   0x080004ff   Thumb Code    74  sys_stackheap_outer.o(.text)
    exit                                     0x08000549   Thumb Code    18  exit.o(.text)
    __user_libspace                          0x0800055d   Thumb Code     8  libspace.o(.text)
    __user_perproc_libspace                  0x0800055d   Thumb Code     0  libspace.o(.text)
    __user_perthread_libspace                0x0800055d   Thumb Code     0  libspace.o(.text)
    _sys_exit                                0x08000565   Thumb Code     8  sys_exit.o(.text)
    __I$use$semihosting                      0x08000571   Thumb Code     0  use_no_semi.o(.text)
    __use_no_semihosting_swi                 0x08000571   Thumb Code     2  use_no_semi.o(.text)
    BusFault_Handler                         0x08000573   Thumb Code     2  stm32h7xx_it.o(.text.BusFault_Handler)
    __semihosting_library_function           0x08000573   Thumb Code     0  indicate_semi.o(.text)
    DCMI_IRQHandler                          0x08000591   Thumb Code     8  stm32h7xx_it.o(.text.DCMI_IRQHandler)
    DMA1_Stream0_IRQHandler                  0x0800059d   Thumb Code     8  stm32h7xx_it.o(.text.DMA1_Stream0_IRQHandler)
    DebugMon_Handler                         0x08000799   Thumb Code     2  stm32h7xx_it.o(.text.DebugMon_Handler)
    EXTI2_IRQHandler                         0x0800079b   Thumb Code     6  stm32h7xx_it.o(.text.EXTI2_IRQHandler)
    Error_Handler                            0x080007a1   Thumb Code     2  main.o(.text.Error_Handler)
    HAL_DCMI_ErrorCallback                   0x080007a3   Thumb Code     2  stm32h7xx_hal_dcmi.o(.text.HAL_DCMI_ErrorCallback)
    HAL_DCMI_FrameEventCallback              0x080007a5   Thumb Code     2  stm32h7xx_hal_dcmi.o(.text.HAL_DCMI_FrameEventCallback)
    HAL_DCMI_IRQHandler                      0x080007a9   Thumb Code   148  stm32h7xx_hal_dcmi.o(.text.HAL_DCMI_IRQHandler)
    HAL_DCMI_Init                            0x08000841   Thumb Code   128  stm32h7xx_hal_dcmi.o(.text.HAL_DCMI_Init)
    HAL_DCMI_LineEventCallback               0x080008c5   Thumb Code     2  stm32h7xx_hal_dcmi.o(.text.HAL_DCMI_LineEventCallback)
    HAL_DCMI_MspInit                         0x080008c9   Thumb Code   280  stm32h7xx_hal_msp.o(.text.HAL_DCMI_MspInit)
    HAL_DCMI_VsyncEventCallback              0x080009f5   Thumb Code     2  stm32h7xx_hal_dcmi.o(.text.HAL_DCMI_VsyncEventCallback)
    HAL_DMA_Abort_IT                         0x080009f9   Thumb Code   372  stm32h7xx_hal_dma.o(.text.HAL_DMA_Abort_IT)
    HAL_DMA_IRQHandler                       0x08000bcd   Thumb Code  1260  stm32h7xx_hal_dma.o(.text.HAL_DMA_IRQHandler)
    HAL_DMA_Init                             0x0800110d   Thumb Code   768  stm32h7xx_hal_dma.o(.text.HAL_DMA_Init)
    HAL_Delay                                0x08001479   Thumb Code    32  stm32h7xx_hal.o(.text.HAL_Delay)
    HAL_GPIO_EXTI_Callback                   0x08001499   Thumb Code     2  stm32h7xx_hal_gpio.o(.text.HAL_GPIO_EXTI_Callback)
    HAL_GPIO_EXTI_IRQHandler                 0x0800149d   Thumb Code    16  stm32h7xx_hal_gpio.o(.text.HAL_GPIO_EXTI_IRQHandler)
    HAL_GPIO_Init                            0x080014b1   Thumb Code   376  stm32h7xx_hal_gpio.o(.text.HAL_GPIO_Init)
    HAL_GPIO_WritePin                        0x08001639   Thumb Code    10  stm32h7xx_hal_gpio.o(.text.HAL_GPIO_WritePin)
    HAL_GetREVID                             0x08001645   Thumb Code     8  stm32h7xx_hal.o(.text.HAL_GetREVID)
    HAL_GetTick                              0x08001651   Thumb Code     8  stm32h7xx_hal.o(.text.HAL_GetTick)
    HAL_I2CEx_ConfigAnalogFilter             0x08001659   Thumb Code    60  stm32h7xx_hal_i2c_ex.o(.text.HAL_I2CEx_ConfigAnalogFilter)
    HAL_I2CEx_ConfigDigitalFilter            0x08001695   Thumb Code    58  stm32h7xx_hal_i2c_ex.o(.text.HAL_I2CEx_ConfigDigitalFilter)
    HAL_I2C_Init                             0x080016d1   Thumb Code   152  stm32h7xx_hal_i2c.o(.text.HAL_I2C_Init)
    HAL_I2C_MspInit                          0x0800176d   Thumb Code   124  stm32h7xx_hal_msp.o(.text.HAL_I2C_MspInit)
    HAL_IncTick                              0x080017f5   Thumb Code    16  stm32h7xx_hal.o(.text.HAL_IncTick)
    HAL_Init                                 0x0800180d   Thumb Code    72  stm32h7xx_hal.o(.text.HAL_Init)
    HAL_InitTick                             0x08001865   Thumb Code   116  stm32h7xx_hal_timebase_tim.o(.text.HAL_InitTick)
    HAL_MspInit                              0x080018ed   Thumb Code    36  stm32h7xx_hal_msp.o(.text.HAL_MspInit)
    HAL_NVIC_EnableIRQ                       0x08001915   Thumb Code    24  stm32h7xx_hal_cortex.o(.text.HAL_NVIC_EnableIRQ)
    HAL_NVIC_SetPriority                     0x08001931   Thumb Code    56  stm32h7xx_hal_cortex.o(.text.HAL_NVIC_SetPriority)
    HAL_NVIC_SetPriorityGrouping             0x08001969   Thumb Code    24  stm32h7xx_hal_cortex.o(.text.HAL_NVIC_SetPriorityGrouping)
    HAL_PCDEx_ActivateLPM                    0x08001989   Thumb Code    36  stm32h7xx_hal_pcd_ex.o(.text.HAL_PCDEx_ActivateLPM)
    HAL_PCDEx_LPM_Callback                   0x080019b1   Thumb Code     2  stm32h7xx_hal_pcd_ex.o(.text.HAL_PCDEx_LPM_Callback)
    HAL_PCDEx_SetRxFiFo                      0x080019b3   Thumb Code     8  stm32h7xx_hal_pcd_ex.o(.text.HAL_PCDEx_SetRxFiFo)
    HAL_PCDEx_SetTxFiFo                      0x080019bb   Thumb Code    64  stm32h7xx_hal_pcd_ex.o(.text.HAL_PCDEx_SetTxFiFo)
    HAL_PCD_ConnectCallback                  0x080019fb   Thumb Code     8  usbd_conf.o(.text.HAL_PCD_ConnectCallback)
    HAL_PCD_DataInStageCallback              0x08001a03   Thumb Code    18  usbd_conf.o(.text.HAL_PCD_DataInStageCallback)
    HAL_PCD_DataOutStageCallback             0x08001a15   Thumb Code    20  usbd_conf.o(.text.HAL_PCD_DataOutStageCallback)
    HAL_PCD_DisconnectCallback               0x08001a29   Thumb Code     8  usbd_conf.o(.text.HAL_PCD_DisconnectCallback)
    HAL_PCD_EP_Abort                         0x08001a31   Thumb Code    32  stm32h7xx_hal_pcd.o(.text.HAL_PCD_EP_Abort)
    HAL_PCD_EP_Close                         0x08001a51   Thumb Code    60  stm32h7xx_hal_pcd.o(.text.HAL_PCD_EP_Close)
    HAL_PCD_EP_ClrStall                      0x08001a8d   Thumb Code    78  stm32h7xx_hal_pcd.o(.text.HAL_PCD_EP_ClrStall)
    HAL_PCD_EP_Open                          0x08001adb   Thumb Code    78  stm32h7xx_hal_pcd.o(.text.HAL_PCD_EP_Open)
    HAL_PCD_EP_Receive                       0x08001b29   Thumb Code    56  stm32h7xx_hal_pcd.o(.text.HAL_PCD_EP_Receive)
    HAL_PCD_EP_SetStall                      0x08001b61   Thumb Code   106  stm32h7xx_hal_pcd.o(.text.HAL_PCD_EP_SetStall)
    HAL_PCD_EP_Transmit                      0x08001bcb   Thumb Code    52  stm32h7xx_hal_pcd.o(.text.HAL_PCD_EP_Transmit)
    HAL_PCD_IRQHandler                       0x08001c01   Thumb Code  1830  stm32h7xx_hal_pcd.o(.text.HAL_PCD_IRQHandler)
    HAL_PCD_ISOINIncompleteCallback          0x08002327   Thumb Code     8  usbd_conf.o(.text.HAL_PCD_ISOINIncompleteCallback)
    HAL_PCD_ISOOUTIncompleteCallback         0x0800232f   Thumb Code     8  usbd_conf.o(.text.HAL_PCD_ISOOUTIncompleteCallback)
    HAL_PCD_Init                             0x08002337   Thumb Code   324  stm32h7xx_hal_pcd.o(.text.HAL_PCD_Init)
    HAL_PCD_MspInit                          0x0800247d   Thumb Code   172  usbd_conf.o(.text.HAL_PCD_MspInit)
    HAL_PCD_ResetCallback                    0x08002535   Thumb Code    42  usbd_conf.o(.text.HAL_PCD_ResetCallback)
    HAL_PCD_ResumeCallback                   0x0800255f   Thumb Code     8  usbd_conf.o(.text.HAL_PCD_ResumeCallback)
    HAL_PCD_SOFCallback                      0x08002567   Thumb Code     8  usbd_conf.o(.text.HAL_PCD_SOFCallback)
    HAL_PCD_SetAddress                       0x0800256f   Thumb Code    28  stm32h7xx_hal_pcd.o(.text.HAL_PCD_SetAddress)
    HAL_PCD_SetupStageCallback               0x0800258b   Thumb Code    14  usbd_conf.o(.text.HAL_PCD_SetupStageCallback)
    HAL_PCD_Start                            0x08002599   Thumb Code    46  stm32h7xx_hal_pcd.o(.text.HAL_PCD_Start)
    HAL_PCD_SuspendCallback                  0x080025c9   Thumb Code    44  usbd_conf.o(.text.HAL_PCD_SuspendCallback)
    HAL_PWREx_ConfigSupply                   0x080025f9   Thumb Code    64  stm32h7xx_hal_pwr_ex.o(.text.HAL_PWREx_ConfigSupply)
    HAL_PWREx_EnableUSBVoltageDetector       0x08002639   Thumb Code    12  stm32h7xx_hal_pwr_ex.o(.text.HAL_PWREx_EnableUSBVoltageDetector)
    HAL_RCCEx_PeriphCLKConfig                0x08002649   Thumb Code  1992  stm32h7xx_hal_rcc_ex.o(.text.HAL_RCCEx_PeriphCLKConfig)
    HAL_RCC_ClockConfig                      0x08002e15   Thumb Code   520  stm32h7xx_hal_rcc.o(.text.HAL_RCC_ClockConfig)
    HAL_RCC_GetClockConfig                   0x08003021   Thumb Code    76  stm32h7xx_hal_rcc.o(.text.HAL_RCC_GetClockConfig)
    HAL_RCC_GetHCLKFreq                      0x08003071   Thumb Code    48  stm32h7xx_hal_rcc.o(.text.HAL_RCC_GetHCLKFreq)
    HAL_RCC_GetPCLK2Freq                     0x080030ad   Thumb Code    20  stm32h7xx_hal_rcc.o(.text.HAL_RCC_GetPCLK2Freq)
    HAL_RCC_GetSysClockFreq                  0x080030c9   Thumb Code   244  stm32h7xx_hal_rcc.o(.text.HAL_RCC_GetSysClockFreq)
    HAL_RCC_MCOConfig                        0x080031bd   Thumb Code   148  stm32h7xx_hal_rcc.o(.text.HAL_RCC_MCOConfig)
    HAL_RCC_OscConfig                        0x08003259   Thumb Code  1208  stm32h7xx_hal_rcc.o(.text.HAL_RCC_OscConfig)
    HAL_SPI_Init                             0x08003711   Thumb Code   360  stm32h7xx_hal_spi.o(.text.HAL_SPI_Init)
    HAL_SPI_MspInit                          0x08003881   Thumb Code   260  stm32h7xx_hal_msp.o(.text.HAL_SPI_MspInit)
    HAL_TIMEx_Break2Callback                 0x08003995   Thumb Code     2  stm32h7xx_hal_tim_ex.o(.text.HAL_TIMEx_Break2Callback)
    HAL_TIMEx_BreakCallback                  0x08003997   Thumb Code     2  stm32h7xx_hal_tim_ex.o(.text.HAL_TIMEx_BreakCallback)
    HAL_TIMEx_CommutCallback                 0x08003999   Thumb Code     2  stm32h7xx_hal_tim_ex.o(.text.HAL_TIMEx_CommutCallback)
    HAL_TIM_Base_Init                        0x0800399b   Thumb Code    30  stm32h7xx_hal_tim.o(.text.HAL_TIM_Base_Init)
    HAL_TIM_Base_MspInit                     0x080039b9   Thumb Code     2  stm32h7xx_hal_tim.o(.text.HAL_TIM_Base_MspInit)
    HAL_TIM_Base_Start_IT                    0x080039bd   Thumb Code   104  stm32h7xx_hal_tim.o(.text.HAL_TIM_Base_Start_IT)
    HAL_TIM_IC_CaptureCallback               0x08003a41   Thumb Code     2  stm32h7xx_hal_tim.o(.text.HAL_TIM_IC_CaptureCallback)
    HAL_TIM_IRQHandler                       0x08003a43   Thumb Code   320  stm32h7xx_hal_tim.o(.text.HAL_TIM_IRQHandler)
    HAL_TIM_OC_DelayElapsedCallback          0x08003b83   Thumb Code     2  stm32h7xx_hal_tim.o(.text.HAL_TIM_OC_DelayElapsedCallback)
    HAL_TIM_PWM_PulseFinishedCallback        0x08003b85   Thumb Code     2  stm32h7xx_hal_tim.o(.text.HAL_TIM_PWM_PulseFinishedCallback)
    HAL_TIM_PeriodElapsedCallback            0x08003b89   Thumb Code    16  main.o(.text.HAL_TIM_PeriodElapsedCallback)
    HAL_TIM_TriggerCallback                  0x08003b9d   Thumb Code     2  stm32h7xx_hal_tim.o(.text.HAL_TIM_TriggerCallback)
    HardFault_Handler                        0x08003b9f   Thumb Code     2  stm32h7xx_it.o(.text.HardFault_Handler)
    MX_USB_DEVICE_Init                       0x08003bd1   Thumb Code    52  usb_device.o(.text.MX_USB_DEVICE_Init)
    MemManage_Handler                        0x08003c11   Thumb Code     2  stm32h7xx_it.o(.text.MemManage_Handler)
    NMI_Handler                              0x08003c13   Thumb Code     2  stm32h7xx_it.o(.text.NMI_Handler)
    OTG_FS_IRQHandler                        0x08003c15   Thumb Code     8  stm32h7xx_it.o(.text.OTG_FS_IRQHandler)
    PendSV_Handler                           0x08003f31   Thumb Code   100  port.o(.text.PendSV_Handler)
    SVC_Handler                              0x08004121   Thumb Code    36  port.o(.text.SVC_Handler)
    StartDefaultTask                         0x08004145   Thumb Code    14  main.o(.text.StartDefaultTask)
    StartIRCameraTask                        0x08004153   Thumb Code    10  main.o(.text.StartIRCameraTask)
    SysTick_Handler                          0x0800415d   Thumb Code    40  port.o(.text.SysTick_Handler)
    SystemClock_Config                       0x08004189   Thumb Code   176  main.o(.text.SystemClock_Config)
    SystemInit                               0x08004241   Thumb Code    96  system_stm32h7xx.o(.text.SystemInit)
    TIM1_UP_IRQHandler                       0x080042b5   Thumb Code     8  stm32h7xx_it.o(.text.TIM1_UP_IRQHandler)
    TIM_Base_SetConfig                       0x080042c1   Thumb Code   168  stm32h7xx_hal_tim.o(.text.TIM_Base_SetConfig)
    USBD_ClrClassConfig                      0x08004389   Thumb Code    18  usbd_core.o(.text.USBD_ClrClassConfig)
    USBD_CoreFindEP                          0x0800439b   Thumb Code     4  usbd_core.o(.text.USBD_CoreFindEP)
    USBD_CoreFindIF                          0x0800439f   Thumb Code     4  usbd_core.o(.text.USBD_CoreFindIF)
    USBD_CtlContinueRx                       0x080043a3   Thumb Code    16  usbd_ioreq.o(.text.USBD_CtlContinueRx)
    USBD_CtlContinueSendData                 0x080043b3   Thumb Code    16  usbd_ioreq.o(.text.USBD_CtlContinueSendData)
    USBD_CtlError                            0x080043c3   Thumb Code    22  usbd_ctlreq.o(.text.USBD_CtlError)
    USBD_CtlReceiveStatus                    0x080043d9   Thumb Code    22  usbd_ioreq.o(.text.USBD_CtlReceiveStatus)
    USBD_CtlSendData                         0x080043ef   Thumb Code    26  usbd_ioreq.o(.text.USBD_CtlSendData)
    USBD_CtlSendStatus                       0x08004409   Thumb Code    22  usbd_ioreq.o(.text.USBD_CtlSendStatus)
    USBD_FS_ConfigStrDescriptor              0x08004421   Thumb Code    16  usbd_desc.o(.text.USBD_FS_ConfigStrDescriptor)
    USBD_FS_DeviceDescriptor                 0x0800443d   Thumb Code     8  usbd_desc.o(.text.USBD_FS_DeviceDescriptor)
    USBD_FS_InterfaceStrDescriptor           0x08004449   Thumb Code    16  usbd_desc.o(.text.USBD_FS_InterfaceStrDescriptor)
    USBD_FS_LangIDStrDescriptor              0x08004469   Thumb Code     8  usbd_desc.o(.text.USBD_FS_LangIDStrDescriptor)
    USBD_FS_ManufacturerStrDescriptor        0x08004475   Thumb Code    16  usbd_desc.o(.text.USBD_FS_ManufacturerStrDescriptor)
    USBD_FS_ProductStrDescriptor             0x08004499   Thumb Code    16  usbd_desc.o(.text.USBD_FS_ProductStrDescriptor)
    USBD_FS_SerialStrDescriptor              0x080044c5   Thumb Code    44  usbd_desc.o(.text.USBD_FS_SerialStrDescriptor)
    USBD_GetEpDesc                           0x080044f9   Thumb Code    42  usbd_core.o(.text.USBD_GetEpDesc)
    USBD_GetString                           0x08004523   Thumb Code    58  usbd_ctlreq.o(.text.USBD_GetString)
    USBD_Get_USB_Status                      0x0800455d   Thumb Code    20  usbd_conf.o(.text.USBD_Get_USB_Status)
    USBD_Init                                0x0800473d   Thumb Code    38  usbd_core.o(.text.USBD_Init)
    USBD_LL_ClearStallEP                     0x08004763   Thumb Code    18  usbd_conf.o(.text.USBD_LL_ClearStallEP)
    USBD_LL_CloseEP                          0x08004775   Thumb Code    18  usbd_conf.o(.text.USBD_LL_CloseEP)
    USBD_LL_DataInStage                      0x08004787   Thumb Code   162  usbd_core.o(.text.USBD_LL_DataInStage)
    USBD_LL_DataOutStage                     0x08004829   Thumb Code   100  usbd_core.o(.text.USBD_LL_DataOutStage)
    USBD_LL_DevConnected                     0x0800488d   Thumb Code     4  usbd_core.o(.text.USBD_LL_DevConnected)
    USBD_LL_DevDisconnected                  0x08004891   Thumb Code    32  usbd_core.o(.text.USBD_LL_DevDisconnected)
    USBD_LL_Init                             0x080048b1   Thumb Code    92  usbd_conf.o(.text.USBD_LL_Init)
    USBD_LL_IsStallEP                        0x08004915   Thumb Code    32  usbd_conf.o(.text.USBD_LL_IsStallEP)
    USBD_LL_IsoINIncomplete                  0x08004935   Thumb Code    30  usbd_core.o(.text.USBD_LL_IsoINIncomplete)
    USBD_LL_IsoOUTIncomplete                 0x08004953   Thumb Code    30  usbd_core.o(.text.USBD_LL_IsoOUTIncomplete)
    USBD_LL_OpenEP                           0x08004971   Thumb Code    24  usbd_conf.o(.text.USBD_LL_OpenEP)
    USBD_LL_PrepareReceive                   0x08004989   Thumb Code    18  usbd_conf.o(.text.USBD_LL_PrepareReceive)
    USBD_LL_Reset                            0x0800499b   Thumb Code    96  usbd_core.o(.text.USBD_LL_Reset)
    USBD_LL_Resume                           0x080049fb   Thumb Code    20  usbd_core.o(.text.USBD_LL_Resume)
    USBD_LL_SOF                              0x08004a0f   Thumb Code    26  usbd_core.o(.text.USBD_LL_SOF)
    USBD_LL_SetSpeed                         0x08004a29   Thumb Code     6  usbd_core.o(.text.USBD_LL_SetSpeed)
    USBD_LL_SetUSBAddress                    0x08004a2f   Thumb Code    18  usbd_conf.o(.text.USBD_LL_SetUSBAddress)
    USBD_LL_SetupStage                       0x08004a41   Thumb Code    96  usbd_core.o(.text.USBD_LL_SetupStage)
    USBD_LL_StallEP                          0x08004aa1   Thumb Code    18  usbd_conf.o(.text.USBD_LL_StallEP)
    USBD_LL_Start                            0x08004ab3   Thumb Code    18  usbd_conf.o(.text.USBD_LL_Start)
    USBD_LL_Suspend                          0x08004ac5   Thumb Code    26  usbd_core.o(.text.USBD_LL_Suspend)
    USBD_LL_Transmit                         0x08004adf   Thumb Code    18  usbd_conf.o(.text.USBD_LL_Transmit)
    USBD_ParseSetupRequest                   0x08004af1   Thumb Code    22  usbd_ctlreq.o(.text.USBD_ParseSetupRequest)
    USBD_RegisterClass                       0x08004b07   Thumb Code    60  usbd_core.o(.text.USBD_RegisterClass)
    USBD_SetClassConfig                      0x08004b43   Thumb Code    14  usbd_core.o(.text.USBD_SetClassConfig)
    USBD_Start                               0x08004b51   Thumb Code     4  usbd_core.o(.text.USBD_Start)
    USBD_StdDevReq                           0x08004b55   Thumb Code   696  usbd_ctlreq.o(.text.USBD_StdDevReq)
    USBD_StdEPReq                            0x08004e11   Thumb Code   324  usbd_ctlreq.o(.text.USBD_StdEPReq)
    USBD_StdItfReq                           0x08004f55   Thumb Code    96  usbd_ctlreq.o(.text.USBD_StdItfReq)
    USBD_static_free                         0x08004fb5   Thumb Code     2  usbd_conf.o(.text.USBD_static_free)
    USBD_static_malloc                       0x08004fb9   Thumb Code     4  usbd_conf.o(.text.USBD_static_malloc)
    USB_ActivateEndpoint                     0x08004fc1   Thumb Code   108  stm32h7xx_ll_usb.o(.text.USB_ActivateEndpoint)
    USB_ActivateSetup                        0x08005031   Thumb Code    26  stm32h7xx_ll_usb.o(.text.USB_ActivateSetup)
    USB_CoreInit                             0x0800504d   Thumb Code   128  stm32h7xx_ll_usb.o(.text.USB_CoreInit)
    USB_DeactivateEndpoint                   0x0800511d   Thumb Code   104  stm32h7xx_ll_usb.o(.text.USB_DeactivateEndpoint)
    USB_DevConnect                           0x08005189   Thumb Code    24  stm32h7xx_ll_usb.o(.text.USB_DevConnect)
    USB_DevDisconnect                        0x080051a1   Thumb Code    24  stm32h7xx_ll_usb.o(.text.USB_DevDisconnect)
    USB_DevInit                              0x080051b9   Thumb Code   372  stm32h7xx_ll_usb.o(.text.USB_DevInit)
    USB_DisableGlobalInt                     0x08005335   Thumb Code    12  stm32h7xx_ll_usb.o(.text.USB_DisableGlobalInt)
    USB_EP0_OutStart                         0x08005341   Thumb Code    84  stm32h7xx_ll_usb.o(.text.USB_EP0_OutStart)
    USB_EPClearStall                         0x08005399   Thumb Code    48  stm32h7xx_ll_usb.o(.text.USB_EPClearStall)
    USB_EPSetStall                           0x080053c9   Thumb Code    54  stm32h7xx_ll_usb.o(.text.USB_EPSetStall)
    USB_EPStartXfer                          0x08005401   Thumb Code   416  stm32h7xx_ll_usb.o(.text.USB_EPStartXfer)
    USB_EPStopXfer                           0x080055a5   Thumb Code   108  stm32h7xx_ll_usb.o(.text.USB_EPStopXfer)
    USB_EnableGlobalInt                      0x08005611   Thumb Code    12  stm32h7xx_ll_usb.o(.text.USB_EnableGlobalInt)
    USB_FlushRxFifo                          0x0800561d   Thumb Code    64  stm32h7xx_ll_usb.o(.text.USB_FlushRxFifo)
    USB_FlushTxFifo                          0x0800565d   Thumb Code    68  stm32h7xx_ll_usb.o(.text.USB_FlushTxFifo)
    USB_GetDevSpeed                          0x080056a5   Thumb Code    30  stm32h7xx_ll_usb.o(.text.USB_GetDevSpeed)
    USB_GetMode                              0x080056c3   Thumb Code     8  stm32h7xx_ll_usb.o(.text.USB_GetMode)
    USB_ReadDevAllInEpInterrupt              0x080056cb   Thumb Code    14  stm32h7xx_ll_usb.o(.text.USB_ReadDevAllInEpInterrupt)
    USB_ReadDevAllOutEpInterrupt             0x080056d9   Thumb Code    14  stm32h7xx_ll_usb.o(.text.USB_ReadDevAllOutEpInterrupt)
    USB_ReadDevInEPInterrupt                 0x080056e7   Thumb Code    36  stm32h7xx_ll_usb.o(.text.USB_ReadDevInEPInterrupt)
    USB_ReadDevOutEPInterrupt                0x0800570b   Thumb Code    16  stm32h7xx_ll_usb.o(.text.USB_ReadDevOutEPInterrupt)
    USB_ReadInterrupts                       0x0800571b   Thumb Code     8  stm32h7xx_ll_usb.o(.text.USB_ReadInterrupts)
    USB_ReadPacket                           0x08005723   Thumb Code    54  stm32h7xx_ll_usb.o(.text.USB_ReadPacket)
    USB_SetCurrentMode                       0x08005759   Thumb Code    98  stm32h7xx_ll_usb.o(.text.USB_SetCurrentMode)
    USB_SetDevAddress                        0x080057bb   Thumb Code    32  stm32h7xx_ll_usb.o(.text.USB_SetDevAddress)
    USB_SetTurnaroundTime                    0x080057dd   Thumb Code   168  stm32h7xx_ll_usb.o(.text.USB_SetTurnaroundTime)
    USB_WritePacket                          0x080058cd   Thumb Code    34  stm32h7xx_ll_usb.o(.text.USB_WritePacket)
    UsageFault_Handler                       0x080058ef   Thumb Code     2  stm32h7xx_it.o(.text.UsageFault_Handler)
    main                                     0x08005915   Thumb Code   644  main.o(.text.main)
    osDelay                                  0x08005bd5   Thumb Code    16  cmsis_os.o(.text.osDelay)
    osKernelStart                            0x08005be5   Thumb Code    10  cmsis_os.o(.text.osKernelStart)
    osThreadCreate                           0x08005bef   Thumb Code    84  cmsis_os.o(.text.osThreadCreate)
    pvPortMalloc                             0x08005f41   Thumb Code   384  heap_4.o(.text.pvPortMalloc)
    pxPortInitialiseStack                    0x080060c1   Thumb Code    32  port.o(.text.pxPortInitialiseStack)
    uxListRemove                             0x080060e5   Thumb Code    32  list.o(.text.uxListRemove)
    vApplicationGetIdleTaskMemory            0x08006105   Thumb Code    16  freertos.o(.text.vApplicationGetIdleTaskMemory)
    vListInitialise                          0x0800611d   Thumb Code    22  list.o(.text.vListInitialise)
    vListInitialiseItem                      0x08006133   Thumb Code     6  list.o(.text.vListInitialiseItem)
    vListInsert                              0x08006139   Thumb Code    46  list.o(.text.vListInsert)
    vPortEnterCritical                       0x0800617d   Thumb Code    56  port.o(.text.vPortEnterCritical)
    vPortExitCritical                        0x080061b9   Thumb Code    40  port.o(.text.vPortExitCritical)
    vPortFree                                0x080061e5   Thumb Code   228  heap_4.o(.text.vPortFree)
    vPortSetupTimerInterrupt                 0x080062d1   Thumb Code    32  port.o(.text.vPortSetupTimerInterrupt)
    vTaskDelay                               0x080062f9   Thumb Code    68  tasks.o(.text.vTaskDelay)
    vTaskStartScheduler                      0x08006341   Thumb Code    96  tasks.o(.text.vTaskStartScheduler)
    vTaskSuspendAll                          0x080063ad   Thumb Code    12  tasks.o(.text.vTaskSuspendAll)
    vTaskSwitchContext                       0x080063b9   Thumb Code    92  tasks.o(.text.vTaskSwitchContext)
    xPortStartScheduler                      0x08006419   Thumb Code   320  port.o(.text.xPortStartScheduler)
    xTaskCreate                              0x08006575   Thumb Code    94  tasks.o(.text.xTaskCreate)
    xTaskCreateStatic                        0x080065d3   Thumb Code   146  tasks.o(.text.xTaskCreateStatic)
    xTaskIncrementTick                       0x08006665   Thumb Code   328  tasks.o(.text.xTaskIncrementTick)
    xTaskResumeAll                           0x080067b9   Thumb Code   276  tasks.o(.text.xTaskResumeAll)
    _fp_init                                 0x080068dd   Thumb Code    26  fpinit.o(x$fpl$fpinit)
    __fplib_config_fpu_vfp                   0x080068f5   Thumb Code     0  fpinit.o(x$fpl$fpinit)
    __fplib_config_pureend_doubles           0x080068f5   Thumb Code     0  fpinit.o(x$fpl$fpinit)
    D1CorePrescTable                         0x08006930   Data          16  system_stm32h7xx.o(.rodata.D1CorePrescTable)
    Region$$Table$$Base                      0x08006960   Number         0  anon$$obj.o(Region$$Table)
    Region$$Table$$Limit                     0x08006980   Number         0  anon$$obj.o(Region$$Table)
    uwTickFreq                               0x24000000   Data           1  stm32h7xx_hal.o(.data..L_MergedGlobals)
    uwTickPrio                               0x24000004   Data           4  stm32h7xx_hal.o(.data..L_MergedGlobals)
    SystemCoreClock                          0x24000008   Data           4  system_stm32h7xx.o(.data..L_MergedGlobals)
    SystemD2Clock                            0x2400000c   Data           4  system_stm32h7xx.o(.data..L_MergedGlobals)
    FS_Desc                                  0x24000068   Data          32  usbd_desc.o(.data.FS_Desc)
    USBD_FS_DeviceDesc                       0x24000088   Data          18  usbd_desc.o(.data.USBD_FS_DeviceDesc)
    USBD_HID                                 0x2400009c   Data          56  usbd_hid.o(.data.USBD_HID)
    USBD_LangIDDesc                          0x24000104   Data           4  usbd_desc.o(.data.USBD_LangIDDesc)
    USBD_StringSerial                        0x24000108   Data          26  usbd_desc.o(.data.USBD_StringSerial)
    __libspace_start                         0x24000128   Data          96  libspace.o(.bss)
    __temporary_stack_top$libspace           0x24000188   Data           0  libspace.o(.bss)
    defaultTaskHandle                        0x24000188   Data           4  main.o(.bss..L_MergedGlobals)
    irCameraTaskHandle                       0x2400018c   Data           4  main.o(.bss..L_MergedGlobals)
    hdcmi                                    0x24000190   Data          80  main.o(.bss..L_MergedGlobals)
    USBD_StrDesc                             0x240002a4   Data         512  usbd_desc.o(.bss.USBD_StrDesc)
    hUsbDeviceFS                             0x240004b8   Data         732  usb_device.o(.bss.hUsbDeviceFS)
    hdma_dcmi                                0x24000794   Data         120  main.o(.bss.hdma_dcmi)
    hdma_memtomem_dma1_stream1               0x2400080c   Data         120  main.o(.bss.hdma_memtomem_dma1_stream1)
    hi2c2                                    0x24000884   Data          84  main.o(.bss.hi2c2)
    hpcd_USB_OTG_FS                          0x240008d8   Data        1292  usbd_conf.o(.bss.hpcd_USB_OTG_FS)
    hspi1                                    0x24000de4   Data         136  main.o(.bss.hspi1)
    hspi4                                    0x24000e6c   Data         136  main.o(.bss.hspi4)
    htim1                                    0x24000ef4   Data          76  stm32h7xx_hal_timebase_tim.o(.bss.htim1)
    pxCurrentTCB                             0x24000f40   Data           4  tasks.o(.bss.pxCurrentTCB)
    uwTick                                   0x240099f0   Data           4  stm32h7xx_hal.o(.bss.uwTick)



==============================================================================

Memory Map of the image

  Image Entry point : 0x08000299

  Load Region LR_IROM1 (Base: 0x08000000, Size: 0x00006aa8, Max: 0x00020000, ABSOLUTE)

    Execution Region ER_IROM1 (Exec base: 0x08000000, Load base: 0x08000000, Size: 0x00006980, Max: 0x00020000, ABSOLUTE)

    Exec Addr    Load Addr    Size         Type   Attr      Idx    E Section Name        Object

    0x08000000   0x08000000   0x00000298   Data   RO            3    RESET               startup_stm32h750xx.o
    0x08000298   0x08000298   0x00000008   Code   RO         3098  * !!!main             c_w.l(__main.o)
    0x080002a0   0x080002a0   0x00000034   Code   RO         3263    !!!scatter          c_w.l(__scatter.o)
    0x080002d4   0x080002d4   0x0000001a   Code   RO         3265    !!handler_copy      c_w.l(__scatter_copy.o)
    0x080002ee   0x080002ee   0x00000002   PAD
    0x080002f0   0x080002f0   0x0000001c   Code   RO         3267    !!handler_zi        c_w.l(__scatter_zi.o)
    0x0800030c   0x0800030c   0x00000002   Code   RO         3127    .ARM.Collect$$libinit$$00000000  c_w.l(libinit.o)
    0x0800030e   0x0800030e   0x00000004   Code   RO         3133    .ARM.Collect$$libinit$$00000001  c_w.l(libinit2.o)
    0x08000312   0x08000312   0x00000000   Code   RO         3136    .ARM.Collect$$libinit$$00000004  c_w.l(libinit2.o)
    0x08000312   0x08000312   0x00000000   Code   RO         3139    .ARM.Collect$$libinit$$0000000A  c_w.l(libinit2.o)
    0x08000312   0x08000312   0x00000000   Code   RO         3141    .ARM.Collect$$libinit$$0000000C  c_w.l(libinit2.o)
    0x08000312   0x08000312   0x00000000   Code   RO         3143    .ARM.Collect$$libinit$$0000000E  c_w.l(libinit2.o)
    0x08000312   0x08000312   0x00000000   Code   RO         3146    .ARM.Collect$$libinit$$00000011  c_w.l(libinit2.o)
    0x08000312   0x08000312   0x00000000   Code   RO         3148    .ARM.Collect$$libinit$$00000013  c_w.l(libinit2.o)
    0x08000312   0x08000312   0x00000000   Code   RO         3150    .ARM.Collect$$libinit$$00000015  c_w.l(libinit2.o)
    0x08000312   0x08000312   0x00000000   Code   RO         3152    .ARM.Collect$$libinit$$00000017  c_w.l(libinit2.o)
    0x08000312   0x08000312   0x00000000   Code   RO         3154    .ARM.Collect$$libinit$$00000019  c_w.l(libinit2.o)
    0x08000312   0x08000312   0x00000000   Code   RO         3156    .ARM.Collect$$libinit$$0000001B  c_w.l(libinit2.o)
    0x08000312   0x08000312   0x00000000   Code   RO         3158    .ARM.Collect$$libinit$$0000001D  c_w.l(libinit2.o)
    0x08000312   0x08000312   0x00000000   Code   RO         3160    .ARM.Collect$$libinit$$0000001F  c_w.l(libinit2.o)
    0x08000312   0x08000312   0x00000000   Code   RO         3162    .ARM.Collect$$libinit$$00000021  c_w.l(libinit2.o)
    0x08000312   0x08000312   0x00000000   Code   RO         3164    .ARM.Collect$$libinit$$00000023  c_w.l(libinit2.o)
    0x08000312   0x08000312   0x00000000   Code   RO         3166    .ARM.Collect$$libinit$$00000025  c_w.l(libinit2.o)
    0x08000312   0x08000312   0x00000000   Code   RO         3170    .ARM.Collect$$libinit$$0000002C  c_w.l(libinit2.o)
    0x08000312   0x08000312   0x00000000   Code   RO         3172    .ARM.Collect$$libinit$$0000002E  c_w.l(libinit2.o)
    0x08000312   0x08000312   0x00000000   Code   RO         3174    .ARM.Collect$$libinit$$00000030  c_w.l(libinit2.o)
    0x08000312   0x08000312   0x00000000   Code   RO         3176    .ARM.Collect$$libinit$$00000032  c_w.l(libinit2.o)
    0x08000312   0x08000312   0x00000002   Code   RO         3177    .ARM.Collect$$libinit$$00000033  c_w.l(libinit2.o)
    0x08000314   0x08000314   0x00000002   Code   RO         3199    .ARM.Collect$$libshutdown$$00000000  c_w.l(libshutdown.o)
    0x08000316   0x08000316   0x00000000   Code   RO         3214    .ARM.Collect$$libshutdown$$00000002  c_w.l(libshutdown2.o)
    0x08000316   0x08000316   0x00000000   Code   RO         3216    .ARM.Collect$$libshutdown$$00000004  c_w.l(libshutdown2.o)
    0x08000316   0x08000316   0x00000000   Code   RO         3219    .ARM.Collect$$libshutdown$$00000007  c_w.l(libshutdown2.o)
    0x08000316   0x08000316   0x00000000   Code   RO         3222    .ARM.Collect$$libshutdown$$0000000A  c_w.l(libshutdown2.o)
    0x08000316   0x08000316   0x00000000   Code   RO         3224    .ARM.Collect$$libshutdown$$0000000C  c_w.l(libshutdown2.o)
    0x08000316   0x08000316   0x00000000   Code   RO         3227    .ARM.Collect$$libshutdown$$0000000F  c_w.l(libshutdown2.o)
    0x08000316   0x08000316   0x00000002   Code   RO         3228    .ARM.Collect$$libshutdown$$00000010  c_w.l(libshutdown2.o)
    0x08000318   0x08000318   0x00000000   Code   RO         3100    .ARM.Collect$$rtentry$$00000000  c_w.l(__rtentry.o)
    0x08000318   0x08000318   0x00000000   Code   RO         3104    .ARM.Collect$$rtentry$$00000002  c_w.l(__rtentry2.o)
    0x08000318   0x08000318   0x00000006   Code   RO         3116    .ARM.Collect$$rtentry$$00000004  c_w.l(__rtentry4.o)
    0x0800031e   0x0800031e   0x00000000   Code   RO         3106    .ARM.Collect$$rtentry$$00000009  c_w.l(__rtentry2.o)
    0x0800031e   0x0800031e   0x00000004   Code   RO         3107    .ARM.Collect$$rtentry$$0000000A  c_w.l(__rtentry2.o)
    0x08000322   0x08000322   0x00000000   Code   RO         3109    .ARM.Collect$$rtentry$$0000000C  c_w.l(__rtentry2.o)
    0x08000322   0x08000322   0x00000008   Code   RO         3110    .ARM.Collect$$rtentry$$0000000D  c_w.l(__rtentry2.o)
    0x0800032a   0x0800032a   0x00000002   Code   RO         3131    .ARM.Collect$$rtexit$$00000000  c_w.l(rtexit.o)
    0x0800032c   0x0800032c   0x00000000   Code   RO         3179    .ARM.Collect$$rtexit$$00000002  c_w.l(rtexit2.o)
    0x0800032c   0x0800032c   0x00000004   Code   RO         3180    .ARM.Collect$$rtexit$$00000003  c_w.l(rtexit2.o)
    0x08000330   0x08000330   0x00000006   Code   RO         3181    .ARM.Collect$$rtexit$$00000004  c_w.l(rtexit2.o)
    0x08000336   0x08000336   0x00000002   PAD
    0x08000338   0x08000338   0x00000040   Code   RO            4    .text               startup_stm32h750xx.o
    0x08000378   0x08000378   0x0000008a   Code   RO         3088    .text               c_w.l(rt_memcpy_v6.o)
    0x08000402   0x08000402   0x00000044   Code   RO         3092    .text               c_w.l(rt_memclr.o)
    0x08000446   0x08000446   0x0000004e   Code   RO         3094    .text               c_w.l(rt_memclr_w.o)
    0x08000494   0x08000494   0x00000006   Code   RO         3096    .text               c_w.l(heapauxi.o)
    0x0800049a   0x0800049a   0x00000064   Code   RO         3101    .text               c_w.l(rt_memcpy_w.o)
    0x080004fe   0x080004fe   0x0000004a   Code   RO         3118    .text               c_w.l(sys_stackheap_outer.o)
    0x08000548   0x08000548   0x00000012   Code   RO         3120    .text               c_w.l(exit.o)
    0x0800055a   0x0800055a   0x00000002   PAD
    0x0800055c   0x0800055c   0x00000008   Code   RO         3128    .text               c_w.l(libspace.o)
    0x08000564   0x08000564   0x0000000c   Code   RO         3189    .text               c_w.l(sys_exit.o)
    0x08000570   0x08000570   0x00000002   Code   RO         3204    .text               c_w.l(use_no_semi.o)
    0x08000572   0x08000572   0x00000000   Code   RO         3206    .text               c_w.l(indicate_semi.o)
    0x08000572   0x08000572   0x00000002   Code   RO          173    .text.BusFault_Handler  stm32h7xx_it.o
    0x08000574   0x08000574   0x0000001c   Code   RO         1612    .text.DCMI_DMAError  stm32h7xx_hal_dcmi.o
    0x08000590   0x08000590   0x0000000c   Code   RO          185    .text.DCMI_IRQHandler  stm32h7xx_it.o
    0x0800059c   0x0800059c   0x0000000c   Code   RO          181    .text.DMA1_Stream0_IRQHandler  stm32h7xx_it.o
    0x080005a8   0x080005a8   0x000000dc   Code   RO          754    .text.DMA_CalcBaseAndBitshift  stm32h7xx_hal_dma.o
    0x08000684   0x08000684   0x00000090   Code   RO          756    .text.DMA_CalcDMAMUXChannelBaseAndMask  stm32h7xx_hal_dma.o
    0x08000714   0x08000714   0x00000084   Code   RO          758    .text.DMA_CalcDMAMUXRequestGenBaseAndMask  stm32h7xx_hal_dma.o
    0x08000798   0x08000798   0x00000002   Code   RO          177    .text.DebugMon_Handler  stm32h7xx_it.o
    0x0800079a   0x0800079a   0x00000006   Code   RO          179    .text.EXTI2_IRQHandler  stm32h7xx_it.o
    0x080007a0   0x080007a0   0x00000002   Code   RO           19    .text.Error_Handler  main.o
    0x080007a2   0x080007a2   0x00000002   Code   RO         1628    .text.HAL_DCMI_ErrorCallback  stm32h7xx_hal_dcmi.o
    0x080007a4   0x080007a4   0x00000002   Code   RO         1626    .text.HAL_DCMI_FrameEventCallback  stm32h7xx_hal_dcmi.o
    0x080007a6   0x080007a6   0x00000002   PAD
    0x080007a8   0x080007a8   0x00000098   Code   RO         1620    .text.HAL_DCMI_IRQHandler  stm32h7xx_hal_dcmi.o
    0x08000840   0x08000840   0x00000084   Code   RO         1600    .text.HAL_DCMI_Init  stm32h7xx_hal_dcmi.o
    0x080008c4   0x080008c4   0x00000002   Code   RO         1622    .text.HAL_DCMI_LineEventCallback  stm32h7xx_hal_dcmi.o
    0x080008c6   0x080008c6   0x00000002   PAD
    0x080008c8   0x080008c8   0x0000012c   Code   RO          198    .text.HAL_DCMI_MspInit  stm32h7xx_hal_msp.o
    0x080009f4   0x080009f4   0x00000002   Code   RO         1624    .text.HAL_DCMI_VsyncEventCallback  stm32h7xx_hal_dcmi.o
    0x080009f6   0x080009f6   0x00000002   PAD
    0x080009f8   0x080009f8   0x000001d4   Code   RO          770    .text.HAL_DMA_Abort_IT  stm32h7xx_hal_dma.o
    0x08000bcc   0x08000bcc   0x00000540   Code   RO          774    .text.HAL_DMA_IRQHandler  stm32h7xx_hal_dma.o
    0x0800110c   0x0800110c   0x0000036c   Code   RO          752    .text.HAL_DMA_Init  stm32h7xx_hal_dma.o
    0x08001478   0x08001478   0x00000020   Code   RO         1104    .text.HAL_Delay     stm32h7xx_hal.o
    0x08001498   0x08001498   0x00000002   Code   RO          712    .text.HAL_GPIO_EXTI_Callback  stm32h7xx_hal_gpio.o
    0x0800149a   0x0800149a   0x00000002   PAD
    0x0800149c   0x0800149c   0x00000014   Code   RO          710    .text.HAL_GPIO_EXTI_IRQHandler  stm32h7xx_hal_gpio.o
    0x080014b0   0x080014b0   0x00000188   Code   RO          698    .text.HAL_GPIO_Init  stm32h7xx_hal_gpio.o
    0x08001638   0x08001638   0x0000000a   Code   RO          704    .text.HAL_GPIO_WritePin  stm32h7xx_hal_gpio.o
    0x08001642   0x08001642   0x00000002   PAD
    0x08001644   0x08001644   0x0000000c   Code   RO         1112    .text.HAL_GetREVID  stm32h7xx_hal.o
    0x08001650   0x08001650   0x00000008   Code   RO         1096    .text.HAL_GetTick   stm32h7xx_hal.o
    0x08001658   0x08001658   0x0000003c   Code   RO         1550    .text.HAL_I2CEx_ConfigAnalogFilter  stm32h7xx_hal_i2c_ex.o
    0x08001694   0x08001694   0x0000003a   Code   RO         1552    .text.HAL_I2CEx_ConfigDigitalFilter  stm32h7xx_hal_i2c_ex.o
    0x080016ce   0x080016ce   0x00000002   PAD
    0x080016d0   0x080016d0   0x0000009c   Code   RO         1200    .text.HAL_I2C_Init  stm32h7xx_hal_i2c.o
    0x0800176c   0x0800176c   0x00000088   Code   RO          202    .text.HAL_I2C_MspInit  stm32h7xx_hal_msp.o
    0x080017f4   0x080017f4   0x00000018   Code   RO         1094    .text.HAL_IncTick   stm32h7xx_hal.o
    0x0800180c   0x0800180c   0x00000058   Code   RO         1084    .text.HAL_Init      stm32h7xx_hal.o
    0x08001864   0x08001864   0x00000088   Code   RO          220    .text.HAL_InitTick  stm32h7xx_hal_timebase_tim.o
    0x080018ec   0x080018ec   0x00000028   Code   RO          196    .text.HAL_MspInit   stm32h7xx_hal_msp.o
    0x08001914   0x08001914   0x0000001c   Code   RO         1038    .text.HAL_NVIC_EnableIRQ  stm32h7xx_hal_cortex.o
    0x08001930   0x08001930   0x00000038   Code   RO         1034    .text.HAL_NVIC_SetPriority  stm32h7xx_hal_cortex.o
    0x08001968   0x08001968   0x00000020   Code   RO         1032    .text.HAL_NVIC_SetPriorityGrouping  stm32h7xx_hal_cortex.o
    0x08001988   0x08001988   0x00000028   Code   RO          331    .text.HAL_PCDEx_ActivateLPM  stm32h7xx_hal_pcd_ex.o
    0x080019b0   0x080019b0   0x00000002   Code   RO          343    .text.HAL_PCDEx_LPM_Callback  stm32h7xx_hal_pcd_ex.o
    0x080019b2   0x080019b2   0x00000008   Code   RO          329    .text.HAL_PCDEx_SetRxFiFo  stm32h7xx_hal_pcd_ex.o
    0x080019ba   0x080019ba   0x00000040   Code   RO          327    .text.HAL_PCDEx_SetTxFiFo  stm32h7xx_hal_pcd_ex.o
    0x080019fa   0x080019fa   0x00000008   Code   RO           85    .text.HAL_PCD_ConnectCallback  usbd_conf.o
    0x08001a02   0x08001a02   0x00000012   Code   RO           71    .text.HAL_PCD_DataInStageCallback  usbd_conf.o
    0x08001a14   0x08001a14   0x00000014   Code   RO           69    .text.HAL_PCD_DataOutStageCallback  usbd_conf.o
    0x08001a28   0x08001a28   0x00000008   Code   RO           87    .text.HAL_PCD_DisconnectCallback  usbd_conf.o
    0x08001a30   0x08001a30   0x00000020   Code   RO          263    .text.HAL_PCD_EP_Abort  stm32h7xx_hal_pcd.o
    0x08001a50   0x08001a50   0x0000003c   Code   RO          281    .text.HAL_PCD_EP_Close  stm32h7xx_hal_pcd.o
    0x08001a8c   0x08001a8c   0x0000004e   Code   RO          291    .text.HAL_PCD_EP_ClrStall  stm32h7xx_hal_pcd.o
    0x08001ada   0x08001ada   0x0000004e   Code   RO          279    .text.HAL_PCD_EP_Open  stm32h7xx_hal_pcd.o
    0x08001b28   0x08001b28   0x00000038   Code   RO          283    .text.HAL_PCD_EP_Receive  stm32h7xx_hal_pcd.o
    0x08001b60   0x08001b60   0x0000006a   Code   RO          289    .text.HAL_PCD_EP_SetStall  stm32h7xx_hal_pcd.o
    0x08001bca   0x08001bca   0x00000034   Code   RO          287    .text.HAL_PCD_EP_Transmit  stm32h7xx_hal_pcd.o
    0x08001bfe   0x08001bfe   0x00000002   PAD
    0x08001c00   0x08001c00   0x00000726   Code   RO          247    .text.HAL_PCD_IRQHandler  stm32h7xx_hal_pcd.o
    0x08002326   0x08002326   0x00000008   Code   RO           83    .text.HAL_PCD_ISOINIncompleteCallback  usbd_conf.o
    0x0800232e   0x0800232e   0x00000008   Code   RO           81    .text.HAL_PCD_ISOOUTIncompleteCallback  usbd_conf.o
    0x08002336   0x08002336   0x00000144   Code   RO          235    .text.HAL_PCD_Init  stm32h7xx_hal_pcd.o
    0x0800247a   0x0800247a   0x00000002   PAD
    0x0800247c   0x0800247c   0x000000b8   Code   RO           63    .text.HAL_PCD_MspInit  usbd_conf.o
    0x08002534   0x08002534   0x0000002a   Code   RO           75    .text.HAL_PCD_ResetCallback  usbd_conf.o
    0x0800255e   0x0800255e   0x00000008   Code   RO           79    .text.HAL_PCD_ResumeCallback  usbd_conf.o
    0x08002566   0x08002566   0x00000008   Code   RO           73    .text.HAL_PCD_SOFCallback  usbd_conf.o
    0x0800256e   0x0800256e   0x0000001c   Code   RO          277    .text.HAL_PCD_SetAddress  stm32h7xx_hal_pcd.o
    0x0800258a   0x0800258a   0x0000000e   Code   RO           67    .text.HAL_PCD_SetupStageCallback  usbd_conf.o
    0x08002598   0x08002598   0x0000002e   Code   RO          243    .text.HAL_PCD_Start  stm32h7xx_hal_pcd.o
    0x080025c6   0x080025c6   0x00000002   PAD
    0x080025c8   0x080025c8   0x00000030   Code   RO           77    .text.HAL_PCD_SuspendCallback  usbd_conf.o
    0x080025f8   0x080025f8   0x00000040   Code   RO          940    .text.HAL_PWREx_ConfigSupply  stm32h7xx_hal_pwr_ex.o
    0x08002638   0x08002638   0x00000010   Code   RO          994    .text.HAL_PWREx_EnableUSBVoltageDetector  stm32h7xx_hal_pwr_ex.o
    0x08002648   0x08002648   0x000007cc   Code   RO          525    .text.HAL_RCCEx_PeriphCLKConfig  stm32h7xx_hal_rcc_ex.o
    0x08002e14   0x08002e14   0x0000020c   Code   RO          481    .text.HAL_RCC_ClockConfig  stm32h7xx_hal_rcc.o
    0x08003020   0x08003020   0x00000050   Code   RO          499    .text.HAL_RCC_GetClockConfig  stm32h7xx_hal_rcc.o
    0x08003070   0x08003070   0x0000003c   Code   RO          491    .text.HAL_RCC_GetHCLKFreq  stm32h7xx_hal_rcc.o
    0x080030ac   0x080030ac   0x0000001c   Code   RO          495    .text.HAL_RCC_GetPCLK2Freq  stm32h7xx_hal_rcc.o
    0x080030c8   0x080030c8   0x000000f4   Code   RO          483    .text.HAL_RCC_GetSysClockFreq  stm32h7xx_hal_rcc.o
    0x080031bc   0x080031bc   0x0000009c   Code   RO          485    .text.HAL_RCC_MCOConfig  stm32h7xx_hal_rcc.o
    0x08003258   0x08003258   0x000004b8   Code   RO          479    .text.HAL_RCC_OscConfig  stm32h7xx_hal_rcc.o
    0x08003710   0x08003710   0x00000170   Code   RO         1650    .text.HAL_SPI_Init  stm32h7xx_hal_spi.o
    0x08003880   0x08003880   0x00000114   Code   RO          206    .text.HAL_SPI_MspInit  stm32h7xx_hal_msp.o
    0x08003994   0x08003994   0x00000002   Code   RO         2329    .text.HAL_TIMEx_Break2Callback  stm32h7xx_hal_tim_ex.o
    0x08003996   0x08003996   0x00000002   Code   RO         2327    .text.HAL_TIMEx_BreakCallback  stm32h7xx_hal_tim_ex.o
    0x08003998   0x08003998   0x00000002   Code   RO         2323    .text.HAL_TIMEx_CommutCallback  stm32h7xx_hal_tim_ex.o
    0x0800399a   0x0800399a   0x0000001e   Code   RO         1844    .text.HAL_TIM_Base_Init  stm32h7xx_hal_tim.o
    0x080039b8   0x080039b8   0x00000002   Code   RO         1846    .text.HAL_TIM_Base_MspInit  stm32h7xx_hal_tim.o
    0x080039ba   0x080039ba   0x00000002   PAD
    0x080039bc   0x080039bc   0x00000084   Code   RO         1858    .text.HAL_TIM_Base_Start_IT  stm32h7xx_hal_tim.o
    0x08003a40   0x08003a40   0x00000002   Code   RO         1980    .text.HAL_TIM_IC_CaptureCallback  stm32h7xx_hal_tim.o
    0x08003a42   0x08003a42   0x00000140   Code   RO         1978    .text.HAL_TIM_IRQHandler  stm32h7xx_hal_tim.o
    0x08003b82   0x08003b82   0x00000002   Code   RO         1982    .text.HAL_TIM_OC_DelayElapsedCallback  stm32h7xx_hal_tim.o
    0x08003b84   0x08003b84   0x00000002   Code   RO         1984    .text.HAL_TIM_PWM_PulseFinishedCallback  stm32h7xx_hal_tim.o
    0x08003b86   0x08003b86   0x00000002   PAD
    0x08003b88   0x08003b88   0x00000014   Code   RO           21    .text.HAL_TIM_PeriodElapsedCallback  main.o
    0x08003b9c   0x08003b9c   0x00000002   Code   RO         1988    .text.HAL_TIM_TriggerCallback  stm32h7xx_hal_tim.o
    0x08003b9e   0x08003b9e   0x00000002   Code   RO          169    .text.HardFault_Handler  stm32h7xx_it.o
    0x08003ba0   0x08003ba0   0x0000002e   Code   RO          149    .text.IntToUnicode  usbd_desc.o
    0x08003bce   0x08003bce   0x00000002   PAD
    0x08003bd0   0x08003bd0   0x00000040   Code   RO           54    .text.MX_USB_DEVICE_Init  usb_device.o
    0x08003c10   0x08003c10   0x00000002   Code   RO          171    .text.MemManage_Handler  stm32h7xx_it.o
    0x08003c12   0x08003c12   0x00000002   Code   RO          167    .text.NMI_Handler   stm32h7xx_it.o
    0x08003c14   0x08003c14   0x0000000c   Code   RO          187    .text.OTG_FS_IRQHandler  stm32h7xx_it.o
    0x08003c20   0x08003c20   0x00000008   Code   RO           23    .text.OUTLINED_FUNCTION_0  main.o
    0x08003c28   0x08003c28   0x00000006   Code   RO          151    .text.OUTLINED_FUNCTION_0  usbd_desc.o
    0x08003c2e   0x08003c2e   0x0000000e   Code   RO          210    .text.OUTLINED_FUNCTION_0  stm32h7xx_hal_msp.o
    0x08003c3c   0x08003c3c   0x00000008   Code   RO          303    .text.OUTLINED_FUNCTION_0  stm32h7xx_hal_pcd.o
    0x08003c44   0x08003c44   0x00000006   Code   RO          505    .text.OUTLINED_FUNCTION_0  stm32h7xx_hal_rcc.o
    0x08003c4a   0x08003c4a   0x00000008   Code   RO         1020    .text.OUTLINED_FUNCTION_0  stm32h7xx_hal_pwr_ex.o
    0x08003c52   0x08003c52   0x00000018   Code   RO         1562    .text.OUTLINED_FUNCTION_0  stm32h7xx_hal_i2c_ex.o
    0x08003c6a   0x08003c6a   0x00000010   Code   RO         2990    .text.OUTLINED_FUNCTION_0  usbd_core.o
    0x08003c7a   0x08003c7a   0x00000006   Code   RO         3016    .text.OUTLINED_FUNCTION_0  usbd_ctlreq.o
    0x08003c80   0x08003c80   0x0000000a   Code   RO          305    .text.OUTLINED_FUNCTION_1  stm32h7xx_hal_pcd.o
    0x08003c8a   0x08003c8a   0x00000008   Code   RO          455    .text.OUTLINED_FUNCTION_1  stm32h7xx_ll_usb.o
    0x08003c92   0x08003c92   0x00000008   Code   RO          507    .text.OUTLINED_FUNCTION_1  stm32h7xx_hal_rcc.o
    0x08003c9a   0x08003c9a   0x0000000a   Code   RO          583    .text.OUTLINED_FUNCTION_1  stm32h7xx_hal_rcc_ex.o
    0x08003ca4   0x08003ca4   0x0000000e   Code   RO          786    .text.OUTLINED_FUNCTION_1  stm32h7xx_hal_dma.o
    0x08003cb2   0x08003cb2   0x00000006   Code   RO         1022    .text.OUTLINED_FUNCTION_1  stm32h7xx_hal_pwr_ex.o
    0x08003cb8   0x08003cb8   0x00000036   Code   RO         2082    .text.OUTLINED_FUNCTION_1  stm32h7xx_hal_tim.o
    0x08003cee   0x08003cee   0x0000000a   Code   RO         2992    .text.OUTLINED_FUNCTION_1  usbd_core.o
    0x08003cf8   0x08003cf8   0x00000006   Code   RO         3018    .text.OUTLINED_FUNCTION_1  usbd_ctlreq.o
    0x08003cfe   0x08003cfe   0x0000000a   Code   RO          601    .text.OUTLINED_FUNCTION_10  stm32h7xx_hal_rcc_ex.o
    0x08003d08   0x08003d08   0x0000000a   Code   RO          605    .text.OUTLINED_FUNCTION_12  stm32h7xx_hal_rcc_ex.o
    0x08003d12   0x08003d12   0x0000000a   Code   RO          607    .text.OUTLINED_FUNCTION_13  stm32h7xx_hal_rcc_ex.o
    0x08003d1c   0x08003d1c   0x0000000a   Code   RO          609    .text.OUTLINED_FUNCTION_14  stm32h7xx_hal_rcc_ex.o
    0x08003d26   0x08003d26   0x0000000a   Code   RO          613    .text.OUTLINED_FUNCTION_16  stm32h7xx_hal_rcc_ex.o
    0x08003d30   0x08003d30   0x00000008   Code   RO          615    .text.OUTLINED_FUNCTION_17  stm32h7xx_hal_rcc_ex.o
    0x08003d38   0x08003d38   0x00000008   Code   RO         1782    .text.OUTLINED_FUNCTION_17  stm32h7xx_hal_spi.o
    0x08003d40   0x08003d40   0x0000000a   Code   RO          617    .text.OUTLINED_FUNCTION_18  stm32h7xx_hal_rcc_ex.o
    0x08003d4a   0x08003d4a   0x00000008   Code   RO          619    .text.OUTLINED_FUNCTION_19  stm32h7xx_hal_rcc_ex.o
    0x08003d52   0x08003d52   0x00000008   Code   RO          307    .text.OUTLINED_FUNCTION_2  stm32h7xx_hal_pcd.o
    0x08003d5a   0x08003d5a   0x00000010   Code   RO          509    .text.OUTLINED_FUNCTION_2  stm32h7xx_hal_rcc.o
    0x08003d6a   0x08003d6a   0x00000010   Code   RO          585    .text.OUTLINED_FUNCTION_2  stm32h7xx_hal_rcc_ex.o
    0x08003d7a   0x08003d7a   0x00000008   Code   RO          788    .text.OUTLINED_FUNCTION_2  stm32h7xx_hal_dma.o
    0x08003d82   0x08003d82   0x0000000a   Code   RO         2994    .text.OUTLINED_FUNCTION_2  usbd_core.o
    0x08003d8c   0x08003d8c   0x00000006   Code   RO         3020    .text.OUTLINED_FUNCTION_2  usbd_ctlreq.o
    0x08003d92   0x08003d92   0x00000006   Code   RO          621    .text.OUTLINED_FUNCTION_20  stm32h7xx_hal_rcc_ex.o
    0x08003d98   0x08003d98   0x0000000a   Code   RO         2134    .text.OUTLINED_FUNCTION_27  stm32h7xx_hal_tim.o
    0x08003da2   0x08003da2   0x0000000a   Code   RO         1806    .text.OUTLINED_FUNCTION_29  stm32h7xx_hal_spi.o
    0x08003dac   0x08003dac   0x00000008   Code   RO          309    .text.OUTLINED_FUNCTION_3  stm32h7xx_hal_pcd.o
    0x08003db4   0x08003db4   0x00000012   Code   RO          459    .text.OUTLINED_FUNCTION_3  stm32h7xx_ll_usb.o
    0x08003dc6   0x08003dc6   0x00000010   Code   RO          511    .text.OUTLINED_FUNCTION_3  stm32h7xx_hal_rcc.o
    0x08003dd6   0x08003dd6   0x0000000a   Code   RO          587    .text.OUTLINED_FUNCTION_3  stm32h7xx_hal_rcc_ex.o
    0x08003de0   0x08003de0   0x00000010   Code   RO          790    .text.OUTLINED_FUNCTION_3  stm32h7xx_hal_dma.o
    0x08003df0   0x08003df0   0x00000008   Code   RO         2743    .text.OUTLINED_FUNCTION_3  tasks.o
    0x08003df8   0x08003df8   0x0000000a   Code   RO         3022    .text.OUTLINED_FUNCTION_3  usbd_ctlreq.o
    0x08003e02   0x08003e02   0x00000014   Code   RO         2142    .text.OUTLINED_FUNCTION_31  stm32h7xx_hal_tim.o
    0x08003e16   0x08003e16   0x0000000a   Code   RO          311    .text.OUTLINED_FUNCTION_4  stm32h7xx_hal_pcd.o
    0x08003e20   0x08003e20   0x00000008   Code   RO          513    .text.OUTLINED_FUNCTION_4  stm32h7xx_hal_rcc.o
    0x08003e28   0x08003e28   0x00000010   Code   RO          792    .text.OUTLINED_FUNCTION_4  stm32h7xx_hal_dma.o
    0x08003e38   0x08003e38   0x00000006   Code   RO         2745    .text.OUTLINED_FUNCTION_4  tasks.o
    0x08003e3e   0x08003e3e   0x00000008   Code   RO          313    .text.OUTLINED_FUNCTION_5  stm32h7xx_hal_pcd.o
    0x08003e46   0x08003e46   0x00000010   Code   RO          463    .text.OUTLINED_FUNCTION_5  stm32h7xx_ll_usb.o
    0x08003e56   0x08003e56   0x0000000a   Code   RO          515    .text.OUTLINED_FUNCTION_5  stm32h7xx_hal_rcc.o
    0x08003e60   0x08003e60   0x00000008   Code   RO         2184    .text.OUTLINED_FUNCTION_52  stm32h7xx_hal_tim.o
    0x08003e68   0x08003e68   0x0000000a   Code   RO         2194    .text.OUTLINED_FUNCTION_57  stm32h7xx_hal_tim.o
    0x08003e72   0x08003e72   0x0000000c   Code   RO         2198    .text.OUTLINED_FUNCTION_59  stm32h7xx_hal_tim.o
    0x08003e7e   0x08003e7e   0x0000000c   Code   RO          315    .text.OUTLINED_FUNCTION_6  stm32h7xx_hal_pcd.o
    0x08003e8a   0x08003e8a   0x00000032   Code   RO          593    .text.OUTLINED_FUNCTION_6  stm32h7xx_hal_rcc_ex.o
    0x08003ebc   0x08003ebc   0x00000006   Code   RO          796    .text.OUTLINED_FUNCTION_6  stm32h7xx_hal_dma.o
    0x08003ec2   0x08003ec2   0x00000006   Code   RO         2208    .text.OUTLINED_FUNCTION_64  stm32h7xx_hal_tim.o
    0x08003ec8   0x08003ec8   0x0000000e   Code   RO          317    .text.OUTLINED_FUNCTION_7  stm32h7xx_hal_pcd.o
    0x08003ed6   0x08003ed6   0x00000016   Code   RO          467    .text.OUTLINED_FUNCTION_7  stm32h7xx_ll_usb.o
    0x08003eec   0x08003eec   0x0000000a   Code   RO          597    .text.OUTLINED_FUNCTION_8  stm32h7xx_hal_rcc_ex.o
    0x08003ef6   0x08003ef6   0x0000000e   Code   RO          800    .text.OUTLINED_FUNCTION_8  stm32h7xx_hal_dma.o
    0x08003f04   0x08003f04   0x0000000a   Code   RO          599    .text.OUTLINED_FUNCTION_9  stm32h7xx_hal_rcc_ex.o
    0x08003f0e   0x08003f0e   0x0000000e   Code   RO         2098    .text.OUTLINED_FUNCTION_9  stm32h7xx_hal_tim.o
    0x08003f1c   0x08003f1c   0x0000000a   Code   RO         1540    .text.OUTLINED_FUNCTION_91  stm32h7xx_hal_i2c.o
    0x08003f26   0x08003f26   0x0000000a   PAD
    0x08003f30   0x08003f30   0x00000064   Code   RO         2914    .text.PendSV_Handler  port.o
    0x08003f94   0x08003f94   0x000000c0   Code   RO          527    .text.RCCEx_PLL2_Config  stm32h7xx_hal_rcc_ex.o
    0x08004054   0x08004054   0x000000c0   Code   RO          529    .text.RCCEx_PLL3_Config  stm32h7xx_hal_rcc_ex.o
    0x08004114   0x08004114   0x0000000c   PAD
    0x08004120   0x08004120   0x00000024   Code   RO         2910    .text.SVC_Handler   port.o
    0x08004144   0x08004144   0x0000000e   Code   RO           15    .text.StartDefaultTask  main.o
    0x08004152   0x08004152   0x0000000a   Code   RO           17    .text.StartIRCameraTask  main.o
    0x0800415c   0x0800415c   0x0000002c   Code   RO         2928    .text.SysTick_Handler  port.o
    0x08004188   0x08004188   0x000000b8   Code   RO           13    .text.SystemClock_Config  main.o
    0x08004240   0x08004240   0x00000074   Code   RO         2407    .text.SystemInit    system_stm32h7xx.o
    0x080042b4   0x080042b4   0x0000000c   Code   RO          183    .text.TIM1_UP_IRQHandler  stm32h7xx_it.o
    0x080042c0   0x080042c0   0x000000c8   Code   RO         1848    .text.TIM_Base_SetConfig  stm32h7xx_hal_tim.o
    0x08004388   0x08004388   0x00000012   Code   RO         2956    .text.USBD_ClrClassConfig  usbd_core.o
    0x0800439a   0x0800439a   0x00000004   Code   RO         2964    .text.USBD_CoreFindEP  usbd_core.o
    0x0800439e   0x0800439e   0x00000004   Code   RO         2962    .text.USBD_CoreFindIF  usbd_core.o
    0x080043a2   0x080043a2   0x00000010   Code   RO         3039    .text.USBD_CtlContinueRx  usbd_ioreq.o
    0x080043b2   0x080043b2   0x00000010   Code   RO         3035    .text.USBD_CtlContinueSendData  usbd_ioreq.o
    0x080043c2   0x080043c2   0x00000016   Code   RO         3006    .text.USBD_CtlError  usbd_ctlreq.o
    0x080043d8   0x080043d8   0x00000016   Code   RO         3043    .text.USBD_CtlReceiveStatus  usbd_ioreq.o
    0x080043ee   0x080043ee   0x0000001a   Code   RO         3033    .text.USBD_CtlSendData  usbd_ioreq.o
    0x08004408   0x08004408   0x00000016   Code   RO         3041    .text.USBD_CtlSendStatus  usbd_ioreq.o
    0x0800441e   0x0800441e   0x00000002   PAD
    0x08004420   0x08004420   0x0000001c   Code   RO          145    .text.USBD_FS_ConfigStrDescriptor  usbd_desc.o
    0x0800443c   0x0800443c   0x0000000c   Code   RO          135    .text.USBD_FS_DeviceDescriptor  usbd_desc.o
    0x08004448   0x08004448   0x00000020   Code   RO          147    .text.USBD_FS_InterfaceStrDescriptor  usbd_desc.o
    0x08004468   0x08004468   0x0000000c   Code   RO          137    .text.USBD_FS_LangIDStrDescriptor  usbd_desc.o
    0x08004474   0x08004474   0x00000024   Code   RO          139    .text.USBD_FS_ManufacturerStrDescriptor  usbd_desc.o
    0x08004498   0x08004498   0x0000002c   Code   RO          141    .text.USBD_FS_ProductStrDescriptor  usbd_desc.o
    0x080044c4   0x080044c4   0x00000034   Code   RO          143    .text.USBD_FS_SerialStrDescriptor  usbd_desc.o
    0x080044f8   0x080044f8   0x0000002a   Code   RO         2986    .text.USBD_GetEpDesc  usbd_core.o
    0x08004522   0x08004522   0x0000003a   Code   RO         3014    .text.USBD_GetString  usbd_ctlreq.o
    0x0800455c   0x0800455c   0x00000018   Code   RO           93    .text.USBD_Get_USB_Status  usbd_conf.o
    0x08004574   0x08004574   0x00000014   Code   RO         3061    .text.USBD_HID_DataIn  usbd_hid.o
    0x08004588   0x08004588   0x00000030   Code   RO         3057    .text.USBD_HID_DeInit  usbd_hid.o
    0x080045b8   0x080045b8   0x0000000c   Code   RO         3069    .text.USBD_HID_GetDeviceQualifierDesc  usbd_hid.o
    0x080045c4   0x080045c4   0x0000001c   Code   RO         3065    .text.USBD_HID_GetFSCfgDesc  usbd_hid.o
    0x080045e0   0x080045e0   0x0000001c   Code   RO         3063    .text.USBD_HID_GetHSCfgDesc  usbd_hid.o
    0x080045fc   0x080045fc   0x00000020   Code   RO         3067    .text.USBD_HID_GetOtherSpeedCfgDesc  usbd_hid.o
    0x0800461c   0x0800461c   0x0000004a   Code   RO         3055    .text.USBD_HID_Init  usbd_hid.o
    0x08004666   0x08004666   0x00000002   PAD
    0x08004668   0x08004668   0x000000d4   Code   RO         3059    .text.USBD_HID_Setup  usbd_hid.o
    0x0800473c   0x0800473c   0x00000026   Code   RO         2942    .text.USBD_Init     usbd_core.o
    0x08004762   0x08004762   0x00000012   Code   RO          107    .text.USBD_LL_ClearStallEP  usbd_conf.o
    0x08004774   0x08004774   0x00000012   Code   RO          101    .text.USBD_LL_CloseEP  usbd_conf.o
    0x08004786   0x08004786   0x000000a2   Code   RO         2966    .text.USBD_LL_DataInStage  usbd_core.o
    0x08004828   0x08004828   0x00000064   Code   RO         2960    .text.USBD_LL_DataOutStage  usbd_core.o
    0x0800488c   0x0800488c   0x00000004   Code   RO         2982    .text.USBD_LL_DevConnected  usbd_core.o
    0x08004890   0x08004890   0x00000020   Code   RO         2984    .text.USBD_LL_DevDisconnected  usbd_core.o
    0x080048b0   0x080048b0   0x00000064   Code   RO           89    .text.USBD_LL_Init  usbd_conf.o
    0x08004914   0x08004914   0x00000020   Code   RO          109    .text.USBD_LL_IsStallEP  usbd_conf.o
    0x08004934   0x08004934   0x0000001e   Code   RO         2978    .text.USBD_LL_IsoINIncomplete  usbd_core.o
    0x08004952   0x08004952   0x0000001e   Code   RO         2980    .text.USBD_LL_IsoOUTIncomplete  usbd_core.o
    0x08004970   0x08004970   0x00000018   Code   RO           99    .text.USBD_LL_OpenEP  usbd_conf.o
    0x08004988   0x08004988   0x00000012   Code   RO          115    .text.USBD_LL_PrepareReceive  usbd_conf.o
    0x0800499a   0x0800499a   0x00000060   Code   RO         2968    .text.USBD_LL_Reset  usbd_core.o
    0x080049fa   0x080049fa   0x00000014   Code   RO         2974    .text.USBD_LL_Resume  usbd_core.o
    0x08004a0e   0x08004a0e   0x0000001a   Code   RO         2976    .text.USBD_LL_SOF   usbd_core.o
    0x08004a28   0x08004a28   0x00000006   Code   RO         2970    .text.USBD_LL_SetSpeed  usbd_core.o
    0x08004a2e   0x08004a2e   0x00000012   Code   RO          111    .text.USBD_LL_SetUSBAddress  usbd_conf.o
    0x08004a40   0x08004a40   0x00000060   Code   RO         2958    .text.USBD_LL_SetupStage  usbd_core.o
    0x08004aa0   0x08004aa0   0x00000012   Code   RO          105    .text.USBD_LL_StallEP  usbd_conf.o
    0x08004ab2   0x08004ab2   0x00000012   Code   RO           95    .text.USBD_LL_Start  usbd_conf.o
    0x08004ac4   0x08004ac4   0x0000001a   Code   RO         2972    .text.USBD_LL_Suspend  usbd_core.o
    0x08004ade   0x08004ade   0x00000012   Code   RO          113    .text.USBD_LL_Transmit  usbd_conf.o
    0x08004af0   0x08004af0   0x00000016   Code   RO         3012    .text.USBD_ParseSetupRequest  usbd_ctlreq.o
    0x08004b06   0x08004b06   0x0000003c   Code   RO         2946    .text.USBD_RegisterClass  usbd_core.o
    0x08004b42   0x08004b42   0x0000000e   Code   RO         2954    .text.USBD_SetClassConfig  usbd_core.o
    0x08004b50   0x08004b50   0x00000004   Code   RO         2948    .text.USBD_Start    usbd_core.o
    0x08004b54   0x08004b54   0x000002bc   Code   RO         3004    .text.USBD_StdDevReq  usbd_ctlreq.o
    0x08004e10   0x08004e10   0x00000144   Code   RO         3010    .text.USBD_StdEPReq  usbd_ctlreq.o
    0x08004f54   0x08004f54   0x00000060   Code   RO         3008    .text.USBD_StdItfReq  usbd_ctlreq.o
    0x08004fb4   0x08004fb4   0x00000002   Code   RO          121    .text.USBD_static_free  usbd_conf.o
    0x08004fb6   0x08004fb6   0x00000002   PAD
    0x08004fb8   0x08004fb8   0x00000008   Code   RO          119    .text.USBD_static_malloc  usbd_conf.o
    0x08004fc0   0x08004fc0   0x00000070   Code   RO          379    .text.USB_ActivateEndpoint  stm32h7xx_ll_usb.o
    0x08005030   0x08005030   0x0000001a   Code   RO          421    .text.USB_ActivateSetup  stm32h7xx_ll_usb.o
    0x0800504a   0x0800504a   0x00000002   PAD
    0x0800504c   0x0800504c   0x00000088   Code   RO          355    .text.USB_CoreInit  stm32h7xx_ll_usb.o
    0x080050d4   0x080050d4   0x00000048   Code   RO          357    .text.USB_CoreReset  stm32h7xx_ll_usb.o
    0x0800511c   0x0800511c   0x0000006c   Code   RO          383    .text.USB_DeactivateEndpoint  stm32h7xx_ll_usb.o
    0x08005188   0x08005188   0x00000018   Code   RO          403    .text.USB_DevConnect  stm32h7xx_ll_usb.o
    0x080051a0   0x080051a0   0x00000018   Code   RO          405    .text.USB_DevDisconnect  stm32h7xx_ll_usb.o
    0x080051b8   0x080051b8   0x0000017c   Code   RO          369    .text.USB_DevInit   stm32h7xx_ll_usb.o
    0x08005334   0x08005334   0x0000000c   Code   RO          363    .text.USB_DisableGlobalInt  stm32h7xx_ll_usb.o
    0x08005340   0x08005340   0x00000058   Code   RO          423    .text.USB_EP0_OutStart  stm32h7xx_ll_usb.o
    0x08005398   0x08005398   0x00000030   Code   RO          397    .text.USB_EPClearStall  stm32h7xx_ll_usb.o
    0x080053c8   0x080053c8   0x00000036   Code   RO          395    .text.USB_EPSetStall  stm32h7xx_ll_usb.o
    0x080053fe   0x080053fe   0x00000002   PAD
    0x08005400   0x08005400   0x000001a4   Code   RO          387    .text.USB_EPStartXfer  stm32h7xx_ll_usb.o
    0x080055a4   0x080055a4   0x0000006c   Code   RO          391    .text.USB_EPStopXfer  stm32h7xx_ll_usb.o
    0x08005610   0x08005610   0x0000000c   Code   RO          361    .text.USB_EnableGlobalInt  stm32h7xx_ll_usb.o
    0x0800561c   0x0800561c   0x00000040   Code   RO          375    .text.USB_FlushRxFifo  stm32h7xx_ll_usb.o
    0x0800565c   0x0800565c   0x00000048   Code   RO          373    .text.USB_FlushTxFifo  stm32h7xx_ll_usb.o
    0x080056a4   0x080056a4   0x0000001e   Code   RO          377    .text.USB_GetDevSpeed  stm32h7xx_ll_usb.o
    0x080056c2   0x080056c2   0x00000008   Code   RO          367    .text.USB_GetMode   stm32h7xx_ll_usb.o
    0x080056ca   0x080056ca   0x0000000e   Code   RO          413    .text.USB_ReadDevAllInEpInterrupt  stm32h7xx_ll_usb.o
    0x080056d8   0x080056d8   0x0000000e   Code   RO          411    .text.USB_ReadDevAllOutEpInterrupt  stm32h7xx_ll_usb.o
    0x080056e6   0x080056e6   0x00000024   Code   RO          417    .text.USB_ReadDevInEPInterrupt  stm32h7xx_ll_usb.o
    0x0800570a   0x0800570a   0x00000010   Code   RO          415    .text.USB_ReadDevOutEPInterrupt  stm32h7xx_ll_usb.o
    0x0800571a   0x0800571a   0x00000008   Code   RO          407    .text.USB_ReadInterrupts  stm32h7xx_ll_usb.o
    0x08005722   0x08005722   0x00000036   Code   RO          393    .text.USB_ReadPacket  stm32h7xx_ll_usb.o
    0x08005758   0x08005758   0x00000062   Code   RO          365    .text.USB_SetCurrentMode  stm32h7xx_ll_usb.o
    0x080057ba   0x080057ba   0x00000020   Code   RO          401    .text.USB_SetDevAddress  stm32h7xx_ll_usb.o
    0x080057da   0x080057da   0x00000002   PAD
    0x080057dc   0x080057dc   0x000000f0   Code   RO          359    .text.USB_SetTurnaroundTime  stm32h7xx_ll_usb.o
    0x080058cc   0x080058cc   0x00000022   Code   RO          389    .text.USB_WritePacket  stm32h7xx_ll_usb.o
    0x080058ee   0x080058ee   0x00000002   Code   RO          175    .text.UsageFault_Handler  stm32h7xx_it.o
    0x080058f0   0x080058f0   0x00000024   Code   RO         1036    .text.__NVIC_SetPriority  stm32h7xx_hal_cortex.o
    0x08005914   0x08005914   0x000002c0   Code   RO           11    .text.main          main.o
    0x08005bd4   0x08005bd4   0x00000010   Code   RO         2780    .text.osDelay       cmsis_os.o
    0x08005be4   0x08005be4   0x0000000a   Code   RO         2762    .text.osKernelStart  cmsis_os.o
    0x08005bee   0x08005bee   0x00000054   Code   RO         2768    .text.osThreadCreate  cmsis_os.o
    0x08005c42   0x08005c42   0x00000002   PAD
    0x08005c44   0x08005c44   0x00000090   Code   RO         2641    .text.prvAddCurrentTaskToDelayedList  tasks.o
    0x08005cd4   0x08005cd4   0x000000e4   Code   RO         2627    .text.prvAddNewTaskToReadyList  tasks.o
    0x08005db8   0x08005db8   0x00000030   Code   RO         2669    .text.prvCheckTasksWaitingTermination  tasks.o
    0x08005de8   0x08005de8   0x00000036   Code   RO         2635    .text.prvDeleteTCB  tasks.o
    0x08005e1e   0x08005e1e   0x00000002   PAD
    0x08005e20   0x08005e20   0x00000028   Code   RO         2735    .text.prvIdleTask   tasks.o
    0x08005e48   0x08005e48   0x00000088   Code   RO         2733    .text.prvInitialiseNewTask  tasks.o
    0x08005ed0   0x08005ed0   0x00000028   Code   RO         2920    .text.prvPortStartFirstTask  port.o
    0x08005ef8   0x08005ef8   0x0000001c   Code   RO         2633    .text.prvResetNextTaskUnblockTime  tasks.o
    0x08005f14   0x08005f14   0x0000002c   Code   RO         2908    .text.prvTaskExitError  port.o
    0x08005f40   0x08005f40   0x00000180   Code   RO         2880    .text.pvPortMalloc  heap_4.o
    0x080060c0   0x080060c0   0x00000024   Code   RO         2906    .text.pxPortInitialiseStack  port.o
    0x080060e4   0x080060e4   0x00000020   Code   RO         2462    .text.uxListRemove  list.o
    0x08006104   0x08006104   0x00000018   Code   RO           43    .text.vApplicationGetIdleTaskMemory  freertos.o
    0x0800611c   0x0800611c   0x00000016   Code   RO         2454    .text.vListInitialise  list.o
    0x08006132   0x08006132   0x00000006   Code   RO         2456    .text.vListInitialiseItem  list.o
    0x08006138   0x08006138   0x0000002e   Code   RO         2460    .text.vListInsert   list.o
    0x08006166   0x08006166   0x00000002   PAD
    0x08006168   0x08006168   0x00000014   Code   RO         2918    .text.vPortEnableVFP  port.o
    0x0800617c   0x0800617c   0x0000003c   Code   RO         2924    .text.vPortEnterCritical  port.o
    0x080061b8   0x080061b8   0x0000002c   Code   RO         2926    .text.vPortExitCritical  port.o
    0x080061e4   0x080061e4   0x000000ec   Code   RO         2882    .text.vPortFree     heap_4.o
    0x080062d0   0x080062d0   0x00000028   Code   RO         2916    .text.vPortSetupTimerInterrupt  port.o
    0x080062f8   0x080062f8   0x00000048   Code   RO         2637    .text.vTaskDelay    tasks.o
    0x08006340   0x08006340   0x0000006c   Code   RO         2665    .text.vTaskStartScheduler  tasks.o
    0x080063ac   0x080063ac   0x0000000c   Code   RO         2639    .text.vTaskSuspendAll  tasks.o
    0x080063b8   0x080063b8   0x00000060   Code   RO         2657    .text.vTaskSwitchContext  tasks.o
    0x08006418   0x08006418   0x0000015c   Code   RO         2912    .text.xPortStartScheduler  port.o
    0x08006574   0x08006574   0x0000005e   Code   RO         2629    .text.xTaskCreate   tasks.o
    0x080065d2   0x080065d2   0x00000092   Code   RO         2625    .text.xTaskCreateStatic  tasks.o
    0x08006664   0x08006664   0x00000154   Code   RO         2671    .text.xTaskIncrementTick  tasks.o
    0x080067b8   0x080067b8   0x00000124   Code   RO         2643    .text.xTaskResumeAll  tasks.o
    0x080068dc   0x080068dc   0x0000001a   Code   RO         3187    x$fpl$fpinit        fz_wv.l(fpinit.o)
    0x080068f6   0x080068f6   0x00000002   PAD
    0x080068f8   0x080068f8   0x0000001c   Data   RO           26    .rodata..L__const.main.os_thread_def_defaultTask  main.o
    0x08006914   0x08006914   0x0000001c   Data   RO           27    .rodata..L__const.main.os_thread_def_irCameraTask  main.o
    0x08006930   0x08006930   0x00000010   Data   RO         2411    .rodata.D1CorePrescTable  system_stm32h7xx.o
    0x08006940   0x08006940   0x00000019   Data   RO           25    .rodata.str1.1      main.o
    0x08006959   0x08006959   0x00000003   PAD
    0x0800695c   0x0800695c   0x00000004   Data   RO         2749    .rodata.uxTopUsedPriority  tasks.o
    0x08006960   0x08006960   0x00000020   Data   RO         3262    Region$$Table       anon$$obj.o


    Execution Region RW_IRAM1 (Exec base: 0x20000000, Load base: 0x08006980, Size: 0x00000000, Max: 0x00020000, ABSOLUTE)

    **** No section assigned to this execution region ****


    Execution Region RW_IRAM2 (Exec base: 0x24000000, Load base: 0x08006980, Size: 0x0000a248, Max: 0x00080000, ABSOLUTE)

    Exec Addr    Load Addr    Size         Type   Attr      Idx    E Section Name        Object

    0x24000000   0x08006980   0x00000008   Data   RW         1191    .data..L_MergedGlobals  stm32h7xx_hal.o
    0x24000008   0x08006988   0x00000008   Data   RW         2412    .data..L_MergedGlobals  system_stm32h7xx.o
    0x24000010   0x08006990   0x00000056   Data   RW         3078    .data..L_MergedGlobals  usbd_hid.o
    0x24000066   0x080069e6   0x00000002   PAD
    0x24000068   0x080069e8   0x00000020   Data   RW          153    .data.FS_Desc       usbd_desc.o
    0x24000088   0x08006a08   0x00000012   Data   RW          154    .data.USBD_FS_DeviceDesc  usbd_desc.o
    0x2400009a   0x08006a1a   0x00000002   PAD
    0x2400009c   0x08006a1c   0x00000038   Data   RW         3075    .data.USBD_HID      usbd_hid.o
    0x240000d4   0x08006a54   0x00000022   Data   RW         3076    .data.USBD_HID_CfgDesc  usbd_hid.o
    0x240000f6   0x08006a76   0x00000002   PAD
    0x240000f8   0x08006a78   0x0000000a   Data   RW         3077    .data.USBD_HID_DeviceQualifierDesc  usbd_hid.o
    0x24000102   0x08006a82   0x00000002   PAD
    0x24000104   0x08006a84   0x00000004   Data   RW          156    .data.USBD_LangIDDesc  usbd_desc.o
    0x24000108   0x08006a88   0x0000001a   Data   RW          157    .data.USBD_StringSerial  usbd_desc.o
    0x24000122   0x08006aa2   0x00000002   PAD
    0x24000124   0x08006aa4   0x00000004   Data   RW         2932    .data.uxCriticalNesting  port.o
    0x24000128        -       0x00000060   Zero   RW         3129    .bss                c_w.l(libspace.o)
    0x24000188        -       0x00000058   Zero   RW           34    .bss..L_MergedGlobals  main.o
    0x240001e0        -       0x00000074   Zero   RW         2751    .bss..L_MergedGlobals  tasks.o
    0x24000254        -       0x0000001c   Zero   RW         2897    .bss..L_MergedGlobals  heap_4.o
    0x24000270        -       0x00000008   Zero   RW         2933    .bss..L_MergedGlobals  port.o
    0x24000278        -       0x00000028   Zero   RW         2752    .bss..L_MergedGlobals.1  tasks.o
    0x240002a0        -       0x00000001   Zero   RW         3024    .bss.USBD_SetConfig.cfgidx  usbd_ctlreq.o
    0x240002a1   0x08006aa8   0x00000003   PAD
    0x240002a4        -       0x00000200   Zero   RW          158    .bss.USBD_StrDesc   usbd_desc.o
    0x240004a4        -       0x00000014   Zero   RW          126    .bss.USBD_static_malloc.mem  usbd_conf.o
    0x240004b8        -       0x000002dc   Zero   RW           56    .bss.hUsbDeviceFS   usb_device.o
    0x24000794        -       0x00000078   Zero   RW           28    .bss.hdma_dcmi      main.o
    0x2400080c        -       0x00000078   Zero   RW           32    .bss.hdma_memtomem_dma1_stream1  main.o
    0x24000884        -       0x00000054   Zero   RW           29    .bss.hi2c2          main.o
    0x240008d8        -       0x0000050c   Zero   RW          125    .bss.hpcd_USB_OTG_FS  usbd_conf.o
    0x24000de4        -       0x00000088   Zero   RW           30    .bss.hspi1          main.o
    0x24000e6c        -       0x00000088   Zero   RW           31    .bss.hspi4          main.o
    0x24000ef4        -       0x0000004c   Zero   RW          226    .bss.htim1          stm32h7xx_hal_timebase_tim.o
    0x24000f40        -       0x00000004   Zero   RW         2747    .bss.pxCurrentTCB   tasks.o
    0x24000f44        -       0x0000008c   Zero   RW         2748    .bss.pxReadyTasksLists  tasks.o
    0x24000fd0        -       0x00008a20   Zero   RW         2896    .bss.ucHeap         heap_4.o
    0x240099f0        -       0x00000004   Zero   RW         1190    .bss.uwTick         stm32h7xx_hal.o
    0x240099f4        -       0x00000200   Zero   RW           46    .bss.xIdleStack     freertos.o
    0x24009bf4        -       0x00000054   Zero   RW           45    .bss.xIdleTaskTCBBuffer  freertos.o
    0x24009c48        -       0x00000200   Zero   RW            2    HEAP                startup_stm32h750xx.o
    0x24009e48        -       0x00000400   Zero   RW            1    STACK               startup_stm32h750xx.o


==============================================================================

Image component sizes


      Code (inc. data)   RO Data    RW Data    ZI Data      Debug   Object Name

       110          0          0          0          0      20836   cmsis_os.o
        24          8          0          0        596       1611   freertos.o
       620          8          0          0      35388       5738   heap_4.o
       106          0          0          0          0       2187   list.o
       942         72         81          0        684      19220   main.o
       812         68          0          4          8       4180   port.o
        64         26        664          0       1536        816   startup_stm32h750xx.o
       164         28          0          8          4      15076   stm32h7xx_hal.o
       152         20          0          0          0      12262   stm32h7xx_hal_cortex.o
       320          8          0          0          0       8966   stm32h7xx_hal_dcmi.o
      3258        476          0          0          0      15532   stm32h7xx_hal_dma.o
       424         20          0          0          0       6944   stm32h7xx_hal_gpio.o
       166          4          0          0          0      44529   stm32h7xx_hal_i2c.o
       142          0          0          0          0       7690   stm32h7xx_hal_i2c_ex.o
       766         52          0          0          0      15651   stm32h7xx_hal_msp.o
      2768          4          0          0          0      16246   stm32h7xx_hal_pcd.o
       114          4          0          0          0       5916   stm32h7xx_hal_pcd_ex.o
        94          4          0          0          0      10789   stm32h7xx_hal_pwr_ex.o
      2364         72          0          0          0      11759   stm32h7xx_hal_rcc.o
      2568         98          0          0          0      18628   stm32h7xx_hal_rcc_ex.o
       386          8          0          0          0      23415   stm32h7xx_hal_spi.o
       826         60          0          0          0      52600   stm32h7xx_hal_tim.o
         6          0          0          0          0      23336   stm32h7xx_hal_tim_ex.o
       136         20          0          0         76       9753   stm32h7xx_hal_timebase_tim.o
        66         16          0          0          0       8571   stm32h7xx_it.o
      2408        112          0          0          0      24362   stm32h7xx_ll_usb.o
       116         20         16          8          0       4749   system_stm32h7xx.o
      1852         72          4          0        300      32167   tasks.o
        64         12          0          0        732       3150   usb_device.o
       690         32          0          0       1312      21229   usbd_conf.o
       848          0          0          0          0      10509   usbd_core.o
      1250         46          0          0          1       9014   usbd_ctlreq.o
       268         92          0         80        512       3611   usbd_desc.o
       454         34          0        186          0       7391   usbd_hid.o
       102          0          0          0          0       4685   usbd_ioreq.o

    ----------------------------------------------------------------------
     25514       1496        800        296      41152     483118   Object Totals
         0          0         32          0          0          0   (incl. Generated)
        64          0          3         10          3          0   (incl. Padding)

    ----------------------------------------------------------------------

      Code (inc. data)   RO Data    RW Data    ZI Data      Debug   Library Member Name

         8          0          0          0          0         68   __main.o
         0          0          0          0          0          0   __rtentry.o
        12          0          0          0          0          0   __rtentry2.o
         6          0          0          0          0          0   __rtentry4.o
        52          8          0          0          0          0   __scatter.o
        26          0          0          0          0          0   __scatter_copy.o
        28          0          0          0          0          0   __scatter_zi.o
        18          0          0          0          0         80   exit.o
         6          0          0          0          0        152   heapauxi.o
         0          0          0          0          0          0   indicate_semi.o
         2          0          0          0          0          0   libinit.o
         6          0          0          0          0          0   libinit2.o
         2          0          0          0          0          0   libshutdown.o
         2          0          0          0          0          0   libshutdown2.o
         8          4          0          0         96         68   libspace.o
        68          0          0          0          0         68   rt_memclr.o
        78          0          0          0          0         80   rt_memclr_w.o
       138          0          0          0          0         68   rt_memcpy_v6.o
       100          0          0          0          0         80   rt_memcpy_w.o
         2          0          0          0          0          0   rtexit.o
        10          0          0          0          0          0   rtexit2.o
        12          4          0          0          0         68   sys_exit.o
        74          0          0          0          0         80   sys_stackheap_outer.o
         2          0          0          0          0         68   use_no_semi.o
        26          0          0          0          0        116   fpinit.o

    ----------------------------------------------------------------------
       694         16          0          0         96        996   Library Totals
         8          0          0          0          0          0   (incl. Padding)

    ----------------------------------------------------------------------

      Code (inc. data)   RO Data    RW Data    ZI Data      Debug   Library Name

       660         16          0          0         96        880   c_w.l
        26          0          0          0          0        116   fz_wv.l

    ----------------------------------------------------------------------
       694         16          0          0         96        996   Library Totals

    ----------------------------------------------------------------------

==============================================================================


      Code (inc. data)   RO Data    RW Data    ZI Data      Debug   

     26208       1512        800        296      41248     483090   Grand Totals
     26208       1512        800        296      41248     483090   ELF Image Totals
     26208       1512        800        296          0          0   ROM Totals

==============================================================================

    Total RO  Size (Code + RO Data)                27008 (  26.38kB)
    Total RW  Size (RW Data + ZI Data)             41544 (  40.57kB)
    Total ROM Size (Code + RO Data + RW Data)      27304 (  26.66kB)

==============================================================================

