Component: Arm Compiler for Embedded 6.19 Tool: armlink [5e73cb00]

==============================================================================

Section Cross References

    startup_stm32h750xx.o(RESET) refers to startup_stm32h750xx.o(STACK) for __initial_sp
    startup_stm32h750xx.o(RESET) refers to startup_stm32h750xx.o(.text) for Reset_Handler
    startup_stm32h750xx.o(RESET) refers to stm32h7xx_it.o(.text.NMI_Handler) for NMI_Handler
    startup_stm32h750xx.o(RESET) refers to stm32h7xx_it.o(.text.HardFault_Handler) for HardFault_Handler
    startup_stm32h750xx.o(RESET) refers to stm32h7xx_it.o(.text.MemManage_Handler) for MemManage_Handler
    startup_stm32h750xx.o(RESET) refers to stm32h7xx_it.o(.text.BusFault_Handler) for BusFault_Handler
    startup_stm32h750xx.o(RESET) refers to stm32h7xx_it.o(.text.UsageFault_Handler) for UsageFault_Handler
    startup_stm32h750xx.o(RESET) refers to port.o(.text.SVC_Handler) for SVC_Handler
    startup_stm32h750xx.o(RESET) refers to stm32h7xx_it.o(.text.DebugMon_Handler) for DebugMon_Handler
    startup_stm32h750xx.o(RESET) refers to port.o(.text.PendSV_Handler) for PendSV_Handler
    startup_stm32h750xx.o(RESET) refers to port.o(.text.SysTick_Handler) for SysTick_Handler
    startup_stm32h750xx.o(RESET) refers to stm32h7xx_it.o(.text.EXTI2_IRQHandler) for EXTI2_IRQHandler
    startup_stm32h750xx.o(RESET) refers to stm32h7xx_it.o(.text.DMA1_Stream0_IRQHandler) for DMA1_Stream0_IRQHandler
    startup_stm32h750xx.o(RESET) refers to stm32h7xx_it.o(.text.TIM1_UP_IRQHandler) for TIM1_UP_IRQHandler
    startup_stm32h750xx.o(RESET) refers to stm32h7xx_it.o(.text.DCMI_IRQHandler) for DCMI_IRQHandler
    startup_stm32h750xx.o(RESET) refers to stm32h7xx_it.o(.text.OTG_FS_IRQHandler) for OTG_FS_IRQHandler
    startup_stm32h750xx.o(.text) refers to system_stm32h7xx.o(.text.SystemInit) for SystemInit
    startup_stm32h750xx.o(.text) refers to entry.o(.ARM.Collect$$$$00000000) for __main
    i2c_device.o(.text.ads1115_init) refers to main.o(.bss.hi2c2) for hi2c2
    i2c_device.o(.text.ads1115_init) refers to stm32h7xx_hal_i2c.o(.text.HAL_I2C_Master_Transmit) for HAL_I2C_Master_Transmit
    i2c_device.o(.ARM.exidx.text.ads1115_init) refers to i2c_device.o(.text.ads1115_init) for [Anonymous Symbol]
    i2c_device.o(.text.ads1115_convert) refers to main.o(.bss.hi2c2) for hi2c2
    i2c_device.o(.text.ads1115_convert) refers to stm32h7xx_hal_i2c.o(.text.HAL_I2C_Master_Transmit) for HAL_I2C_Master_Transmit
    i2c_device.o(.ARM.exidx.text.ads1115_convert) refers to i2c_device.o(.text.ads1115_convert) for [Anonymous Symbol]
    i2c_device.o(.text.ads1115_read) refers to main.o(.bss.hi2c2) for hi2c2
    i2c_device.o(.text.ads1115_read) refers to stm32h7xx_hal_i2c.o(.text.HAL_I2C_Master_Transmit) for HAL_I2C_Master_Transmit
    i2c_device.o(.text.ads1115_read) refers to stm32h7xx_hal_i2c.o(.text.HAL_I2C_Master_Receive) for HAL_I2C_Master_Receive
    i2c_device.o(.ARM.exidx.text.ads1115_read) refers to i2c_device.o(.text.ads1115_read) for [Anonymous Symbol]
    spi_device.o(.text.sensor_reg_read) refers to main.o(.bss.hspi1) for hspi1
    spi_device.o(.text.sensor_reg_read) refers to stm32h7xx_hal_spi.o(.text.HAL_SPI_TransmitReceive) for HAL_SPI_TransmitReceive
    spi_device.o(.ARM.exidx.text.sensor_reg_read) refers to spi_device.o(.text.sensor_reg_read) for [Anonymous Symbol]
    spi_device.o(.text.sensor_reg_write) refers to main.o(.bss.hspi1) for hspi1
    spi_device.o(.text.sensor_reg_write) refers to stm32h7xx_hal_spi.o(.text.HAL_SPI_Transmit) for HAL_SPI_Transmit
    spi_device.o(.ARM.exidx.text.sensor_reg_write) refers to spi_device.o(.text.sensor_reg_write) for [Anonymous Symbol]
    spi_device.o(.text.sensor_init) refers to main.o(.bss.hspi1) for hspi1
    spi_device.o(.text.sensor_init) refers to stm32h7xx_hal_spi.o(.text.HAL_SPI_Transmit) for HAL_SPI_Transmit
    spi_device.o(.ARM.exidx.text.sensor_init) refers to spi_device.o(.text.sensor_init) for [Anonymous Symbol]
    spi_device.o(.text.INT_time_set) refers to main.o(.bss.hspi1) for hspi1
    spi_device.o(.text.INT_time_set) refers to stm32h7xx_hal_spi.o(.text.HAL_SPI_Transmit) for HAL_SPI_Transmit
    spi_device.o(.ARM.exidx.text.INT_time_set) refers to spi_device.o(.text.INT_time_set) for [Anonymous Symbol]
    spi_device.o(.text.sensor_reg_dump) refers to main.o(.bss.hspi1) for hspi1
    spi_device.o(.text.sensor_reg_dump) refers to stm32h7xx_hal_spi.o(.text.HAL_SPI_TransmitReceive) for HAL_SPI_TransmitReceive
    spi_device.o(.ARM.exidx.text.sensor_reg_dump) refers to spi_device.o(.text.sensor_reg_dump) for [Anonymous Symbol]
    ir_sensor.o(.text.shutter_close) refers to stm32h7xx_hal_gpio.o(.text.HAL_GPIO_WritePin) for HAL_GPIO_WritePin
    ir_sensor.o(.text.shutter_close) refers to cmsis_os.o(.text.osDelay) for osDelay
    ir_sensor.o(.ARM.exidx.text.shutter_close) refers to ir_sensor.o(.text.shutter_close) for [Anonymous Symbol]
[...]
    MemManage_Handler                        0x08007ed1   Thumb Code     2  stm32h7xx_it.o(.text.MemManage_Handler)
    NMI_Handler                              0x08007ed9   Thumb Code     2  stm32h7xx_it.o(.text.NMI_Handler)
    OTG_FS_IRQHandler                        0x08007ee1   Thumb Code    12  stm32h7xx_it.o(.text.OTG_FS_IRQHandler)
    PendSV_Handler                           0x08007ef1   Thumb Code   100  port.o(.text.PendSV_Handler)
    SPI_FLASH_CS_HIGH                        0x08008261   Thumb Code    16  spi.o(.text.SPI_FLASH_CS_HIGH)
    SPI_FLASH_CS_LOW                         0x08008271   Thumb Code    16  spi.o(.text.SPI_FLASH_CS_LOW)
    SPI_Read_Byte                            0x08008281   Thumb Code    32  spi.o(.text.SPI_Read_Byte)
    SPI_SendByte                             0x080082a1   Thumb Code    32  spi.o(.text.SPI_SendByte)
    SVC_Handler                              0x080082c1   Thumb Code    36  port.o(.text.SVC_Handler)
    Shutter_Off                              0x080082e9   Thumb Code    84  shutter.o(.text.Shutter_Off)
    Shutter_On                               0x08008341   Thumb Code    84  shutter.o(.text.Shutter_On)
    Shutter_Stop                             0x08008399   Thumb Code    46  shutter.o(.text.Shutter_Stop)
    StartDefaultTask                         0x080083c9   Thumb Code   200  task_default.o(.text.StartDefaultTask)
    StartIRCameraTask                        0x08008491   Thumb Code   936  task_ircamera.o(.text.StartIRCameraTask)
    SysTick_Handler                          0x08008839   Thumb Code    46  port.o(.text.SysTick_Handler)
    SystemClock_Config                       0x08008869   Thumb Code   198  main.o(.text.SystemClock_Config)
    SystemInit                               0x08008931   Thumb Code   124  system_stm32h7xx.o(.text.SystemInit)
    TIM1_UP_IRQHandler                       0x080089b1   Thumb Code    12  stm32h7xx_it.o(.text.TIM1_UP_IRQHandler)
    TIM_Base_SetConfig                       0x080089c1   Thumb Code   314  stm32h7xx_hal_tim.o(.text.TIM_Base_SetConfig)
    USBD_ClrClassConfig                      0x08008b01   Thumb Code    18  usbd_core.o(.text.USBD_ClrClassConfig)
    USBD_CoreFindEP                          0x08008b19   Thumb Code     4  usbd_core.o(.text.USBD_CoreFindEP)
    USBD_CoreFindIF                          0x08008b21   Thumb Code     4  usbd_core.o(.text.USBD_CoreFindIF)
    USBD_CtlContinueRx                       0x08008b29   Thumb Code    16  usbd_ioreq.o(.text.USBD_CtlContinueRx)
    USBD_CtlContinueSendData                 0x08008b39   Thumb Code    16  usbd_ioreq.o(.text.USBD_CtlContinueSendData)
    USBD_CtlError                            0x08008b49   Thumb Code    22  usbd_ctlreq.o(.text.USBD_CtlError)
    USBD_CtlReceiveStatus                    0x08008b61   Thumb Code    22  usbd_ioreq.o(.text.USBD_CtlReceiveStatus)
    USBD_CtlSendData                         0x08008b79   Thumb Code    26  usbd_ioreq.o(.text.USBD_CtlSendData)
    USBD_CtlSendStatus                       0x08008b99   Thumb Code    22  usbd_ioreq.o(.text.USBD_CtlSendStatus)
    USBD_FS_ConfigStrDescriptor              0x08008bb1   Thumb Code    24  usbd_desc.o(.text.USBD_FS_ConfigStrDescriptor)
    USBD_FS_DeviceDescriptor                 0x08008bd9   Thumb Code    14  usbd_desc.o(.text.USBD_FS_DeviceDescriptor)
    USBD_FS_InterfaceStrDescriptor           0x08008be9   Thumb Code    24  usbd_desc.o(.text.USBD_FS_InterfaceStrDescriptor)
    USBD_FS_LangIDStrDescriptor              0x08008c11   Thumb Code    14  usbd_desc.o(.text.USBD_FS_LangIDStrDescriptor)
    USBD_FS_ManufacturerStrDescriptor        0x08008c21   Thumb Code    24  usbd_desc.o(.text.USBD_FS_ManufacturerStrDescriptor)
    USBD_FS_ProductStrDescriptor             0x08008c51   Thumb Code    24  usbd_desc.o(.text.USBD_FS_ProductStrDescriptor)
    USBD_FS_SerialStrDescriptor              0x08008c81   Thumb Code   128  usbd_desc.o(.text.USBD_FS_SerialStrDescriptor)
    USBD_GetEpDesc                           0x08008d01   Thumb Code    44  usbd_core.o(.text.USBD_GetEpDesc)
    USBD_GetString                           0x08008d31   Thumb Code   106  usbd_ctlreq.o(.text.USBD_GetString)
    USBD_Init                                0x08008ff9   Thumb Code    40  usbd_core.o(.text.USBD_Init)
    USBD_LL_ClearStallEP                     0x08009021   Thumb Code    34  usbd_conf.o(.text.USBD_LL_ClearStallEP)
    USBD_LL_CloseEP                          0x08009049   Thumb Code    34  usbd_conf.o(.text.USBD_LL_CloseEP)
    USBD_LL_DataInStage                      0x08009071   Thumb Code   176  usbd_core.o(.text.USBD_LL_DataInStage)
    USBD_LL_DataOutStage                     0x08009121   Thumb Code   120  usbd_core.o(.text.USBD_LL_DataOutStage)
    USBD_LL_DevConnected                     0x08009199   Thumb Code     4  usbd_core.o(.text.USBD_LL_DevConnected)
    USBD_LL_DevDisconnected                  0x080091a1   Thumb Code    32  usbd_core.o(.text.USBD_LL_DevDisconnected)
    USBD_LL_Init                             0x080091c1   Thumb Code   112  usbd_conf.o(.text.USBD_LL_Init)
    USBD_LL_IsStallEP                        0x08009231   Thumb Code    34  usbd_conf.o(.text.USBD_LL_IsStallEP)
    USBD_LL_IsoINIncomplete                  0x08009259   Thumb Code    38  usbd_core.o(.text.USBD_LL_IsoINIncomplete)
    USBD_LL_IsoOUTIncomplete                 0x08009281   Thumb Code    38  usbd_core.o(.text.USBD_LL_IsoOUTIncomplete)
    USBD_LL_OpenEP                           0x080092a9   Thumb Code    40  usbd_conf.o(.text.USBD_LL_OpenEP)
    USBD_LL_PrepareReceive                   0x080092d1   Thumb Code    34  usbd_conf.o(.text.USBD_LL_PrepareReceive)
    USBD_LL_Reset                            0x080092f9   Thumb Code   100  usbd_core.o(.text.USBD_LL_Reset)
    USBD_LL_Resume                           0x08009361   Thumb Code    20  usbd_core.o(.text.USBD_LL_Resume)
    USBD_LL_SOF                              0x08009379   Thumb Code    26  usbd_core.o(.text.USBD_LL_SOF)
    USBD_LL_SetSpeed                         0x08009399   Thumb Code     8  usbd_core.o(.text.USBD_LL_SetSpeed)
    USBD_LL_SetUSBAddress                    0x080093a1   Thumb Code    34  usbd_conf.o(.text.USBD_LL_SetUSBAddress)
    USBD_LL_SetupStage                       0x080093c9   Thumb Code    96  usbd_core.o(.text.USBD_LL_SetupStage)
    USBD_LL_StallEP                          0x08009429   Thumb Code    34  usbd_conf.o(.text.USBD_LL_StallEP)
    USBD_LL_Start                            0x08009451   Thumb Code    34  usbd_conf.o(.text.USBD_LL_Start)
    USBD_LL_Suspend                          0x08009479   Thumb Code    28  usbd_core.o(.text.USBD_LL_Suspend)
    USBD_LL_Transmit                         0x08009499   Thumb Code    34  usbd_conf.o(.text.USBD_LL_Transmit)
    USBD_ParseSetupRequest                   0x080094c1   Thumb Code    22  usbd_ctlreq.o(.text.USBD_ParseSetupRequest)
    USBD_RegisterClass                       0x080094d9   Thumb Code    68  usbd_core.o(.text.USBD_RegisterClass)
    USBD_SetClassConfig                      0x08009521   Thumb Code    14  usbd_core.o(.text.USBD_SetClassConfig)
    USBD_Start                               0x08009531   Thumb Code     4  usbd_core.o(.text.USBD_Start)
    USBD_StdDevReq                           0x08009539   Thumb Code  1080  usbd_ctlreq.o(.text.USBD_StdDevReq)
    USBD_StdEPReq                            0x08009971   Thumb Code   376  usbd_ctlreq.o(.text.USBD_StdEPReq)
    USBD_StdItfReq                           0x08009ae9   Thumb Code   144  usbd_ctlreq.o(.text.USBD_StdItfReq)
    USBD_static_free                         0x08009b79   Thumb Code     2  usbd_conf.o(.text.USBD_static_free)
    USBD_static_malloc                       0x08009b81   Thumb Code    10  usbd_conf.o(.text.USBD_static_malloc)
    USB_ActivateEndpoint                     0x08009b91   Thumb Code   136  stm32h7xx_ll_usb.o(.text.USB_ActivateEndpoint)
    USB_ActivateSetup                        0x08009c19   Thumb Code    32  stm32h7xx_ll_usb.o(.text.USB_ActivateSetup)
    USB_CoreInit                             0x08009c39   Thumb Code   280  stm32h7xx_ll_usb.o(.text.USB_CoreInit)
    USB_DeactivateEndpoint                   0x08009d51   Thumb Code   132  stm32h7xx_ll_usb.o(.text.USB_DeactivateEndpoint)
    USB_DevConnect                           0x08009dd9   Thumb Code    30  stm32h7xx_ll_usb.o(.text.USB_DevConnect)
    USB_DevDisconnect                        0x08009df9   Thumb Code    30  stm32h7xx_ll_usb.o(.text.USB_DevDisconnect)
    USB_DevInit                              0x08009e19   Thumb Code   484  stm32h7xx_ll_usb.o(.text.USB_DevInit)
    USB_DisableGlobalInt                     0x0800a001   Thumb Code    14  stm32h7xx_ll_usb.o(.text.USB_DisableGlobalInt)
    USB_EP0_OutStart                         0x0800a011   Thumb Code    90  stm32h7xx_ll_usb.o(.text.USB_EP0_OutStart)
    USB_EPClearStall                         0x0800a071   Thumb Code    80  stm32h7xx_ll_usb.o(.text.USB_EPClearStall)
    USB_EPSetStall                           0x0800a0c1   Thumb Code    62  stm32h7xx_ll_usb.o(.text.USB_EPSetStall)
    USB_EPStartXfer                          0x0800a101   Thumb Code   500  stm32h7xx_ll_usb.o(.text.USB_EPStartXfer)
    USB_EPStopXfer                           0x0800a2f9   Thumb Code   134  stm32h7xx_ll_usb.o(.text.USB_EPStopXfer)
    USB_EnableGlobalInt                      0x0800a381   Thumb Code    14  stm32h7xx_ll_usb.o(.text.USB_EnableGlobalInt)
    USB_FlushTxFifo                          0x0800a391   Thumb Code    78  stm32h7xx_ll_usb.o(.text.USB_FlushTxFifo)
    USB_GetDevSpeed                          0x0800a3e1   Thumb Code    26  stm32h7xx_ll_usb.o(.text.USB_GetDevSpeed)
    USB_GetMode                              0x0800a401   Thumb Code     8  stm32h7xx_ll_usb.o(.text.USB_GetMode)
    USB_ReadDevAllInEpInterrupt              0x0800a409   Thumb Code    14  stm32h7xx_ll_usb.o(.text.USB_ReadDevAllInEpInterrupt)
    USB_ReadDevAllOutEpInterrupt             0x0800a419   Thumb Code    14  stm32h7xx_ll_usb.o(.text.USB_ReadDevAllOutEpInterrupt)
    USB_ReadDevInEPInterrupt                 0x0800a429   Thumb Code    36  stm32h7xx_ll_usb.o(.text.USB_ReadDevInEPInterrupt)
    USB_ReadDevOutEPInterrupt                0x0800a451   Thumb Code    16  stm32h7xx_ll_usb.o(.text.USB_ReadDevOutEPInterrupt)
    USB_ReadInterrupts                       0x0800a461   Thumb Code     8  stm32h7xx_ll_usb.o(.text.USB_ReadInterrupts)
    USB_ReadPacket                           0x0800a469   Thumb Code    78  stm32h7xx_ll_usb.o(.text.USB_ReadPacket)
    USB_SetCurrentMode                       0x0800a4b9   Thumb Code   100  stm32h7xx_ll_usb.o(.text.USB_SetCurrentMode)
    USB_SetDevAddress                        0x0800a521   Thumb Code    34  stm32h7xx_ll_usb.o(.text.USB_SetDevAddress)
    USB_SetTurnaroundTime                    0x0800a549   Thumb Code   278  stm32h7xx_ll_usb.o(.text.USB_SetTurnaroundTime)
    USB_WritePacket                          0x0800a661   Thumb Code    58  stm32h7xx_ll_usb.o(.text.USB_WritePacket)
    UsageFault_Handler                       0x0800a6a1   Thumb Code     2  stm32h7xx_it.o(.text.UsageFault_Handler)
    ads1115_convert                          0x0800a6a9   Thumb Code    80  i2c_device.o(.text.ads1115_convert)
    ads1115_init                             0x0800a6f9   Thumb Code   184  i2c_device.o(.text.ads1115_init)
    ads1115_read                             0x0800a7b1   Thumb Code   130  i2c_device.o(.text.ads1115_read)
    main                                     0x0800a839   Thumb Code   836  main.o(.text.main)
    osDelay                                  0x0800ab81   Thumb Code    16  cmsis_os.o(.text.osDelay)
    osKernelStart                            0x0800ab91   Thumb Code    10  cmsis_os.o(.text.osKernelStart)
    osThreadCreate                           0x0800aba1   Thumb Code    98  cmsis_os.o(.text.osThreadCreate)
    params_init                              0x0800ac09   Thumb Code   268  ir_sensor.o(.text.params_init)
    pvPortMalloc                             0x0800af59   Thumb Code   508  heap_4.o(.text.pvPortMalloc)
    pxPortInitialiseStack                    0x0800b159   Thumb Code    44  port.o(.text.pxPortInitialiseStack)
    usb_SDK_write                            0x0800b189   Thumb Code    52  usbd_sdk.o(.text.usb_SDK_write)
    uxListRemove                             0x0800b1c1   Thumb Code    40  list.o(.text.uxListRemove)
    vApplicationGetIdleTaskMemory            0x0800b1e9   Thumb Code    26  freertos.o(.text.vApplicationGetIdleTaskMemory)
    vListInitialise                          0x0800b209   Thumb Code    22  list.o(.text.vListInitialise)
    vListInitialiseItem                      0x0800b221   Thumb Code     6  list.o(.text.vListInitialiseItem)
    vListInsert                              0x0800b229   Thumb Code    58  list.o(.text.vListInsert)
    vPortEnterCritical                       0x0800b281   Thumb Code    74  port.o(.text.vPortEnterCritical)
    vPortExitCritical                        0x0800b2d1   Thumb Code    46  port.o(.text.vPortExitCritical)
    vPortFree                                0x0800b301   Thumb Code   274  heap_4.o(.text.vPortFree)
    vPortSetupTimerInterrupt                 0x0800b419   Thumb Code    52  port.o(.text.vPortSetupTimerInterrupt)
    vTaskDelay                               0x0800b451   Thumb Code   206  tasks.o(.text.vTaskDelay)
    vTaskStartScheduler                      0x0800b521   Thumb Code   144  tasks.o(.text.vTaskStartScheduler)
    vTaskSuspendAll                          0x0800b5b1   Thumb Code    16  tasks.o(.text.vTaskSuspendAll)
    vTaskSwitchContext                       0x0800b5c1   Thumb Code   138  tasks.o(.text.vTaskSwitchContext)
    xPortStartScheduler                      0x0800b651   Thumb Code   418  port.o(.text.xPortStartScheduler)
    xTaskCreate                              0x0800b7f9   Thumb Code   206  tasks.o(.text.xTaskCreate)
    xTaskCreateStatic                        0x0800b8c9   Thumb Code   242  tasks.o(.text.xTaskCreateStatic)
    xTaskIncrementTick                       0x0800b9c1   Thumb Code   444  tasks.o(.text.xTaskIncrementTick)
    xTaskResumeAll                           0x0800bb81   Thumb Code   392  tasks.o(.text.xTaskResumeAll)
    DealShutterInterface                     0x0800bf45   Thumb Code    26  measureinterface.o(i.DealShutterInterface)
    GetHighTemperature                       0x0800bf65   Thumb Code   788  mt.o(i.GetHighTemperature)
    GetLowTemperature                        0x0800c2b9   Thumb Code   788  mt.o(i.GetLowTemperature)
    GetMPParaConfig                          0x0800c60d   Thumb Code   606  measure_ex.o(i.GetMPParaConfig)
    GetMax_MinTempInfo                       0x0800c889   Thumb Code    70  measure_ex.o(i.GetMax_MinTempInfo)
    GetSingleCurveTemperature                0x0800c8d5   Thumb Code   566  mt.o(i.GetSingleCurveTemperature)
    GetTempByY16                             0x0800cb15   Thumb Code    54  measureinterface.o(i.GetTempByY16)
    GetTempInfo                              0x0800cb55   Thumb Code   114  measureinterface.o(i.GetTempInfo)
    GraySpatialFilter                        0x0800cbc9   Thumb Code   612  spatial_domain_filter.o(i.GraySpatialFilter)
    InfraredProcess                          0x0800ce2d   Thumb Code    76  interface.o(i.InfraredProcess)
    InfraredProcessInterface                 0x0800ce79   Thumb Code    10  interface.o(i.InfraredProcessInterface)
    NUCbyTwoPoint                            0x0800ce89   Thumb Code   178  imagecal.o(i.NUCbyTwoPoint)
    PadMatrix                                0x0800cf4d   Thumb Code   202  common.o(i.PadMatrix)
    SensorReadReg                            0x0800d017   Thumb Code    42  sensor.o(i.SensorReadReg)
    SensorWriteReg                           0x0800d041   Thumb Code    36  sensor.o(i.SensorWriteReg)
    Sensor_Config                            0x0800d065   Thumb Code    36  sensor.o(i.Sensor_Config)
    Sensor_Reg_Initial                       0x0800d089   Thumb Code    30  sensor.o(i.Sensor_Reg_Initial)
    SetParaConfig                            0x0800d0a9   Thumb Code    94  mt.o(i.SetParaConfig)
    Shutter_State                            0x0800d10d   Thumb Code   470  sensor.o(i.Shutter_State)
    WriteInitNUC                             0x0800d335   Thumb Code    58  sensor.o(i.WriteInitNUC)
    __scatterload_copy                       0x0800d3a7   Thumb Code    14  handlers.o(i.__scatterload_copy)
    __scatterload_null                       0x0800d3b5   Thumb Code     2  handlers.o(i.__scatterload_null)
    __scatterload_zeroinit                   0x0800d3b7   Thumb Code    14  handlers.o(i.__scatterload_zeroinit)
    calcKj                                   0x0800d3c5   Thumb Code   124  shuttertool.o(i.calcKj)
    dealShutter                              0x0800d449   Thumb Code   416  shuttertool.o(i.dealShutter)
    getLastLastShutterAvgShutter             0x0800d641   Thumb Code     8  shuttertool.o(i.getLastLastShutterAvgShutter)
    getLastLastShutterLensTemp               0x0800d64d   Thumb Code    26  shuttertool.o(i.getLastLastShutterLensTemp)
    getLastLastShutterShutterTemp            0x0800d671   Thumb Code     8  shuttertool.o(i.getLastLastShutterShutterTemp)
    getLastShutterAvgShutter                 0x0800d67d   Thumb Code     8  shuttertool.o(i.getLastShutterAvgShutter)
    getLastShutterLensTemp                   0x0800d689   Thumb Code    26  shuttertool.o(i.getLastShutterLensTemp)
    getLastShutterShutterTemp                0x0800d6ad   Thumb Code     8  shuttertool.o(i.getLastShutterShutterTemp)
    measureChangeR                           0x0800d7b1   Thumb Code    94  measure_ex.o(i.measureChangeR)
    measureGetTemp                           0x0800d815   Thumb Code   230  measure_ex.o(i.measureGetTemp)
    timeFieldFilter                          0x0800d919   Thumb Code   496  time_field_filter.o(i.timeFieldFilter)
    y16MappingAD                             0x0800db19   Thumb Code   302  drt.o(i.y16MappingAD)
    y16MappingADInterface                    0x0800dc49   Thumb Code    20  interface.o(i.y16MappingADInterface)
    D1CorePrescTable                         0x0800dc60   Data          16  system_stm32h7xx.o(.rodata.D1CorePrescTable)
    Region$$Table$$Base                      0x0800dc90   Number         0  anon$$obj.o(Region$$Table)
    Region$$Table$$Limit                     0x0800dcb0   Number         0  anon$$obj.o(Region$$Table)
    us_avg_shutter                           0x24000008   Data           2  sensor.o(.data)
    GdBase_Data                              0x2400000c   Data           4  sensor.o(.data)
    GdK_Data                                 0x24000010   Data           4  sensor.o(.data)
    GdY16_Data                               0x24000014   Data           4  sensor.o(.data)
    Tempreturn                               0x2400001c   Data           4  measureinterface.o(.data)
    PowerIintLenFlag                         0x24000020   Data           1  measure_ex.o(.data)
    PowerIintShutterFlag                     0x24000021   Data           1  measure_ex.o(.data)
    MIN_Temp                                 0x24000024   Data           4  measure_ex.o(.data)
    Ys                                       0x24000028   Data           4  measure_ex.o(.data)
    temp                                     0x2400002c   Data           4  measure_ex.o(.data)
    userParamCorrTemp                        0x24000030   Data           4  measure_ex.o(.data)
    PrivateParameter120                      0x24000034   Data         384  measure_ex.o(.data)
    jpmTempWhenShutter                       0x240001b8   Data           2  shuttertool.o(.data)
    lensTempWhenShutter                      0x240001ba   Data           2  shuttertool.o(.data)
    shutterTempWhenShutter                   0x240001bc   Data           2  shuttertool.o(.data)
    LastshutterTempWhenShutter               0x240001be   Data           2  shuttertool.o(.data)
    lastLastAvgShutter                       0x240001c0   Data           2  shuttertool.o(.data)
    lastAvgShutter                           0x240001c2   Data           2  shuttertool.o(.data)
    jpmTempWhenNUCShutter                    0x240001c8   Data           2  shuttertool.o(.data)
    changeRFuc                               0x240001cc   Data           4  shuttertool.o(.data)
    getAvgShutter                            0x240001d0   Data           4  shuttertool.o(.data)
    lastShutterTLen                          0x240001d8   Data           4  shuttertool.o(.data)
    lastLastShutterTLen                      0x240001dc   Data           4  shuttertool.o(.data)
    weight_lowInfo                           0x240001e0   Data         260  common.o(.data)
    weight_highInfo                          0x240002e4   Data         260  common.o(.data)
    g_ulFrame                                0x240003e8   Data           4  global.o(.data)
    FS_Desc                                  0x240003ec   Data          32  usbd_desc.o(.data.FS_Desc)
    IRInfo120                                0x24000458   Data          28  varible.o(.data.IRInfo120)
    Loop_Data120                             0x24000474   Data          20  varible.o(.data.Loop_Data120)
    SPI_Reg_Data120                          0x24000488   Data          42  varible.o(.data.SPI_Reg_Data120)
    SystemCoreClock                          0x240004b4   Data           4  system_stm32h7xx.o(.data.SystemCoreClock)
    SystemD2Clock                            0x240004b8   Data           4  system_stm32h7xx.o(.data.SystemD2Clock)
    USBD_FS_DeviceDesc                       0x240004bc   Data          18  usbd_desc.o(.data.USBD_FS_DeviceDesc)
    USBD_HID                                 0x240004d0   Data          56  usbd_hid.o(.data.USBD_HID)
    USBD_LangIDDesc                          0x24000544   Data           4  usbd_desc.o(.data.USBD_LangIDDesc)
    USBD_StringSerial                        0x24000548   Data          26  usbd_desc.o(.data.USBD_StringSerial)
    measureParam120                          0x24000564   Data         188  varible.o(.data.measureParam120)
    uwTickFreq                               0x24000620   Data           1  stm32h7xx_hal.o(.data.uwTickFreq)
    uwTickPrio                               0x24000624   Data           4  stm32h7xx_hal.o(.data.uwTickPrio)
    DHSensor120                              0x24000630   Data         216  measureinterface.o(.bss)
    para                                     0x24000728   Data         660  interface.o(.bss)
    Private_mp                               0x240009bc   Data         128  measure_ex.o(.bss)
    Private_hp                               0x24000a3c   Data          92  measure_ex.o(.bss)
    Private_dm                               0x24000a98   Data          92  measure_ex.o(.bss)
    MeasurePeriod                            0x24000bf8   Data           2  task_ircamera.o(.bss.MeasurePeriod)
    SDK_USBD_SERIALNUMBER_STRING             0x24000bfc   Data          15  ir_sensor.o(.bss.SDK_USBD_SERIALNUMBER_STRING)
    USBD_StrDesc                             0x24000c0c   Data         512  usbd_desc.o(.bss.USBD_StrDesc)
    defaultTaskHandle                        0x240112c4   Data           4  main.o(.bss.defaultTaskHandle)
    g_nuc_start                              0x240112ce   Data           1  task_ircamera.o(.bss.g_nuc_start)
    g_param_init_done                        0x240112d0   Data           2  ir_sensor.o(.bss.g_param_init_done)
    g_start_tmp_read_done                    0x240112d4   Data           2  ir_sensor.o(.bss.g_start_tmp_read_done)
    hUsbDeviceFS                             0x240112e4   Data         732  usb_device.o(.bss.hUsbDeviceFS)
    hdcmi                                    0x240115c0   Data          80  main.o(.bss.hdcmi)
    hdma_dcmi                                0x24011610   Data         120  main.o(.bss.hdma_dcmi)
    hdma_memtomem_dma1_stream1               0x24011688   Data         120  main.o(.bss.hdma_memtomem_dma1_stream1)
    hi2c2                                    0x24011700   Data          84  main.o(.bss.hi2c2)
    history_shutter_id                       0x24011754   Data           1  varible.o(.bss.history_shutter_id)
    hpcd_USB_OTG_FS                          0x24011758   Data        1292  usbd_conf.o(.bss.hpcd_USB_OTG_FS)
    hspi1                                    0x24011c64   Data         136  main.o(.bss.hspi1)
    hspi4                                    0x24011cec   Data         136  main.o(.bss.hspi4)
    htim1                                    0x24011d74   Data          76  stm32h7xx_hal_timebase_tim.o(.bss.htim1)
    irCameraTaskHandle                       0x24011dc0   Data           4  main.o(.bss.irCameraTaskHandle)
    manual_type                              0x24011dc4   Data           1  varible.o(.bss.manual_type)
    new_param                                0x24011dc5   Data          96  task_ircamera.o(.bss.new_param)
    pImage                                   0x24011e28   Data           4  varible.o(.bss.pImage)
    pParamStatus                             0x24011e2c   Data           4  ir_sensor.o(.bss.pParamStatus)
    pParamStatus1                            0x24011e30   Data           4  ir_sensor.o(.bss.pParamStatus1)
    pParamUser                               0x24011e34   Data           4  ir_sensor.o(.bss.pParamUser)
    pParamUser1                              0x24011e38   Data           4  ir_sensor.o(.bss.pParamUser1)
    pTempInfo                                0x24011e3c   Data           4  ir_sensor.o(.bss.pTempInfo)
    pxCurrentTCB                             0x24011e40   Data           4  tasks.o(.bss.pxCurrentTCB)
    shutter_id                               0x24011edc   Data           1  varible.o(.bss.shutter_id)
    uwTick                                   0x24034908   Data           4  stm32h7xx_hal.o(.bss.uwTick)
    __initial_sp                             0x24037a40   Data           0  startup_stm32h750xx.o(STACK)



==============================================================================

Memory Map of the image

  Image Entry point : 0x08000299

  Load Region LR_IROM1 (Base: 0x08000000, Size: 0x0000e2e0, Max: 0x00020000, ABSOLUTE, COMPRESSED[0x0000de80])

    Execution Region ER_IROM1 (Exec base: 0x08000000, Load base: 0x08000000, Size: 0x0000dcb0, Max: 0x00020000, ABSOLUTE)

    Exec Addr    Load Addr    Size         Type   Attr      Idx    E Section Name        Object

    0x08000000   0x08000000   0x00000298   Data   RO            3    RESET               startup_stm32h750xx.o
    0x08000298   0x08000298   0x00000000   Code   RO         3375  * .ARM.Collect$$$$00000000  mc_w.l(entry.o)
    0x08000298   0x08000298   0x00000004   Code   RO         3463    .ARM.Collect$$$$00000001  mc_w.l(entry2.o)
    0x0800029c   0x0800029c   0x00000004   Code   RO         3466    .ARM.Collect$$$$00000004  mc_w.l(entry5.o)
    0x080002a0   0x080002a0   0x00000000   Code   RO         3468    .ARM.Collect$$$$00000008  mc_w.l(entry7b.o)
    0x080002a0   0x080002a0   0x00000000   Code   RO         3470    .ARM.Collect$$$$0000000A  mc_w.l(entry8b.o)
    0x080002a0   0x080002a0   0x00000008   Code   RO         3471    .ARM.Collect$$$$0000000B  mc_w.l(entry9a.o)
    0x080002a8   0x080002a8   0x00000000   Code   RO         3473    .ARM.Collect$$$$0000000D  mc_w.l(entry10a.o)
    0x080002a8   0x080002a8   0x00000000   Code   RO         3475    .ARM.Collect$$$$0000000F  mc_w.l(entry11a.o)
    0x080002a8   0x080002a8   0x00000004   Code   RO         3464    .ARM.Collect$$$$00002712  mc_w.l(entry2.o)
    0x080002ac   0x080002ac   0x00000024   Code   RO            4    .text               startup_stm32h750xx.o
    0x080002d0   0x080002d0   0x00000062   Code   RO         3378    .text               mc_w.l(uldiv.o)
    0x08000332   0x08000332   0x00000062   Code   RO         3380    .text               mc_w.l(ldiv.o)
    0x08000394   0x08000394   0x00000040   Code   RO         3384    .text               mc_w.l(memmovea.o)
    0x080003d4   0x080003d4   0x00000024   Code   RO         3386    .text               mc_w.l(memseta.o)
    0x080003f8   0x080003f8   0x000000e0   Code   RO         3426    .text               mc_w.l(_scanf_str.o)
    0x080004d8   0x080004d8   0x000000de   Code   RO         3428    .text               mf_w.l(ddiv.o)
    0x080005b6   0x080005b6   0x0000001a   Code   RO         3432    .text               mf_w.l(dfltui.o)
    0x080005d0   0x080005d0   0x00000032   Code   RO         3434    .text               mf_w.l(dfixui.o)
    0x08000602   0x08000602   0x0000001e   Code   RO         3477    .text               mc_w.l(llshl.o)
    0x08000620   0x08000620   0x00000020   Code   RO         3479    .text               mc_w.l(llushr.o)
    0x08000640   0x08000640   0x00000000   Code   RO         3494    .text               mc_w.l(iusefp.o)
    0x08000640   0x08000640   0x000000ba   Code   RO         3495    .text               mf_w.l(depilogue.o)
    0x080006fa   0x080006fa   0x00000002   PAD
    0x080006fc   0x080006fc   0x00000024   Code   RO         3499    .text               mc_w.l(init.o)
    0x08000720   0x08000720   0x0000003a   Code   RO         3516    .text               mc_w.l(__dczerorl.o)
    0x0800075a   0x0800075a   0x00000006   PAD
    0x08000760   0x08000760   0x000000e6   Code   RO          322    .text.BSP_W25Qx_Erase_Sector  w25qxx.o
    0x08000846   0x08000846   0x00000002   PAD
    0x08000848   0x08000848   0x00000066   Code   RO          324    .text.BSP_W25Qx_Init  w25qxx.o
    0x080008ae   0x080008ae   0x00000002   PAD
    0x080008b0   0x080008b0   0x00000230   Code   RO          328    .text.BSP_W25Qx_Program_Sector  w25qxx.o
    0x08000ae0   0x08000ae0   0x000000b6   Code   RO          326    .text.BSP_W25Qx_Read_Sector  w25qxx.o
    0x08000b96   0x08000b96   0x00000002   PAD
    0x08000b98   0x08000b98   0x00000002   Code   RO          277    .text.BusFault_Handler  stm32h7xx_it.o
    0x08000b9a   0x08000b9a   0x00000006   PAD
    0x08000ba0   0x08000ba0   0x0000001c   Code   RO          702    .text.DCMI_DMAError  stm32h7xx_hal_dcmi.o
    0x08000bbc   0x08000bbc   0x00000004   PAD
    0x08000bc0   0x08000bc0   0x00000082   Code   RO          700    .text.DCMI_DMAXferCplt  stm32h7xx_hal_dcmi.o
    0x08000c42   0x08000c42   0x00000006   PAD
    0x08000c48   0x08000c48   0x0000000c   Code   RO          289    .text.DCMI_IRQHandler  stm32h7xx_it.o
    0x08000c54   0x08000c54   0x00000004   PAD
    0x08000c58   0x08000c58   0x0000000c   Code   RO          285    .text.DMA1_Stream0_IRQHandler  stm32h7xx_it.o
    0x08000c64   0x08000c64   0x00000004   PAD
    0x08000c68   0x08000c68   0x00000118   Code   RO         1570    .text.DMA_CalcBaseAndBitshift  stm32h7xx_hal_dma.o
    0x08000d80   0x08000d80   0x00000118   Code   RO         1606    .text.DMA_MultiBufferSetConfig  stm32h7xx_hal_dma_ex.o
    0x08000e98   0x08000e98   0x000002fe   Code   RO         1576    .text.DMA_SetConfig  stm32h7xx_hal_dma.o
    0x08001196   0x08001196   0x00000002   PAD
    0x08001198   0x08001198   0x00000004   Code   RO         2507    .text.DealyMs       shutter.o
    0x0800119c   0x0800119c   0x00000004   PAD
    0x080011a0   0x080011a0   0x00000002   Code   RO          281    .text.DebugMon_Handler  stm32h7xx_it.o
    0x080011a2   0x080011a2   0x00000006   PAD
    0x080011a8   0x080011a8   0x00000006   Code   RO          283    .text.EXTI2_IRQHandler  stm32h7xx_it.o
    0x080011ae   0x080011ae   0x00000002   PAD
    0x080011b0   0x080011b0   0x00000002   Code   RO          129    .text.Error_Handler  main.o
    0x080011b2   0x080011b2   0x00000006   PAD
    0x080011b8   0x080011b8   0x00000002   Code   RO          718    .text.HAL_DCMI_ErrorCallback  stm32h7xx_hal_dcmi.o
    0x080011ba   0x080011ba   0x00000006   PAD
    0x080011c0   0x080011c0   0x0000007e   Code   RO           90    .text.HAL_DCMI_FrameEventCallback  task_ircamera.o
    0x0800123e   0x0800123e   0x00000002   PAD
    0x08001240   0x08001240   0x000000a6   Code   RO          710    .text.HAL_DCMI_IRQHandler  stm32h7xx_hal_dcmi.o
    0x080012e6   0x080012e6   0x00000002   PAD
    0x080012e8   0x080012e8   0x0000009c   Code   RO          690    .text.HAL_DCMI_Init  stm32h7xx_hal_dcmi.o
    0x08001384   0x08001384   0x00000004   PAD
    0x08001388   0x08001388   0x00000002   Code   RO          712    .text.HAL_DCMI_LineEventCallback  stm32h7xx_hal_dcmi.o
    0x0800138a   0x0800138a   0x00000006   PAD
    0x08001390   0x08001390   0x00000156   Code   RO          302    .text.HAL_DCMI_MspInit  stm32h7xx_hal_msp.o
    0x080014e6   0x080014e6   0x00000002   PAD
    0x080014e8   0x080014e8   0x000000e2   Code   RO          698    .text.HAL_DCMI_Start_DMA  stm32h7xx_hal_dcmi.o
    0x080015ca   0x080015ca   0x00000006   PAD
    0x080015d0   0x080015d0   0x0000007e   Code   RO          704    .text.HAL_DCMI_Stop  stm32h7xx_hal_dcmi.o
    0x0800164e   0x0800164e   0x00000002   PAD
    0x08001650   0x08001650   0x00000002   Code   RO          714    .text.HAL_DCMI_VsyncEventCallback  stm32h7xx_hal_dcmi.o
    0x08001652   0x08001652   0x00000006   PAD
    0x08001658   0x08001658   0x000000f6   Code   RO         1610    .text.HAL_DMAEx_ChangeMemory  stm32h7xx_hal_dma_ex.o
    0x0800174e   0x0800174e   0x00000002   PAD
    0x08001750   0x08001750   0x000005e4   Code   RO         1608    .text.HAL_DMAEx_MultiBufferStart_IT  stm32h7xx_hal_dma_ex.o
    0x08001d34   0x08001d34   0x00000004   PAD
    0x08001d38   0x08001d38   0x000004ec   Code   RO         1580    .text.HAL_DMA_Abort  stm32h7xx_hal_dma.o
    0x08002224   0x08002224   0x00000004   PAD
    0x08002228   0x08002228   0x0000029c   Code   RO         1582    .text.HAL_DMA_Abort_IT  stm32h7xx_hal_dma.o
    0x080024c4   0x080024c4   0x00000004   PAD
    0x080024c8   0x080024c8   0x00000a98   Code   RO         1586    .text.HAL_DMA_IRQHandler  stm32h7xx_hal_dma.o
    0x08002f60   0x08002f60   0x0000061e   Code   RO         1568    .text.HAL_DMA_Init  stm32h7xx_hal_dma.o
    0x0800357e   0x0800357e   0x00000002   PAD
    0x08003580   0x08003580   0x00000662   Code   RO         1584    .text.HAL_DMA_PollForTransfer  stm32h7xx_hal_dma.o
    0x08003be2   0x08003be2   0x00000006   PAD
    0x08003be8   0x08003be8   0x00000130   Code   RO         1574    .text.HAL_DMA_Start  stm32h7xx_hal_dma.o
    0x08003d18   0x08003d18   0x0000037e   Code   RO         1578    .text.HAL_DMA_Start_IT  stm32h7xx_hal_dma.o
    0x08004096   0x08004096   0x00000002   PAD
    0x08004098   0x08004098   0x00000028   Code   RO         1826    .text.HAL_Delay     stm32h7xx_hal.o
    0x080040c0   0x080040c0   0x000001a8   Code   RO           71    .text.HAL_GPIO_EXTI_Callback  task_default.o
    0x08004268   0x08004268   0x00000014   Code   RO         1526    .text.HAL_GPIO_EXTI_IRQHandler  stm32h7xx_hal_gpio.o
    0x0800427c   0x0800427c   0x00000004   PAD
    0x08004280   0x08004280   0x0000019e   Code   RO         1514    .text.HAL_GPIO_Init  stm32h7xx_hal_gpio.o
    0x0800441e   0x0800441e   0x00000002   PAD
    0x08004420   0x08004420   0x0000000a   Code   RO         1520    .text.HAL_GPIO_WritePin  stm32h7xx_hal_gpio.o
    0x0800442a   0x0800442a   0x00000006   PAD
    0x08004430   0x08004430   0x0000000e   Code   RO         1834    .text.HAL_GetREVID  stm32h7xx_hal.o
    0x0800443e   0x0800443e   0x00000002   PAD
    0x08004440   0x08004440   0x0000000c   Code   RO         1818    .text.HAL_GetTick   stm32h7xx_hal.o
    0x0800444c   0x0800444c   0x00000004   PAD
    0x08004450   0x08004450   0x0000004a   Code   RO          890    .text.HAL_I2CEx_ConfigAnalogFilter  stm32h7xx_hal_i2c_ex.o
    0x0800449a   0x0800449a   0x00000006   PAD
    0x080044a0   0x080044a0   0x00000048   Code   RO          892    .text.HAL_I2CEx_ConfigDigitalFilter  stm32h7xx_hal_i2c_ex.o
    0x080044e8   0x080044e8   0x000000a2   Code   RO          740    .text.HAL_I2C_Init  stm32h7xx_hal_i2c.o
    0x0800458a   0x0800458a   0x00000006   PAD
    0x08004590   0x08004590   0x000001e0   Code   RO          754    .text.HAL_I2C_Master_Receive  stm32h7xx_hal_i2c.o
    0x08004770   0x08004770   0x00000204   Code   RO          748    .text.HAL_I2C_Master_Transmit  stm32h7xx_hal_i2c.o
    0x08004974   0x08004974   0x00000004   PAD
    0x08004978   0x08004978   0x00000094   Code   RO          306    .text.HAL_I2C_MspInit  stm32h7xx_hal_msp.o
    0x08004a0c   0x08004a0c   0x00000004   PAD
    0x08004a10   0x08004a10   0x0000001a   Code   RO         1816    .text.HAL_IncTick   stm32h7xx_hal.o
    0x08004a2a   0x08004a2a   0x00000006   PAD
    0x08004a30   0x08004a30   0x00000064   Code   RO         1806    .text.HAL_Init      stm32h7xx_hal.o
    0x08004a94   0x08004a94   0x00000004   PAD
    0x08004a98   0x08004a98   0x0000009a   Code   RO          421    .text.HAL_InitTick  stm32h7xx_hal_timebase_tim.o
    0x08004b32   0x08004b32   0x00000006   PAD
    0x08004b38   0x08004b38   0x0000002a   Code   RO          300    .text.HAL_MspInit   stm32h7xx_hal_msp.o
    0x08004b62   0x08004b62   0x00000006   PAD
    0x08004b68   0x08004b68   0x00000020   Code   RO          646    .text.HAL_NVIC_EnableIRQ  stm32h7xx_hal_cortex.o
    0x08004b88   0x08004b88   0x0000005a   Code   RO          644    .text.HAL_NVIC_SetPriority  stm32h7xx_hal_cortex.o
    0x08004be2   0x08004be2   0x00000006   PAD
    0x08004be8   0x08004be8   0x00000020   Code   RO          642    .text.HAL_NVIC_SetPriorityGrouping  stm32h7xx_hal_cortex.o
    0x08004c08   0x08004c08   0x00000026   Code   RO          516    .text.HAL_PCDEx_ActivateLPM  stm32h7xx_hal_pcd_ex.o
    0x08004c2e   0x08004c2e   0x00000002   PAD
    0x08004c30   0x08004c30   0x00000002   Code   RO          528    .text.HAL_PCDEx_LPM_Callback  stm32h7xx_hal_pcd_ex.o
    0x08004c32   0x08004c32   0x00000006   PAD
    0x08004c38   0x08004c38   0x00000008   Code   RO          514    .text.HAL_PCDEx_SetRxFiFo  stm32h7xx_hal_pcd_ex.o
    0x08004c40   0x08004c40   0x0000004e   Code   RO          512    .text.HAL_PCDEx_SetTxFiFo  stm32h7xx_hal_pcd_ex.o
    0x08004c8e   0x08004c8e   0x00000002   PAD
    0x08004c90   0x08004c90   0x00000008   Code   RO          193    .text.HAL_PCD_ConnectCallback  usbd_conf.o
    0x08004c98   0x08004c98   0x00000012   Code   RO          179    .text.HAL_PCD_DataInStageCallback  usbd_conf.o
    0x08004caa   0x08004caa   0x00000006   PAD
    0x08004cb0   0x08004cb0   0x00000014   Code   RO          177    .text.HAL_PCD_DataOutStageCallback  usbd_conf.o
    0x08004cc4   0x08004cc4   0x00000004   PAD
    0x08004cc8   0x08004cc8   0x00000008   Code   RO          195    .text.HAL_PCD_DisconnectCallback  usbd_conf.o
    0x08004cd0   0x08004cd0   0x00000050   Code   RO          482    .text.HAL_PCD_EP_Close  stm32h7xx_hal_pcd.o
    0x08004d20   0x08004d20   0x00000066   Code   RO          492    .text.HAL_PCD_EP_ClrStall  stm32h7xx_hal_pcd.o
    0x08004d86   0x08004d86   0x00000002   PAD
    0x08004d88   0x08004d88   0x00000068   Code   RO          480    .text.HAL_PCD_EP_Open  stm32h7xx_hal_pcd.o
    0x08004df0   0x08004df0   0x0000003a   Code   RO          484    .text.HAL_PCD_EP_Receive  stm32h7xx_hal_pcd.o
    0x08004e2a   0x08004e2a   0x00000006   PAD
    0x08004e30   0x08004e30   0x00000072   Code   RO          490    .text.HAL_PCD_EP_SetStall  stm32h7xx_hal_pcd.o
    0x08004ea2   0x08004ea2   0x00000006   PAD
    0x08004ea8   0x08004ea8   0x00000044   Code   RO          488    .text.HAL_PCD_EP_Transmit  stm32h7xx_hal_pcd.o
    0x08004eec   0x08004eec   0x00000004   PAD
    0x08004ef0   0x08004ef0   0x00000816   Code   RO          448    .text.HAL_PCD_IRQHandler  stm32h7xx_hal_pcd.o
    0x08005706   0x08005706   0x00000002   PAD
    0x08005708   0x08005708   0x00000008   Code   RO          191    .text.HAL_PCD_ISOINIncompleteCallback  usbd_conf.o
    0x08005710   0x08005710   0x00000008   Code   RO          189    .text.HAL_PCD_ISOOUTIncompleteCallback  usbd_conf.o
    0x08005718   0x08005718   0x00000144   Code   RO          436    .text.HAL_PCD_Init  stm32h7xx_hal_pcd.o
    0x0800585c   0x0800585c   0x00000004   PAD
    0x08005860   0x08005860   0x000000c0   Code   RO          171    .text.HAL_PCD_MspInit  usbd_conf.o
    0x08005920   0x08005920   0x0000002e   Code   RO          183    .text.HAL_PCD_ResetCallback  usbd_conf.o
    0x0800594e   0x0800594e   0x00000002   PAD
    0x08005950   0x08005950   0x00000008   Code   RO          187    .text.HAL_PCD_ResumeCallback  usbd_conf.o
    0x08005958   0x08005958   0x00000008   Code   RO          181    .text.HAL_PCD_SOFCallback  usbd_conf.o
    0x08005960   0x08005960   0x00000028   Code   RO          478    .text.HAL_PCD_SetAddress  stm32h7xx_hal_pcd.o
    0x08005988   0x08005988   0x0000000e   Code   RO          175    .text.HAL_PCD_SetupStageCallback  usbd_conf.o
    0x08005996   0x08005996   0x00000002   PAD
    0x08005998   0x08005998   0x0000003e   Code   RO          444    .text.HAL_PCD_Start  stm32h7xx_hal_pcd.o
    0x080059d6   0x080059d6   0x00000002   PAD
    0x080059d8   0x080059d8   0x00000034   Code   RO          185    .text.HAL_PCD_SuspendCallback  usbd_conf.o
    0x08005a0c   0x08005a0c   0x00000004   PAD
    0x08005a10   0x08005a10   0x00000048   Code   RO         1718    .text.HAL_PWREx_ConfigSupply  stm32h7xx_hal_pwr_ex.o
    0x08005a58   0x08005a58   0x00000012   Code   RO         1772    .text.HAL_PWREx_EnableUSBVoltageDetector  stm32h7xx_hal_pwr_ex.o
    0x08005a6a   0x08005a6a   0x00000006   PAD
    0x08005a70   0x08005a70   0x00000a0c   Code   RO         1389    .text.HAL_RCCEx_PeriphCLKConfig  stm32h7xx_hal_rcc_ex.o
    0x0800647c   0x0800647c   0x00000004   PAD
    0x08006480   0x08006480   0x00000258   Code   RO         1357    .text.HAL_RCC_ClockConfig  stm32h7xx_hal_rcc.o
    0x080066d8   0x080066d8   0x00000058   Code   RO         1375    .text.HAL_RCC_GetClockConfig  stm32h7xx_hal_rcc.o
    0x08006730   0x08006730   0x0000004c   Code   RO         1367    .text.HAL_RCC_GetHCLKFreq  stm32h7xx_hal_rcc.o
    0x0800677c   0x0800677c   0x00000004   PAD
    0x08006780   0x08006780   0x00000060   Code   RO         1371    .text.HAL_RCC_GetPCLK2Freq  stm32h7xx_hal_rcc.o
    0x080067e0   0x080067e0   0x0000010c   Code   RO         1359    .text.HAL_RCC_GetSysClockFreq  stm32h7xx_hal_rcc.o
    0x080068ec   0x080068ec   0x00000004   PAD
    0x080068f0   0x080068f0   0x0000009c   Code   RO         1361    .text.HAL_RCC_MCOConfig  stm32h7xx_hal_rcc.o
    0x0800698c   0x0800698c   0x00000004   PAD
    0x08006990   0x08006990   0x00000686   Code   RO         1355    .text.HAL_RCC_OscConfig  stm32h7xx_hal_rcc.o
    0x08007016   0x08007016   0x00000002   PAD
    0x08007018   0x08007018   0x000001a2   Code   RO          910    .text.HAL_SPI_Init  stm32h7xx_hal_spi.o
    0x080071ba   0x080071ba   0x00000006   PAD
    0x080071c0   0x080071c0   0x00000126   Code   RO          310    .text.HAL_SPI_MspInit  stm32h7xx_hal_msp.o
    0x080072e6   0x080072e6   0x00000002   PAD
    0x080072e8   0x080072e8   0x000001d4   Code   RO          922    .text.HAL_SPI_Receive  stm32h7xx_hal_spi.o
    0x080074bc   0x080074bc   0x00000004   PAD
    0x080074c0   0x080074c0   0x00000264   Code   RO          918    .text.HAL_SPI_Transmit  stm32h7xx_hal_spi.o
    0x08007724   0x08007724   0x00000004   PAD
    0x08007728   0x08007728   0x0000026e   Code   RO          924    .text.HAL_SPI_TransmitReceive  stm32h7xx_hal_spi.o
    0x08007996   0x08007996   0x00000002   PAD
    0x08007998   0x08007998   0x00000002   Code   RO         1339    .text.HAL_TIMEx_Break2Callback  stm32h7xx_hal_tim_ex.o
    0x0800799a   0x0800799a   0x00000006   PAD
    0x080079a0   0x080079a0   0x00000002   Code   RO         1337    .text.HAL_TIMEx_BreakCallback  stm32h7xx_hal_tim_ex.o
    0x080079a2   0x080079a2   0x00000006   PAD
    0x080079a8   0x080079a8   0x00000002   Code   RO         1333    .text.HAL_TIMEx_CommutCallback  stm32h7xx_hal_tim_ex.o
    0x080079aa   0x080079aa   0x00000006   PAD
    0x080079b0   0x080079b0   0x00000060   Code   RO         1026    .text.HAL_TIM_Base_Init  stm32h7xx_hal_tim.o
    0x08007a10   0x08007a10   0x00000002   Code   RO         1028    .text.HAL_TIM_Base_MspInit  stm32h7xx_hal_tim.o
    0x08007a12   0x08007a12   0x00000006   PAD
    0x08007a18   0x08007a18   0x000000b2   Code   RO         1040    .text.HAL_TIM_Base_Start_IT  stm32h7xx_hal_tim.o
    0x08007aca   0x08007aca   0x00000006   PAD
    0x08007ad0   0x08007ad0   0x00000002   Code   RO         1162    .text.HAL_TIM_IC_CaptureCallback  stm32h7xx_hal_tim.o
    0x08007ad2   0x08007ad2   0x00000006   PAD
    0x08007ad8   0x08007ad8   0x00000188   Code   RO         1160    .text.HAL_TIM_IRQHandler  stm32h7xx_hal_tim.o
    0x08007c60   0x08007c60   0x00000002   Code   RO         1164    .text.HAL_TIM_OC_DelayElapsedCallback  stm32h7xx_hal_tim.o
    0x08007c62   0x08007c62   0x00000006   PAD
    0x08007c68   0x08007c68   0x00000002   Code   RO         1166    .text.HAL_TIM_PWM_PulseFinishedCallback  stm32h7xx_hal_tim.o
    0x08007c6a   0x08007c6a   0x00000006   PAD
    0x08007c70   0x08007c70   0x00000012   Code   RO          131    .text.HAL_TIM_PeriodElapsedCallback  main.o
    0x08007c82   0x08007c82   0x00000006   PAD
    0x08007c88   0x08007c88   0x00000002   Code   RO         1170    .text.HAL_TIM_TriggerCallback  stm32h7xx_hal_tim.o
    0x08007c8a   0x08007c8a   0x00000006   PAD
    0x08007c90   0x08007c90   0x00000002   Code   RO          273    .text.HardFault_Handler  stm32h7xx_it.o
    0x08007c92   0x08007c92   0x00000006   PAD
    0x08007c98   0x08007c98   0x00000138   Code   RO          880    .text.I2C_IsErrorOccurred  stm32h7xx_hal_i2c.o
    0x08007dd0   0x08007dd0   0x000000a8   Code   RO          756    .text.I2C_WaitOnRXNEFlagUntilTimeout  stm32h7xx_hal_i2c.o
    0x08007e78   0x08007e78   0x00000052   Code   RO          162    .text.MX_USB_DEVICE_Init  usb_device.o
    0x08007eca   0x08007eca   0x00000006   PAD
    0x08007ed0   0x08007ed0   0x00000002   Code   RO          275    .text.MemManage_Handler  stm32h7xx_it.o
    0x08007ed2   0x08007ed2   0x00000006   PAD
    0x08007ed8   0x08007ed8   0x00000002   Code   RO          271    .text.NMI_Handler   stm32h7xx_it.o
    0x08007eda   0x08007eda   0x00000006   PAD
    0x08007ee0   0x08007ee0   0x0000000c   Code   RO          291    .text.OTG_FS_IRQHandler  stm32h7xx_it.o
    0x08007eec   0x08007eec   0x00000004   PAD
    0x08007ef0   0x08007ef0   0x00000064   Code   RO         2377    .text.PendSV_Handler  port.o
    0x08007f54   0x08007f54   0x00000004   PAD
    0x08007f58   0x08007f58   0x0000011e   Code   RO         1391    .text.RCCEx_PLL2_Config  stm32h7xx_hal_rcc_ex.o
    0x08008076   0x08008076   0x00000002   PAD
    0x08008078   0x08008078   0x0000011e   Code   RO         1393    .text.RCCEx_PLL3_Config  stm32h7xx_hal_rcc_ex.o
    0x08008196   0x08008196   0x00000002   PAD
    0x08008198   0x08008198   0x000000c4   Code   RO          920    .text.SPI_CloseTransfer  stm32h7xx_hal_spi.o
    0x0800825c   0x0800825c   0x00000004   PAD
    0x08008260   0x08008260   0x00000010   Code   RO         2528    .text.SPI_FLASH_CS_HIGH  spi.o
    0x08008270   0x08008270   0x00000010   Code   RO         2526    .text.SPI_FLASH_CS_LOW  spi.o
    0x08008280   0x08008280   0x00000020   Code   RO         2522    .text.SPI_Read_Byte  spi.o
    0x080082a0   0x080082a0   0x00000020   Code   RO         2524    .text.SPI_SendByte  spi.o
    0x080082c0   0x080082c0   0x00000024   Code   RO         2373    .text.SVC_Handler   port.o
    0x080082e4   0x080082e4   0x00000004   PAD
    0x080082e8   0x080082e8   0x00000054   Code   RO         2505    .text.Shutter_Off   shutter.o
    0x0800833c   0x0800833c   0x00000004   PAD
    0x08008340   0x08008340   0x00000054   Code   RO         2511    .text.Shutter_On    shutter.o
    0x08008394   0x08008394   0x00000004   PAD
    0x08008398   0x08008398   0x0000002e   Code   RO         2509    .text.Shutter_Stop  shutter.o
    0x080083c6   0x080083c6   0x00000002   PAD
    0x080083c8   0x080083c8   0x000000c8   Code   RO           69    .text.StartDefaultTask  task_default.o
    0x08008490   0x08008490   0x000003a8   Code   RO           86    .text.StartIRCameraTask  task_ircamera.o
    0x08008838   0x08008838   0x0000002e   Code   RO         2391    .text.SysTick_Handler  port.o
    0x08008866   0x08008866   0x00000002   PAD
    0x08008868   0x08008868   0x000000c6   Code   RO          123    .text.SystemClock_Config  main.o
    0x0800892e   0x0800892e   0x00000002   PAD
    0x08008930   0x08008930   0x0000007c   Code   RO         1913    .text.SystemInit    system_stm32h7xx.o
    0x080089ac   0x080089ac   0x00000004   PAD
    0x080089b0   0x080089b0   0x0000000c   Code   RO          287    .text.TIM1_UP_IRQHandler  stm32h7xx_it.o
    0x080089bc   0x080089bc   0x00000004   PAD
    0x080089c0   0x080089c0   0x0000013a   Code   RO         1030    .text.TIM_Base_SetConfig  stm32h7xx_hal_tim.o
    0x08008afa   0x08008afa   0x00000006   PAD
    0x08008b00   0x08008b00   0x00000012   Code   RO         2420    .text.USBD_ClrClassConfig  usbd_core.o
    0x08008b12   0x08008b12   0x00000006   PAD
    0x08008b18   0x08008b18   0x00000004   Code   RO         2428    .text.USBD_CoreFindEP  usbd_core.o
    0x08008b1c   0x08008b1c   0x00000004   PAD
    0x08008b20   0x08008b20   0x00000004   Code   RO         2426    .text.USBD_CoreFindIF  usbd_core.o
    0x08008b24   0x08008b24   0x00000004   PAD
    0x08008b28   0x08008b28   0x00000010   Code   RO         2489    .text.USBD_CtlContinueRx  usbd_ioreq.o
    0x08008b38   0x08008b38   0x00000010   Code   RO         2485    .text.USBD_CtlContinueSendData  usbd_ioreq.o
    0x08008b48   0x08008b48   0x00000016   Code   RO         2464    .text.USBD_CtlError  usbd_ctlreq.o
    0x08008b5e   0x08008b5e   0x00000002   PAD
    0x08008b60   0x08008b60   0x00000016   Code   RO         2493    .text.USBD_CtlReceiveStatus  usbd_ioreq.o
    0x08008b76   0x08008b76   0x00000002   PAD
    0x08008b78   0x08008b78   0x0000001a   Code   RO         2483    .text.USBD_CtlSendData  usbd_ioreq.o
    0x08008b92   0x08008b92   0x00000006   PAD
    0x08008b98   0x08008b98   0x00000016   Code   RO         2491    .text.USBD_CtlSendStatus  usbd_ioreq.o
    0x08008bae   0x08008bae   0x00000002   PAD
    0x08008bb0   0x08008bb0   0x00000024   Code   RO          253    .text.USBD_FS_ConfigStrDescriptor  usbd_desc.o
    0x08008bd4   0x08008bd4   0x00000004   PAD
    0x08008bd8   0x08008bd8   0x0000000e   Code   RO          243    .text.USBD_FS_DeviceDescriptor  usbd_desc.o
    0x08008be6   0x08008be6   0x00000002   PAD
    0x08008be8   0x08008be8   0x00000028   Code   RO          255    .text.USBD_FS_InterfaceStrDescriptor  usbd_desc.o
    0x08008c10   0x08008c10   0x0000000e   Code   RO          245    .text.USBD_FS_LangIDStrDescriptor  usbd_desc.o
    0x08008c1e   0x08008c1e   0x00000002   PAD
    0x08008c20   0x08008c20   0x0000002c   Code   RO          247    .text.USBD_FS_ManufacturerStrDescriptor  usbd_desc.o
    0x08008c4c   0x08008c4c   0x00000004   PAD
    0x08008c50   0x08008c50   0x00000030   Code   RO          249    .text.USBD_FS_ProductStrDescriptor  usbd_desc.o
    0x08008c80   0x08008c80   0x00000080   Code   RO          251    .text.USBD_FS_SerialStrDescriptor  usbd_desc.o
    0x08008d00   0x08008d00   0x0000002c   Code   RO         2450    .text.USBD_GetEpDesc  usbd_core.o
    0x08008d2c   0x08008d2c   0x00000004   PAD
    0x08008d30   0x08008d30   0x0000006a   Code   RO         2472    .text.USBD_GetString  usbd_ctlreq.o
    0x08008d9a   0x08008d9a   0x00000006   PAD
    0x08008da0   0x08008da0   0x00000014   Code   RO          394    .text.USBD_HID_DataIn  usbd_hid.o
    0x08008db4   0x08008db4   0x00000004   PAD
    0x08008db8   0x08008db8   0x00000030   Code   RO          390    .text.USBD_HID_DeInit  usbd_hid.o
    0x08008de8   0x08008de8   0x00000010   Code   RO          402    .text.USBD_HID_GetDeviceQualifierDesc  usbd_hid.o
    0x08008df8   0x08008df8   0x00000028   Code   RO          398    .text.USBD_HID_GetFSCfgDesc  usbd_hid.o
    0x08008e20   0x08008e20   0x00000028   Code   RO          396    .text.USBD_HID_GetHSCfgDesc  usbd_hid.o
    0x08008e48   0x08008e48   0x00000028   Code   RO          400    .text.USBD_HID_GetOtherSpeedCfgDesc  usbd_hid.o
    0x08008e70   0x08008e70   0x0000004c   Code   RO          388    .text.USBD_HID_Init  usbd_hid.o
    0x08008ebc   0x08008ebc   0x00000004   PAD
    0x08008ec0   0x08008ec0   0x00000132   Code   RO          392    .text.USBD_HID_Setup  usbd_hid.o
    0x08008ff2   0x08008ff2   0x00000006   PAD
    0x08008ff8   0x08008ff8   0x00000028   Code   RO         2406    .text.USBD_Init     usbd_core.o
    0x08009020   0x08009020   0x00000022   Code   RO          215    .text.USBD_LL_ClearStallEP  usbd_conf.o
    0x08009042   0x08009042   0x00000006   PAD
    0x08009048   0x08009048   0x00000022   Code   RO          209    .text.USBD_LL_CloseEP  usbd_conf.o
    0x0800906a   0x0800906a   0x00000006   PAD
    0x08009070   0x08009070   0x000000b0   Code   RO         2430    .text.USBD_LL_DataInStage  usbd_core.o
    0x08009120   0x08009120   0x00000078   Code   RO         2424    .text.USBD_LL_DataOutStage  usbd_core.o
    0x08009198   0x08009198   0x00000004   Code   RO         2446    .text.USBD_LL_DevConnected  usbd_core.o
    0x0800919c   0x0800919c   0x00000004   PAD
    0x080091a0   0x080091a0   0x00000020   Code   RO         2448    .text.USBD_LL_DevDisconnected  usbd_core.o
    0x080091c0   0x080091c0   0x00000070   Code   RO          197    .text.USBD_LL_Init  usbd_conf.o
    0x08009230   0x08009230   0x00000022   Code   RO          217    .text.USBD_LL_IsStallEP  usbd_conf.o
    0x08009252   0x08009252   0x00000006   PAD
    0x08009258   0x08009258   0x00000026   Code   RO         2442    .text.USBD_LL_IsoINIncomplete  usbd_core.o
    0x0800927e   0x0800927e   0x00000002   PAD
    0x08009280   0x08009280   0x00000026   Code   RO         2444    .text.USBD_LL_IsoOUTIncomplete  usbd_core.o
    0x080092a6   0x080092a6   0x00000002   PAD
    0x080092a8   0x080092a8   0x00000028   Code   RO          207    .text.USBD_LL_OpenEP  usbd_conf.o
    0x080092d0   0x080092d0   0x00000022   Code   RO          223    .text.USBD_LL_PrepareReceive  usbd_conf.o
    0x080092f2   0x080092f2   0x00000006   PAD
    0x080092f8   0x080092f8   0x00000064   Code   RO         2432    .text.USBD_LL_Reset  usbd_core.o
    0x0800935c   0x0800935c   0x00000004   PAD
    0x08009360   0x08009360   0x00000014   Code   RO         2438    .text.USBD_LL_Resume  usbd_core.o
    0x08009374   0x08009374   0x00000004   PAD
    0x08009378   0x08009378   0x0000001a   Code   RO         2440    .text.USBD_LL_SOF   usbd_core.o
    0x08009392   0x08009392   0x00000006   PAD
    0x08009398   0x08009398   0x00000008   Code   RO         2434    .text.USBD_LL_SetSpeed  usbd_core.o
    0x080093a0   0x080093a0   0x00000022   Code   RO          219    .text.USBD_LL_SetUSBAddress  usbd_conf.o
    0x080093c2   0x080093c2   0x00000006   PAD
    0x080093c8   0x080093c8   0x00000060   Code   RO         2422    .text.USBD_LL_SetupStage  usbd_core.o
    0x08009428   0x08009428   0x00000022   Code   RO          213    .text.USBD_LL_StallEP  usbd_conf.o
    0x0800944a   0x0800944a   0x00000006   PAD
    0x08009450   0x08009450   0x00000022   Code   RO          203    .text.USBD_LL_Start  usbd_conf.o
    0x08009472   0x08009472   0x00000006   PAD
    0x08009478   0x08009478   0x0000001c   Code   RO         2436    .text.USBD_LL_Suspend  usbd_core.o
    0x08009494   0x08009494   0x00000004   PAD
    0x08009498   0x08009498   0x00000022   Code   RO          221    .text.USBD_LL_Transmit  usbd_conf.o
    0x080094ba   0x080094ba   0x00000006   PAD
    0x080094c0   0x080094c0   0x00000016   Code   RO         2470    .text.USBD_ParseSetupRequest  usbd_ctlreq.o
    0x080094d6   0x080094d6   0x00000002   PAD
    0x080094d8   0x080094d8   0x00000044   Code   RO         2410    .text.USBD_RegisterClass  usbd_core.o
    0x0800951c   0x0800951c   0x00000004   PAD
    0x08009520   0x08009520   0x0000000e   Code   RO         2418    .text.USBD_SetClassConfig  usbd_core.o
    0x0800952e   0x0800952e   0x00000002   PAD
    0x08009530   0x08009530   0x00000004   Code   RO         2412    .text.USBD_Start    usbd_core.o
    0x08009534   0x08009534   0x00000004   PAD
    0x08009538   0x08009538   0x00000438   Code   RO         2462    .text.USBD_StdDevReq  usbd_ctlreq.o
    0x08009970   0x08009970   0x00000178   Code   RO         2468    .text.USBD_StdEPReq  usbd_ctlreq.o
    0x08009ae8   0x08009ae8   0x00000090   Code   RO         2466    .text.USBD_StdItfReq  usbd_ctlreq.o
    0x08009b78   0x08009b78   0x00000002   Code   RO          229    .text.USBD_static_free  usbd_conf.o
    0x08009b7a   0x08009b7a   0x00000006   PAD
    0x08009b80   0x08009b80   0x0000000a   Code   RO          227    .text.USBD_static_malloc  usbd_conf.o
    0x08009b8a   0x08009b8a   0x00000006   PAD
    0x08009b90   0x08009b90   0x00000088   Code   RO          560    .text.USB_ActivateEndpoint  stm32h7xx_ll_usb.o
    0x08009c18   0x08009c18   0x00000020   Code   RO          602    .text.USB_ActivateSetup  stm32h7xx_ll_usb.o
    0x08009c38   0x08009c38   0x00000118   Code   RO          538    .text.USB_CoreInit  stm32h7xx_ll_usb.o
    0x08009d50   0x08009d50   0x00000084   Code   RO          564    .text.USB_DeactivateEndpoint  stm32h7xx_ll_usb.o
    0x08009dd4   0x08009dd4   0x00000004   PAD
    0x08009dd8   0x08009dd8   0x0000001e   Code   RO          584    .text.USB_DevConnect  stm32h7xx_ll_usb.o
    0x08009df6   0x08009df6   0x00000002   PAD
    0x08009df8   0x08009df8   0x0000001e   Code   RO          586    .text.USB_DevDisconnect  stm32h7xx_ll_usb.o
    0x08009e16   0x08009e16   0x00000002   PAD
    0x08009e18   0x08009e18   0x000001e4   Code   RO          550    .text.USB_DevInit   stm32h7xx_ll_usb.o
    0x08009ffc   0x08009ffc   0x00000004   PAD
    0x0800a000   0x0800a000   0x0000000e   Code   RO          544    .text.USB_DisableGlobalInt  stm32h7xx_ll_usb.o
    0x0800a00e   0x0800a00e   0x00000002   PAD
    0x0800a010   0x0800a010   0x0000005a   Code   RO          604    .text.USB_EP0_OutStart  stm32h7xx_ll_usb.o
    0x0800a06a   0x0800a06a   0x00000006   PAD
    0x0800a070   0x0800a070   0x00000050   Code   RO          578    .text.USB_EPClearStall  stm32h7xx_ll_usb.o
    0x0800a0c0   0x0800a0c0   0x0000003e   Code   RO          576    .text.USB_EPSetStall  stm32h7xx_ll_usb.o
    0x0800a0fe   0x0800a0fe   0x00000002   PAD
    0x0800a100   0x0800a100   0x000001f4   Code   RO          568    .text.USB_EPStartXfer  stm32h7xx_ll_usb.o
    0x0800a2f4   0x0800a2f4   0x00000004   PAD
    0x0800a2f8   0x0800a2f8   0x00000086   Code   RO          572    .text.USB_EPStopXfer  stm32h7xx_ll_usb.o
    0x0800a37e   0x0800a37e   0x00000002   PAD
    0x0800a380   0x0800a380   0x0000000e   Code   RO          542    .text.USB_EnableGlobalInt  stm32h7xx_ll_usb.o
    0x0800a38e   0x0800a38e   0x00000002   PAD
    0x0800a390   0x0800a390   0x0000004e   Code   RO          554    .text.USB_FlushTxFifo  stm32h7xx_ll_usb.o
    0x0800a3de   0x0800a3de   0x00000002   PAD
    0x0800a3e0   0x0800a3e0   0x0000001a   Code   RO          558    .text.USB_GetDevSpeed  stm32h7xx_ll_usb.o
    0x0800a3fa   0x0800a3fa   0x00000006   PAD
    0x0800a400   0x0800a400   0x00000008   Code   RO          548    .text.USB_GetMode   stm32h7xx_ll_usb.o
    0x0800a408   0x0800a408   0x0000000e   Code   RO          594    .text.USB_ReadDevAllInEpInterrupt  stm32h7xx_ll_usb.o
    0x0800a416   0x0800a416   0x00000002   PAD
    0x0800a418   0x0800a418   0x0000000e   Code   RO          592    .text.USB_ReadDevAllOutEpInterrupt  stm32h7xx_ll_usb.o
    0x0800a426   0x0800a426   0x00000002   PAD
    0x0800a428   0x0800a428   0x00000024   Code   RO          598    .text.USB_ReadDevInEPInterrupt  stm32h7xx_ll_usb.o
    0x0800a44c   0x0800a44c   0x00000004   PAD
    0x0800a450   0x0800a450   0x00000010   Code   RO          596    .text.USB_ReadDevOutEPInterrupt  stm32h7xx_ll_usb.o
    0x0800a460   0x0800a460   0x00000008   Code   RO          588    .text.USB_ReadInterrupts  stm32h7xx_ll_usb.o
    0x0800a468   0x0800a468   0x0000004e   Code   RO          574    .text.USB_ReadPacket  stm32h7xx_ll_usb.o
    0x0800a4b6   0x0800a4b6   0x00000002   PAD
    0x0800a4b8   0x0800a4b8   0x00000064   Code   RO          546    .text.USB_SetCurrentMode  stm32h7xx_ll_usb.o
    0x0800a51c   0x0800a51c   0x00000004   PAD
    0x0800a520   0x0800a520   0x00000022   Code   RO          582    .text.USB_SetDevAddress  stm32h7xx_ll_usb.o
    0x0800a542   0x0800a542   0x00000006   PAD
    0x0800a548   0x0800a548   0x00000116   Code   RO          540    .text.USB_SetTurnaroundTime  stm32h7xx_ll_usb.o
    0x0800a65e   0x0800a65e   0x00000002   PAD
    0x0800a660   0x0800a660   0x0000003a   Code   RO          570    .text.USB_WritePacket  stm32h7xx_ll_usb.o
    0x0800a69a   0x0800a69a   0x00000006   PAD
    0x0800a6a0   0x0800a6a0   0x00000002   Code   RO          279    .text.UsageFault_Handler  stm32h7xx_it.o
    0x0800a6a2   0x0800a6a2   0x00000006   PAD
    0x0800a6a8   0x0800a6a8   0x00000050   Code   RO           13    .text.ads1115_convert  i2c_device.o
    0x0800a6f8   0x0800a6f8   0x000000b8   Code   RO           11    .text.ads1115_init  i2c_device.o
    0x0800a7b0   0x0800a7b0   0x00000082   Code   RO           15    .text.ads1115_read  i2c_device.o
    0x0800a832   0x0800a832   0x00000006   PAD
    0x0800a838   0x0800a838   0x00000344   Code   RO          121    .text.main          main.o
    0x0800ab7c   0x0800ab7c   0x00000004   PAD
    0x0800ab80   0x0800ab80   0x00000010   Code   RO         2242    .text.osDelay       cmsis_os.o
    0x0800ab90   0x0800ab90   0x0000000a   Code   RO         2224    .text.osKernelStart  cmsis_os.o
    0x0800ab9a   0x0800ab9a   0x00000006   PAD
    0x0800aba0   0x0800aba0   0x00000062   Code   RO         2230    .text.osThreadCreate  cmsis_os.o
    0x0800ac02   0x0800ac02   0x00000006   PAD
    0x0800ac08   0x0800ac08   0x0000010c   Code   RO           50    .text.params_init   ir_sensor.o
    0x0800ad14   0x0800ad14   0x00000004   PAD
    0x0800ad18   0x0800ad18   0x00000130   Code   RO         2090    .text.prvAddNewTaskToReadyList  tasks.o
    0x0800ae48   0x0800ae48   0x0000007a   Code   RO         2126    .text.prvCheckTasksWaitingTermination  tasks.o
    0x0800aec2   0x0800aec2   0x00000006   PAD
    0x0800aec8   0x0800aec8   0x0000002a   Code   RO         2190    .text.prvIdleTask   tasks.o
    0x0800aef2   0x0800aef2   0x00000006   PAD
    0x0800aef8   0x0800aef8   0x00000028   Code   RO         2383    .text.prvPortStartFirstTask  port.o
    0x0800af20   0x0800af20   0x00000032   Code   RO         2371    .text.prvTaskExitError  port.o
    0x0800af52   0x0800af52   0x00000006   PAD
    0x0800af58   0x0800af58   0x000001fc   Code   RO         2338    .text.pvPortMalloc  heap_4.o
    0x0800b154   0x0800b154   0x00000004   PAD
    0x0800b158   0x0800b158   0x0000002c   Code   RO         2369    .text.pxPortInitialiseStack  port.o
    0x0800b184   0x0800b184   0x00000004   PAD
    0x0800b188   0x0800b188   0x00000034   Code   RO          345    .text.usb_SDK_write  usbd_sdk.o
    0x0800b1bc   0x0800b1bc   0x00000004   PAD
    0x0800b1c0   0x0800b1c0   0x00000028   Code   RO         1967    .text.uxListRemove  list.o
    0x0800b1e8   0x0800b1e8   0x0000001a   Code   RO          151    .text.vApplicationGetIdleTaskMemory  freertos.o
    0x0800b202   0x0800b202   0x00000006   PAD
    0x0800b208   0x0800b208   0x00000016   Code   RO         1959    .text.vListInitialise  list.o
    0x0800b21e   0x0800b21e   0x00000002   PAD
    0x0800b220   0x0800b220   0x00000006   Code   RO         1961    .text.vListInitialiseItem  list.o
    0x0800b226   0x0800b226   0x00000002   PAD
    0x0800b228   0x0800b228   0x0000003a   Code   RO         1965    .text.vListInsert   list.o
    0x0800b262   0x0800b262   0x00000006   PAD
    0x0800b268   0x0800b268   0x00000014   Code   RO         2381    .text.vPortEnableVFP  port.o
    0x0800b27c   0x0800b27c   0x00000004   PAD
    0x0800b280   0x0800b280   0x0000004a   Code   RO         2387    .text.vPortEnterCritical  port.o
    0x0800b2ca   0x0800b2ca   0x00000006   PAD
    0x0800b2d0   0x0800b2d0   0x0000002e   Code   RO         2389    .text.vPortExitCritical  port.o
    0x0800b2fe   0x0800b2fe   0x00000002   PAD
    0x0800b300   0x0800b300   0x00000112   Code   RO         2340    .text.vPortFree     heap_4.o
    0x0800b412   0x0800b412   0x00000006   PAD
    0x0800b418   0x0800b418   0x00000034   Code   RO         2379    .text.vPortSetupTimerInterrupt  port.o
    0x0800b44c   0x0800b44c   0x00000004   PAD
    0x0800b450   0x0800b450   0x000000ce   Code   RO         2096    .text.vTaskDelay    tasks.o
    0x0800b51e   0x0800b51e   0x00000002   PAD
    0x0800b520   0x0800b520   0x00000090   Code   RO         2122    .text.vTaskStartScheduler  tasks.o
    0x0800b5b0   0x0800b5b0   0x00000010   Code   RO         2098    .text.vTaskSuspendAll  tasks.o
    0x0800b5c0   0x0800b5c0   0x0000008a   Code   RO         2116    .text.vTaskSwitchContext  tasks.o
    0x0800b64a   0x0800b64a   0x00000006   PAD
    0x0800b650   0x0800b650   0x000001a2   Code   RO         2375    .text.xPortStartScheduler  port.o
    0x0800b7f2   0x0800b7f2   0x00000006   PAD
    0x0800b7f8   0x0800b7f8   0x000000ce   Code   RO         2092    .text.xTaskCreate   tasks.o
    0x0800b8c6   0x0800b8c6   0x00000002   PAD
    0x0800b8c8   0x0800b8c8   0x000000f2   Code   RO         2088    .text.xTaskCreateStatic  tasks.o
    0x0800b9ba   0x0800b9ba   0x00000006   PAD
    0x0800b9c0   0x0800b9c0   0x000001bc   Code   RO         2128    .text.xTaskIncrementTick  tasks.o
    0x0800bb7c   0x0800bb7c   0x00000004   PAD
    0x0800bb80   0x0800bb80   0x00000188   Code   RO         2102    .text.xTaskResumeAll  tasks.o
    0x0800bd08   0x0800bd08   0x00000048   Code   RO         2630    i.BaseUpdate        Sensor.lib(sensor.o)
    0x0800bd50   0x0800bd50   0x00000028   Code   RO         2631    i.BaseUpdateCapture  Sensor.lib(sensor.o)
    0x0800bd78   0x0800bd78   0x00000014   Code   RO         2632    i.BaseUpdateInit    Sensor.lib(sensor.o)
    0x0800bd8c   0x0800bd8c   0x00000096   Code   RO         2633    i.Cal_AGV           Sensor.lib(sensor.o)
    0x0800be22   0x0800be22   0x00000002   PAD
    0x0800be24   0x0800be24   0x00000084   Code   RO         2634    i.Cal_GFID          Sensor.lib(sensor.o)
    0x0800bea8   0x0800bea8   0x0000001e   Code   RO         2635    i.Cal_NUC           Sensor.lib(sensor.o)
    0x0800bec6   0x0800bec6   0x00000002   PAD
    0x0800bec8   0x0800bec8   0x0000007c   Code   RO         2636    i.Cal_RES_SEL       Sensor.lib(sensor.o)
    0x0800bf44   0x0800bf44   0x00000020   Code   RO         2763    i.DealShutterInterface  Measure.lib(measureinterface.o)
    0x0800bf64   0x0800bf64   0x00000354   Code   RO         3277    i.GetHighTemperature  Measure.lib(mt.o)
    0x0800c2b8   0x0800c2b8   0x00000354   Code   RO         3278    i.GetLowTemperature  Measure.lib(mt.o)
    0x0800c60c   0x0800c60c   0x0000027c   Code   RO         2926    i.GetMPParaConfig   Measure.lib(measure_ex.o)
    0x0800c888   0x0800c888   0x0000004c   Code   RO         2927    i.GetMax_MinTempInfo  Measure.lib(measure_ex.o)
    0x0800c8d4   0x0800c8d4   0x00000240   Code   RO         3279    i.GetSingleCurveTemperature  Measure.lib(mt.o)
    0x0800cb14   0x0800cb14   0x00000040   Code   RO         2765    i.GetTempByY16      Measure.lib(measureinterface.o)
    0x0800cb54   0x0800cb54   0x00000072   Code   RO         2766    i.GetTempInfo       Measure.lib(measureinterface.o)
    0x0800cbc6   0x0800cbc6   0x00000002   PAD
    0x0800cbc8   0x0800cbc8   0x00000264   Code   RO         3233    i.GraySpatialFilter  Measure.lib(spatial_domain_filter.o)
    0x0800ce2c   0x0800ce2c   0x0000004c   Code   RO         2863    i.InfraredProcess   Measure.lib(interface.o)
    0x0800ce78   0x0800ce78   0x00000010   Code   RO         2864    i.InfraredProcessInterface  Measure.lib(interface.o)
    0x0800ce88   0x0800ce88   0x000000c4   Code   RO         2574    i.NUCbyTwoPoint     Sensor.lib(imagecal.o)
    0x0800cf4c   0x0800cf4c   0x000000ca   Code   RO         3132    i.PadMatrix         Measure.lib(common.o)
    0x0800d016   0x0800d016   0x0000002a   Code   RO         2640    i.SensorReadReg     Sensor.lib(sensor.o)
    0x0800d040   0x0800d040   0x00000024   Code   RO         2641    i.SensorWriteReg    Sensor.lib(sensor.o)
    0x0800d064   0x0800d064   0x00000024   Code   RO         2642    i.Sensor_Config     Sensor.lib(sensor.o)
    0x0800d088   0x0800d088   0x0000001e   Code   RO         2643    i.Sensor_Reg_Initial  Sensor.lib(sensor.o)
    0x0800d0a6   0x0800d0a6   0x00000002   PAD
    0x0800d0a8   0x0800d0a8   0x00000064   Code   RO         3282    i.SetParaConfig     Measure.lib(mt.o)
    0x0800d10c   0x0800d10c   0x000001dc   Code   RO         2644    i.Shutter_State     Sensor.lib(sensor.o)
    0x0800d2e8   0x0800d2e8   0x00000036   Code   RO         2645    i.StartNUC          Sensor.lib(sensor.o)
    0x0800d31e   0x0800d31e   0x00000016   Code   RO         2646    i.StopNUC           Sensor.lib(sensor.o)
    0x0800d334   0x0800d334   0x0000003a   Code   RO         2647    i.WriteInitNUC      Sensor.lib(sensor.o)
    0x0800d36e   0x0800d36e   0x00000038   Code   RO         2648    i.WriteInitNUCByLen  Sensor.lib(sensor.o)
    0x0800d3a6   0x0800d3a6   0x0000000e   Code   RO         3510    i.__scatterload_copy  mc_w.l(handlers.o)
    0x0800d3b4   0x0800d3b4   0x00000002   Code   RO         3511    i.__scatterload_null  mc_w.l(handlers.o)
    0x0800d3b6   0x0800d3b6   0x0000000e   Code   RO         3512    i.__scatterload_zeroinit  mc_w.l(handlers.o)
    0x0800d3c4   0x0800d3c4   0x00000084   Code   RO         3006    i.calcKj            Measure.lib(shuttertool.o)
    0x0800d448   0x0800d448   0x000001ac   Code   RO         3009    i.dealShutter       Measure.lib(shuttertool.o)
    0x0800d5f4   0x0800d5f4   0x0000004c   Code   RO         3010    i.doShutter         Measure.lib(shuttertool.o)
    0x0800d640   0x0800d640   0x0000000c   Code   RO         3011    i.getLastLastShutterAvgShutter  Measure.lib(shuttertool.o)
    0x0800d64c   0x0800d64c   0x00000024   Code   RO         3012    i.getLastLastShutterLensTemp  Measure.lib(shuttertool.o)
    0x0800d670   0x0800d670   0x0000000c   Code   RO         3013    i.getLastLastShutterShutterTemp  Measure.lib(shuttertool.o)
    0x0800d67c   0x0800d67c   0x0000000c   Code   RO         3014    i.getLastShutterAvgShutter  Measure.lib(shuttertool.o)
    0x0800d688   0x0800d688   0x00000024   Code   RO         3016    i.getLastShutterLensTemp  Measure.lib(shuttertool.o)
    0x0800d6ac   0x0800d6ac   0x0000000c   Code   RO         3017    i.getLastShutterShutterTemp  Measure.lib(shuttertool.o)
    0x0800d6b8   0x0800d6b8   0x000000f8   Code   RO         2578    i.manualRelpaceBadPoint8Window  Sensor.lib(imagecal.o)
    0x0800d7b0   0x0800d7b0   0x00000064   Code   RO         2930    i.measureChangeR    Measure.lib(measure_ex.o)
    0x0800d814   0x0800d814   0x00000104   Code   RO         2931    i.measureGetTemp    Measure.lib(measure_ex.o)
    0x0800d918   0x0800d918   0x00000200   Code   RO         3260    i.timeFieldFilter   Measure.lib(time_field_filter.o)
    0x0800db18   0x0800db18   0x0000012e   Code   RO         3193    i.y16MappingAD      Measure.lib(drt.o)
    0x0800dc46   0x0800dc46   0x00000002   PAD
    0x0800dc48   0x0800dc48   0x00000018   Code   RO         2866    i.y16MappingADInterface  Measure.lib(interface.o)
    0x0800dc60   0x0800dc60   0x00000010   Data   RO         1919    .rodata.D1CorePrescTable  system_stm32h7xx.o
    0x0800dc70   0x0800dc70   0x00000019   Data   RO          133    .rodata.str1.1      main.o
    0x0800dc89   0x0800dc89   0x00000003   PAD
    0x0800dc8c   0x0800dc8c   0x00000004   Data   RO         2207    .rodata.uxTopUsedPriority  tasks.o
    0x0800dc90   0x0800dc90   0x00000020   Data   RO         3509    Region$$Table       anon$$obj.o


    Execution Region RW_IRAM2 (Exec base: 0x24000000, Load base: 0x0800dcb0, Size: 0x00037a40, Max: 0x00080000, ABSOLUTE, COMPRESSED[0x000001d0])

    Exec Addr    Load Addr    Size         Type   Attr      Idx    E Section Name        Object

    0x24000000   COMPRESSED   0x00000018   Data   RW         2649    .data               Sensor.lib(sensor.o)
    0x24000018   COMPRESSED   0x00000008   Data   RW         2771    .data               Measure.lib(measureinterface.o)
    0x24000020   COMPRESSED   0x00000194   Data   RW         2933    .data               Measure.lib(measure_ex.o)
    0x240001b4   COMPRESSED   0x0000002c   Data   RW         3019    .data               Measure.lib(shuttertool.o)
    0x240001e0   COMPRESSED   0x00000208   Data   RW         3135    .data               Measure.lib(common.o)
    0x240003e8   COMPRESSED   0x00000004   Data   RW         3328    .data               Measure.lib(global.o)
    0x240003ec   COMPRESSED   0x00000020   Data   RW          257    .data.FS_Desc       usbd_desc.o
    0x2400040c   COMPRESSED   0x0000004a   Data   RW          409    .data.HID_MOUSE_ReportDesc  usbd_hid.o
    0x24000456   COMPRESSED   0x00000002   PAD
    0x24000458   COMPRESSED   0x0000001c   Data   RW         2565    .data.IRInfo120     varible.o
    0x24000474   COMPRESSED   0x00000014   Data   RW         2557    .data.Loop_Data120  varible.o
    0x24000488   COMPRESSED   0x0000002a   Data   RW         2556    .data.SPI_Reg_Data120  varible.o
    0x240004b2   COMPRESSED   0x00000002   PAD
    0x240004b4   COMPRESSED   0x00000004   Data   RW         1917    .data.SystemCoreClock  system_stm32h7xx.o
    0x240004b8   COMPRESSED   0x00000004   Data   RW         1918    .data.SystemD2Clock  system_stm32h7xx.o
    0x240004bc   COMPRESSED   0x00000012   Data   RW          258    .data.USBD_FS_DeviceDesc  usbd_desc.o
    0x240004ce   COMPRESSED   0x00000002   PAD
    0x240004d0   COMPRESSED   0x00000038   Data   RW          408    .data.USBD_HID      usbd_hid.o
    0x24000508   COMPRESSED   0x00000022   Data   RW          411    .data.USBD_HID_CfgDesc  usbd_hid.o
    0x2400052a   COMPRESSED   0x00000002   PAD
    0x2400052c   COMPRESSED   0x00000009   Data   RW          410    .data.USBD_HID_Desc  usbd_hid.o
    0x24000535   COMPRESSED   0x00000003   PAD
    0x24000538   COMPRESSED   0x0000000a   Data   RW          412    .data.USBD_HID_DeviceQualifierDesc  usbd_hid.o
    0x24000542   COMPRESSED   0x00000002   PAD
    0x24000544   COMPRESSED   0x00000004   Data   RW          260    .data.USBD_LangIDDesc  usbd_desc.o
    0x24000548   COMPRESSED   0x0000001a   Data   RW          261    .data.USBD_StringSerial  usbd_desc.o
    0x24000562   COMPRESSED   0x00000001   Data   RW          375    .data.g_usb_fifo_available  usbd_sdk.o
    0x24000563   COMPRESSED   0x00000001   PAD
    0x24000564   COMPRESSED   0x000000bc   Data   RW         2564    .data.measureParam120  varible.o
    0x24000620   COMPRESSED   0x00000001   Data   RW         1903    .data.uwTickFreq    stm32h7xx_hal.o
    0x24000621   COMPRESSED   0x00000003   PAD
    0x24000624   COMPRESSED   0x00000004   Data   RW         1902    .data.uwTickPrio    stm32h7xx_hal.o
    0x24000628   COMPRESSED   0x00000004   Data   RW         2397    .data.uxCriticalNesting  port.o
    0x2400062c   COMPRESSED   0x00000004   PAD
    0x24000630        -       0x000000f6   Zero   RW         2770    .bss                Measure.lib(measureinterface.o)
    0x24000726   COMPRESSED   0x00000002   PAD
    0x24000728        -       0x00000294   Zero   RW         2867    .bss                Measure.lib(interface.o)
    0x240009bc        -       0x00000138   Zero   RW         2932    .bss                Measure.lib(measure_ex.o)
    0x24000af4        -       0x00000104   Zero   RW          334    .bss.Flash_buff     w25qxx.o
    0x24000bf8        -       0x00000002   Zero   RW          106    .bss.MeasurePeriod  task_ircamera.o
    0x24000bfa   COMPRESSED   0x00000002   PAD
    0x24000bfc        -       0x0000000f   Zero   RW           60    .bss.SDK_USBD_SERIALNUMBER_STRING  ir_sensor.o
    0x24000c0b        -       0x00000001   Zero   RW         2474    .bss.USBD_SetConfig.cfgidx  usbd_ctlreq.o
    0x24000c0c        -       0x00000200   Zero   RW          262    .bss.USBD_StrDesc   usbd_desc.o
    0x24000e0c        -       0x00000014   Zero   RW          234    .bss.USBD_static_malloc.mem  usbd_conf.o
    0x24000e20        -       0x00005640   Zero   RW          108    .bss.X_buff         task_ircamera.o
    0x24006460        -       0x00000001   Zero   RW           75    .bss.average_shutter_start_cnt  task_default.o
    0x24006461   COMPRESSED   0x00000003   PAD
    0x24006464        -       0x0000ae60   Zero   RW          107    .bss.dcmi_buff      task_ircamera.o
    0x240112c4        -       0x00000004   Zero   RW          134    .bss.defaultTaskHandle  main.o
    0x240112c8        -       0x00000002   Zero   RW          109    .bss.frame_count    task_ircamera.o
    0x240112ca        -       0x00000002   Zero   RW           73    .bss.g_ad_channel   task_default.o
    0x240112cc        -       0x00000002   Zero   RW           74    .bss.g_ad_readcnt   task_default.o
    0x240112ce        -       0x00000001   Zero   RW           94    .bss.g_nuc_start    task_ircamera.o
    0x240112cf   COMPRESSED   0x00000001   PAD
    0x240112d0        -       0x00000002   Zero   RW           52    .bss.g_param_init_done  ir_sensor.o
    0x240112d2        -       0x00000001   Zero   RW          105    .bss.g_paramline_start  task_ircamera.o
    0x240112d3   COMPRESSED   0x00000001   PAD
    0x240112d4        -       0x00000002   Zero   RW           53    .bss.g_start_tmp_read_done  ir_sensor.o
    0x240112d6        -       0x00000002   Zero   RW          103    .bss.g_update_length  task_ircamera.o
    0x240112d8        -       0x00000002   Zero   RW          104    .bss.g_update_pageID  task_ircamera.o
    0x240112da        -       0x00000002   Zero   RW           98    .bss.g_update_recv_len  task_ircamera.o
    0x240112dc        -       0x00000001   Zero   RW           96    .bss.g_update_start  task_ircamera.o
    0x240112dd   COMPRESSED   0x00000001   PAD
    0x240112de        -       0x00000002   Zero   RW          101    .bss.g_upload_length  task_ircamera.o
    0x240112e0        -       0x00000002   Zero   RW          102    .bss.g_upload_pageID  task_ircamera.o
    0x240112e2        -       0x00000001   Zero   RW          100    .bss.g_upload_start  task_ircamera.o
    0x240112e3        -       0x00000001   Zero   RW           99    .bss.g_usb_start    task_ircamera.o
    0x240112e4        -       0x000002dc   Zero   RW          164    .bss.hUsbDeviceFS   usb_device.o
    0x240115c0        -       0x00000050   Zero   RW          136    .bss.hdcmi          main.o
    0x24011610        -       0x00000078   Zero   RW          137    .bss.hdma_dcmi      main.o
    0x24011688        -       0x00000078   Zero   RW          141    .bss.hdma_memtomem_dma1_stream1  main.o
    0x24011700        -       0x00000054   Zero   RW          138    .bss.hi2c2          main.o
    0x24011754        -       0x00000001   Zero   RW         2559    .bss.history_shutter_id  varible.o
    0x24011755   COMPRESSED   0x00000003   PAD
    0x24011758        -       0x0000050c   Zero   RW          233    .bss.hpcd_USB_OTG_FS  usbd_conf.o
    0x24011c64        -       0x00000088   Zero   RW          139    .bss.hspi1          main.o
    0x24011cec        -       0x00000088   Zero   RW          140    .bss.hspi4          main.o
    0x24011d74        -       0x0000004c   Zero   RW          427    .bss.htim1          stm32h7xx_hal_timebase_tim.o
    0x24011dc0        -       0x00000004   Zero   RW          135    .bss.irCameraTaskHandle  main.o
    0x24011dc4        -       0x00000001   Zero   RW         2563    .bss.manual_type    varible.o
    0x24011dc5        -       0x00000060   Zero   RW          112    .bss.new_param      task_ircamera.o
    0x24011e25   COMPRESSED   0x00000003   PAD
    0x24011e28        -       0x00000004   Zero   RW         2566    .bss.pImage         varible.o
    0x24011e2c        -       0x00000004   Zero   RW           54    .bss.pParamStatus   ir_sensor.o
    0x24011e30        -       0x00000004   Zero   RW           55    .bss.pParamStatus1  ir_sensor.o
    0x24011e34        -       0x00000004   Zero   RW           56    .bss.pParamUser     ir_sensor.o
    0x24011e38        -       0x00000004   Zero   RW           57    .bss.pParamUser1    ir_sensor.o
    0x24011e3c        -       0x00000004   Zero   RW           58    .bss.pTempInfo      ir_sensor.o
    0x24011e40        -       0x00000004   Zero   RW         2192    .bss.pxCurrentTCB   tasks.o
    0x24011e44        -       0x00000004   Zero   RW         2209    .bss.pxDelayedTaskList  tasks.o
    0x24011e48        -       0x00000004   Zero   RW         2354    .bss.pxEnd          heap_4.o
    0x24011e4c        -       0x00000004   Zero   RW         2210    .bss.pxOverflowDelayedTaskList  tasks.o
    0x24011e50        -       0x0000008c   Zero   RW         2193    .bss.pxReadyTasksLists  tasks.o
    0x24011edc        -       0x00000001   Zero   RW         2558    .bss.shutter_id     varible.o
    0x24011edd        -       0x00008a20   Zero   RW         2357    .bss.ucHeap         heap_4.o
    0x2401a8fd        -       0x00000001   Zero   RW         2395    .bss.ucMaxSysCallPriority  port.o
    0x2401a8fe   COMPRESSED   0x00000002   PAD
    0x2401a900        -       0x00000004   Zero   RW         2396    .bss.ulMaxPRIGROUPValue  port.o
    0x2401a904        -       0x00001000   Zero   RW           97    .bss.update_buff    task_ircamera.o
    0x2401b904        -       0x00019002   Zero   RW          111    .bss.upload_buff    task_ircamera.o
    0x24034906   COMPRESSED   0x00000002   PAD
    0x24034908        -       0x00000004   Zero   RW         1904    .bss.uwTick         stm32h7xx_hal.o
    0x2403490c        -       0x00000004   Zero   RW         2199    .bss.uxCurrentNumberOfTasks  tasks.o
    0x24034910        -       0x00000004   Zero   RW         2198    .bss.uxDeletedTasksWaitingCleanUp  tasks.o
    0x24034914        -       0x00000004   Zero   RW         2200    .bss.uxSchedulerSuspended  tasks.o
    0x24034918        -       0x00000004   Zero   RW         2195    .bss.uxTaskNumber   tasks.o
    0x2403491c        -       0x00000004   Zero   RW         2194    .bss.uxTopReadyPriority  tasks.o
    0x24034920        -       0x00000014   Zero   RW         2212    .bss.xDelayedTaskList1  tasks.o
    0x24034934        -       0x00000014   Zero   RW         2213    .bss.xDelayedTaskList2  tasks.o
    0x24034948        -       0x00000004   Zero   RW         2355    .bss.xFreeBytesRemaining  heap_4.o
    0x2403494c        -       0x00000200   Zero   RW          154    .bss.xIdleStack     freertos.o
    0x24034b4c        -       0x00000004   Zero   RW         2206    .bss.xIdleTaskHandles.0  tasks.o
    0x24034b50        -       0x00000054   Zero   RW          153    .bss.xIdleTaskTCBBuffer  freertos.o
    0x24034ba4        -       0x00000004   Zero   RW         2358    .bss.xMinimumEverFreeBytesRemaining  heap_4.o
    0x24034ba8        -       0x00000004   Zero   RW         2204    .bss.xNextTaskUnblockTime  tasks.o
    0x24034bac        -       0x00000004   Zero   RW         2211    .bss.xNumOfOverflows  tasks.o
    0x24034bb0        -       0x00000004   Zero   RW         2359    .bss.xNumberOfSuccessfulAllocations  heap_4.o
    0x24034bb4        -       0x00000004   Zero   RW         2360    .bss.xNumberOfSuccessfulFrees  heap_4.o
    0x24034bb8        -       0x00000004   Zero   RW         2208    .bss.xPendedTicks   tasks.o
    0x24034bbc        -       0x00000014   Zero   RW         2203    .bss.xPendingReadyList  tasks.o
    0x24034bd0        -       0x00000004   Zero   RW         2196    .bss.xSchedulerRunning  tasks.o
    0x24034bd4        -       0x00000008   Zero   RW         2356    .bss.xStart         heap_4.o
    0x24034bdc        -       0x00000014   Zero   RW         2201    .bss.xSuspendedTaskList  tasks.o
    0x24034bf0        -       0x00000014   Zero   RW         2197    .bss.xTasksWaitingTermination  tasks.o
    0x24034c04        -       0x00000004   Zero   RW         2205    .bss.xTickCount     tasks.o
    0x24034c08        -       0x00000004   Zero   RW         2202    .bss.xYieldPendings  tasks.o
    0x24034c0c        -       0x00002a30   Zero   RW          110    .bss.y8_buff        task_ircamera.o
    0x2403763c   COMPRESSED   0x00000004   PAD
    0x24037640        -       0x00000400   Zero   RW            1    STACK               startup_stm32h750xx.o


==============================================================================

Image component sizes


      Code (inc. data)   RO Data    RW Data    ZI Data      Debug   Object Name

       124          0          0          0          0      23287   cmsis_os.o
        26          0          0          0        596       1616   freertos.o
       782          0          0          0      35388       5795   heap_4.o
       394          0          0          0          0       3359   i2c_device.o
       268          0          0          0         39       3223   ir_sensor.o
       126          0          0          0          0       2198   list.o
      1054         56         25          0        684      19205   main.o
       926         16          0          4          5       4320   port.o
       218          0          0          0          0       1869   shutter.o
        96          0          0          0          0       2256   spi.o
        36          8        664          0       1024        824   startup_stm32h750xx.o
       192          0          0          5          4      14949   stm32h7xx_hal.o
       154          0          0          0          0      12284   stm32h7xx_hal_cortex.o
       838          0          0          0          0       9042   stm32h7xx_hal_dcmi.o
     10084         12          0          0          0      18124   stm32h7xx_hal_dma.o
      2034          0          0          0          0       8406   stm32h7xx_hal_dma_ex.o
       444          0          0          0          0       6917   stm32h7xx_hal_gpio.o
      1638          0          0          0          0      62864   stm32h7xx_hal_i2c.o
       146          0          0          0          0       7616   stm32h7xx_hal_i2c_ex.o
       826          0          0          0          0      15606   stm32h7xx_hal_msp.o
      3022          0          0          0          0      16489   stm32h7xx_hal_pcd.o
       126          0          0          0          0       6060   stm32h7xx_hal_pcd_ex.o
        90          0          0          0          0      10504   stm32h7xx_hal_pwr_ex.o
      2954         16          0          0          0      11811   stm32h7xx_hal_rcc.o
      3144         90          0          0          0      17998   stm32h7xx_hal_rcc_ex.o
      2316          0          0          0          0      21471   stm32h7xx_hal_spi.o
       990          0          0          0          0      64512   stm32h7xx_hal_tim.o
         6          0          0          0          0      24987   stm32h7xx_hal_tim_ex.o
       154          0          0          0         76       9742   stm32h7xx_hal_timebase_tim.o
        66          0          0          0          0       8652   stm32h7xx_it.o
      2766          0          0          0          0      26466   stm32h7xx_ll_usb.o
       124          0         16          8          0       4763   system_stm32h7xx.o
       624         56          0          0          5       2128   task_default.o
      1062          4          0          0     184133       7997   task_ircamera.o
      2256          0          4          0        300      33243   tasks.o
        82          0          0          0        732       3161   usb_device.o
       826          0          0          0       1312      22814   usbd_conf.o
       882          0          0          0          0      10553   usbd_core.o
      1750         32          0          0          1      10950   usbd_ctlreq.o
       324         72          0         80        512       3709   usbd_desc.o
       586         22          0        183          0       8091   usbd_hid.o
       102          0          0          0          0       4709   usbd_ioreq.o
        52          0          0          1          0       6252   usbd_sdk.o
         0          0          0        278          7       3235   varible.o
      1074          0          0          0        260      10386   w25qxx.o

    ----------------------------------------------------------------------
     46540        412        744        576     225104     574443   Object Totals
         0          0         32          0          0          0   (incl. Generated)
       756         28          3         17         26          0   (incl. Padding)

    ----------------------------------------------------------------------

      Code (inc. data)   RO Data    RW Data    ZI Data      Debug   Library Member Name

       202          0          0        520          0       3944   common.o
       302          0          0          0          0       2751   drt.o
         0          0          0          4          0       1405   global.o
       116         10          0          0        660       5187   interface.o
      1072         72          0        404        312       8350   measure_ex.o
       210         16          0          8        246      14117   measureinterface.o
      2380        144          0          0          0      11801   mt.o
       756         64          0         44          0       8471   shuttertool.o
       612          0          0          0          0       2704   spatial_domain_filter.o
       512         16          0          0          0       2310   time_field_filter.o
       444         22          0          0          0       3512   imagecal.o
      1378         42          0         24          0      15685   sensor.o
        58          0          0          0          0          0   __dczerorl.o
       224          0          0          0          0         96   _scanf_str.o
         0          0          0          0          0          0   entry.o
         0          0          0          0          0          0   entry10a.o
         0          0          0          0          0          0   entry11a.o
         8          4          0          0          0          0   entry2.o
         4          0          0          0          0          0   entry5.o
         0          0          0          0          0          0   entry7b.o
         0          0          0          0          0          0   entry8b.o
         8          4          0          0          0          0   entry9a.o
        30          0          0          0          0          0   handlers.o
        36          8          0          0          0         68   init.o
         0          0          0          0          0          0   iusefp.o
        98          0          0          0          0         84   ldiv.o
        30          0          0          0          0         68   llshl.o
        32          0          0          0          0         68   llushr.o
        64          0          0          0          0         76   memmovea.o
        36          0          0          0          0        108   memseta.o
        98          0          0          0          0         92   uldiv.o
       222          0          0          0          0        100   ddiv.o
       186          0          0          0          0        176   depilogue.o
        50          0          0          0          0         76   dfixui.o
        26          0          0          0          0         76   dfltui.o

    ----------------------------------------------------------------------
      9212        402          0       1004       1220      81325   Library Totals
        18          0          0          0          2          0   (incl. Padding)

    ----------------------------------------------------------------------

      Code (inc. data)   RO Data    RW Data    ZI Data      Debug   Library Name

      6162        322          0        980       1218      61040   Measure.lib
      1822         64          0         24          0      19197   Sensor.lib
       726         16          0          0          0        660   mc_w.l
       484          0          0          0          0        428   mf_w.l

    ----------------------------------------------------------------------
      9212        402          0       1004       1220      81325   Library Totals

    ----------------------------------------------------------------------

==============================================================================


      Code (inc. data)   RO Data    RW Data    ZI Data      Debug   

     55752        814        744       1580     226324     650692   Grand Totals
     55752        814        744        464     226324     650692   ELF Image Totals (compressed)
     55752        814        744        464          0          0   ROM Totals

==============================================================================

    Total RO  Size (Code + RO Data)                56496 (  55.17kB)
    Total RW  Size (RW Data + ZI Data)            227904 ( 222.56kB)
    Total ROM Size (Code + RO Data + RW Data)      56960 (  55.62kB)

==============================================================================

