Component: ARM Compiler 5.06 update 6 (build 750) Tool: armlink [4d35ed]

==============================================================================

Section Cross References

    startup_stm32h750xx.o(RESET) refers to startup_stm32h750xx.o(STACK) for __initial_sp
    startup_stm32h750xx.o(RESET) refers to startup_stm32h750xx.o(.text) for Reset_Handler
    startup_stm32h750xx.o(RESET) refers to stm32h7xx_it.o(i.NMI_Handler) for NMI_Handler
    startup_stm32h750xx.o(RESET) refers to stm32h7xx_it.o(i.HardFault_Handler) for HardFault_Handler
    startup_stm32h750xx.o(RESET) refers to stm32h7xx_it.o(i.MemManage_Handler) for MemManage_Handler
    startup_stm32h750xx.o(RESET) refers to stm32h7xx_it.o(i.BusFault_Handler) for BusFault_Handler
    startup_stm32h750xx.o(RESET) refers to stm32h7xx_it.o(i.UsageFault_Handler) for UsageFault_Handler
    startup_stm32h750xx.o(RESET) refers to port.o(.emb_text) for SVC_Handler
    startup_stm32h750xx.o(RESET) refers to stm32h7xx_it.o(i.DebugMon_Handler) for DebugMon_Handler
    startup_stm32h750xx.o(RESET) refers to stm32h7xx_it.o(i.SysTick_Handler) for SysTick_Handler
    startup_stm32h750xx.o(RESET) refers to stm32h7xx_it.o(i.EXTI2_IRQHandler) for EXTI2_IRQHandler
    startup_stm32h750xx.o(RESET) refers to stm32h7xx_it.o(i.DMA1_Stream0_IRQHandler) for DMA1_Stream0_IRQHandler
    startup_stm32h750xx.o(RESET) refers to stm32h7xx_it.o(i.DMA1_Stream1_IRQHandler) for DMA1_Stream1_IRQHandler
    startup_stm32h750xx.o(RESET) refers to stm32h7xx_it.o(i.DCMI_IRQHandler) for DCMI_IRQHandler
    startup_stm32h750xx.o(RESET) refers to stm32h7xx_it.o(i.OTG_FS_IRQHandler) for OTG_FS_IRQHandler
    startup_stm32h750xx.o(.text) refers to system_stm32h7xx.o(i.SystemInit) for SystemInit
    startup_stm32h750xx.o(.text) refers to entry.o(.ARM.Collect$$$$00000000) for __main
    i2c_device.o(i.WriteI2C) refers to memcpya.o(.text) for __aeabi_memcpy
    i2c_device.o(i.WriteI2C) refers to stm32h7xx_hal_i2c.o(i.HAL_I2C_Master_Transmit) for HAL_I2C_Master_Transmit
    i2c_device.o(i.WriteI2C) refers to main.o(.bss) for hi2c2
    i2c_device.o(i.ads1115_convert) refers to i2c_device.o(i.WriteI2C) for WriteI2C
    i2c_device.o(i.ads1115_init) refers to i2c_device.o(i.WriteI2C) for WriteI2C
    i2c_device.o(i.ads1115_read) refers to stm32h7xx_hal_i2c.o(i.HAL_I2C_Master_Transmit) for HAL_I2C_Master_Transmit
    i2c_device.o(i.ads1115_read) refers to stm32h7xx_hal_i2c.o(i.HAL_I2C_Master_Receive) for HAL_I2C_Master_Receive
    i2c_device.o(i.ads1115_read) refers to main.o(.bss) for hi2c2
    spi_device.o(i.INT_time_set) refers to spi_device.o(i.sensor_reg_write) for sensor_reg_write
    spi_device.o(i.sensor_init) refers to spi_device.o(i.INT_time_set) for INT_time_set
    spi_device.o(i.sensor_init) refers to spi_device.o(i.sensor_reg_write) for sensor_reg_write
    spi_device.o(i.sensor_reg_dump) refers to memcpya.o(.text) for __aeabi_memcpy4
    spi_device.o(i.sensor_reg_dump) refers to spi_device.o(i.sensor_reg_read) for sensor_reg_read
    spi_device.o(i.sensor_reg_read) refers to stm32h7xx_hal_spi.o(i.HAL_SPI_TransmitReceive) for HAL_SPI_TransmitReceive
    spi_device.o(i.sensor_reg_read) refers to main.o(.bss) for hspi1
    spi_device.o(i.sensor_reg_write) refers to stm32h7xx_hal_spi.o(i.HAL_SPI_Transmit) for HAL_SPI_Transmit
    spi_device.o(i.sensor_reg_write) refers to main.o(.bss) for hspi1
    ir_sensor.o(i.SetDectectValue) refers to spi_device.o(i.sensor_reg_write) for sensor_reg_write
    ir_sensor.o(i.SetDectectValue) refers to spi_device.o(i.INT_time_set) for INT_time_set
    ir_sensor.o(i.params_init) refers to w25qxx.o(i.BSP_W25Qx_Read_Sector) for BSP_W25Qx_Read_Sector
    ir_sensor.o(i.params_init) refers to memcpya.o(.text) for __aeabi_memcpy
    ir_sensor.o(i.params_init) refers to cmsis_os.o(i.osDelay) for osDelay
    ir_sensor.o(i.params_init) refers to memseta.o(.text) for __aeabi_memclr
    ir_sensor.o(i.params_init) refers to ir_sensor.o(.data) for .data
    ir_sensor.o(i.params_init) refers to task_ircamera.o(.bss) for new_param
    ir_sensor.o(i.params_init) refers to ir_sensor.o(.bss) for .bss
    ir_sensor.o(i.shutter_close) refers to stm32h7xx_hal_gpio.o(i.HAL_GPIO_WritePin) for HAL_GPIO_WritePin
    ir_sensor.o(i.shutter_close) refers to cmsis_os.o(i.osDelay) for osDelay
    ir_sensor.o(i.shutter_open) refers to stm32h7xx_hal_gpio.o(i.HAL_GPIO_WritePin) for HAL_GPIO_WritePin
    ir_sensor.o(i.shutter_open) refers to cmsis_os.o(i.osDelay) for osDelay
    task_default.o(i.HAL_GPIO_EXTI_Callback) refers to i2c_device.o(i.ads1115_read) for ads1115_read
    task_default.o(i.HAL_GPIO_EXTI_Callback) refers to dfltul.o(.text) for __aeabi_ul2d
    task_default.o(i.HAL_GPIO_EXTI_Callback) refers to task_default.o(.data) for .data
    task_default.o(i.HAL_GPIO_EXTI_Callback) refers to varible.o(.data) for measureParam120
    task_default.o(i.HAL_GPIO_EXTI_Callback) refers to ir_sensor.o(.data) for g_start_tmp_read_done
[...]
    HAL_PCD_MspInit                          0x08005651   Thumb Code   108  usbd_conf.o(i.HAL_PCD_MspInit)
    HAL_PCD_ResetCallback                    0x080056c9   Thumb Code    44  usbd_conf.o(i.HAL_PCD_ResetCallback)
    HAL_PCD_ResumeCallback                   0x080056f5   Thumb Code     8  usbd_conf.o(i.HAL_PCD_ResumeCallback)
    HAL_PCD_SOFCallback                      0x080056fd   Thumb Code     8  usbd_conf.o(i.HAL_PCD_SOFCallback)
    HAL_PCD_SetAddress                       0x08005705   Thumb Code    40  stm32h7xx_hal_pcd.o(i.HAL_PCD_SetAddress)
    HAL_PCD_SetupStageCallback               0x0800572d   Thumb Code    14  usbd_conf.o(i.HAL_PCD_SetupStageCallback)
    HAL_PCD_Start                            0x0800573b   Thumb Code    66  stm32h7xx_hal_pcd.o(i.HAL_PCD_Start)
    HAL_PCD_SuspendCallback                  0x0800577d   Thumb Code    44  usbd_conf.o(i.HAL_PCD_SuspendCallback)
    HAL_PWREx_ConfigSupply                   0x080057ad   Thumb Code    76  stm32h7xx_hal_pwr_ex.o(i.HAL_PWREx_ConfigSupply)
    HAL_PWREx_EnableUSBVoltageDetector       0x080057fd   Thumb Code    12  stm32h7xx_hal_pwr_ex.o(i.HAL_PWREx_EnableUSBVoltageDetector)
    HAL_RCCEx_GetD1SysClockFreq              0x0800580d   Thumb Code    30  stm32h7xx_hal_rcc_ex.o(i.HAL_RCCEx_GetD1SysClockFreq)
    HAL_RCCEx_PeriphCLKConfig                0x08005839   Thumb Code  2230  stm32h7xx_hal_rcc_ex.o(i.HAL_RCCEx_PeriphCLKConfig)
    HAL_RCC_ClockConfig                      0x080060f1   Thumb Code   558  stm32h7xx_hal_rcc.o(i.HAL_RCC_ClockConfig)
    HAL_RCC_GetHCLKFreq                      0x08006331   Thumb Code    30  stm32h7xx_hal_rcc.o(i.HAL_RCC_GetHCLKFreq)
    HAL_RCC_GetSysClockFreq                  0x0800635d   Thumb Code   278  stm32h7xx_hal_rcc.o(i.HAL_RCC_GetSysClockFreq)
    HAL_RCC_MCOConfig                        0x08006495   Thumb Code   130  stm32h7xx_hal_rcc.o(i.HAL_RCC_MCOConfig)
    HAL_RCC_OscConfig                        0x08006529   Thumb Code  1206  stm32h7xx_hal_rcc.o(i.HAL_RCC_OscConfig)
    HAL_SPI_Init                             0x080069e1   Thumb Code   308  stm32h7xx_hal_spi.o(i.HAL_SPI_Init)
    HAL_SPI_MspInit                          0x08006b21   Thumb Code   186  stm32h7xx_hal_msp.o(i.HAL_SPI_MspInit)
    HAL_SPI_Receive                          0x08006bf5   Thumb Code   552  stm32h7xx_hal_spi.o(i.HAL_SPI_Receive)
    HAL_SPI_Transmit                         0x08006e1d   Thumb Code   556  stm32h7xx_hal_spi.o(i.HAL_SPI_Transmit)
    HAL_SPI_TransmitReceive                  0x08007049   Thumb Code   802  stm32h7xx_hal_spi.o(i.HAL_SPI_TransmitReceive)
    HAL_SYSTICK_Config                       0x0800736b   Thumb Code    38  stm32h7xx_hal_cortex.o(i.HAL_SYSTICK_Config)
    HardFault_Handler                        0x08007391   Thumb Code     2  stm32h7xx_it.o(i.HardFault_Handler)
    INT_time_set                             0x080075ed   Thumb Code    24  spi_device.o(i.INT_time_set)
    InfraredProcess                          0x08007605   Thumb Code    76  interface.o(i.InfraredProcess)
    InfraredProcessInterface                 0x08007651   Thumb Code    10  interface.o(i.InfraredProcessInterface)
    InitMeasurePara                          0x08007661   Thumb Code     8  measureinterface.o(i.InitMeasurePara)
    InitParamStruct                          0x0800766d   Thumb Code   822  common.o(i.InitParamStruct)
    MEASURE_ALLOC_AssignMemory               0x08007a01   Thumb Code    18  unpack.o(i.MEASURE_ALLOC_AssignMemory)
    MPU_Config                               0x08007a19   Thumb Code   126  main.o(i.MPU_Config)
    MX_USB_DEVICE_Init                       0x08007d65   Thumb Code    52  usb_device.o(i.MX_USB_DEVICE_Init)
    MemManage_Handler                        0x08007dd5   Thumb Code     2  stm32h7xx_it.o(i.MemManage_Handler)
    MemoryAlloc                              0x08007dd9   Thumb Code    76  sensor.o(i.MemoryAlloc)
    NMI_Handler                              0x08007e29   Thumb Code     2  stm32h7xx_it.o(i.NMI_Handler)
    NUCbyTwoPoint                            0x08007e2d   Thumb Code   178  imagecal.o(i.NUCbyTwoPoint)
    OTG_FS_IRQHandler                        0x08007ef1   Thumb Code     6  stm32h7xx_it.o(i.OTG_FS_IRQHandler)
    PadMatrix                                0x0800807b   Thumb Code   202  common.o(i.PadMatrix)
    SPI_FLASH_BufferRead                     0x08008441   Thumb Code   174  w25qxx.o(i.SPI_FLASH_BufferRead)
    SPI_FLASH_CS_HIGH                        0x080084f1   Thumb Code    10  spi.o(i.SPI_FLASH_CS_HIGH)
    SPI_FLASH_CS_LOW                         0x08008501   Thumb Code    12  spi.o(i.SPI_FLASH_CS_LOW)
    SPI_Read_Byte                            0x08008511   Thumb Code    20  spi.o(i.SPI_Read_Byte)
    SPI_SendByte                             0x08008529   Thumb Code    16  spi.o(i.SPI_SendByte)
    Sensor120changeRFuc                      0x08008581   Thumb Code   284  measureinterface.o(i.Sensor120changeRFuc)
    SensorReadReg                            0x080086a9   Thumb Code    42  sensor.o(i.SensorReadReg)
    SensorWriteReg                           0x080086d3   Thumb Code    36  sensor.o(i.SensorWriteReg)
    Sensor_Config                            0x080086f7   Thumb Code    36  sensor.o(i.Sensor_Config)
    Sensor_Reg_Initial                       0x0800871b   Thumb Code    30  sensor.o(i.Sensor_Reg_Initial)
    SetDectectValue                          0x08008739   Thumb Code    38  ir_sensor.o(i.SetDectectValue)
    SetMeasureDegree                         0x08008761   Thumb Code   100  measureinterface.o(i.SetMeasureDegree)
    SetParaConfig                            0x080087d9   Thumb Code    94  mt.o(i.SetParaConfig)
    Shutter_Off                              0x0800883d   Thumb Code    48  shutter.o(i.Shutter_Off)
    Shutter_On                               0x08008871   Thumb Code    48  shutter.o(i.Shutter_On)
    Shutter_State                            0x080088a5   Thumb Code   470  sensor.o(i.Shutter_State)
    Shutter_Stop                             0x08008a81   Thumb Code    38  shutter.o(i.Shutter_Stop)
    StartDefaultTask                         0x08008aad   Thumb Code   146  task_default.o(i.StartDefaultTask)
    StartIRCameraTask                        0x08008b55   Thumb Code   620  task_ircamera.o(i.StartIRCameraTask)
    SysTick_Handler                          0x08008e59   Thumb Code    14  stm32h7xx_it.o(i.SysTick_Handler)
    SystemClock_Config                       0x08008e69   Thumb Code   222  main.o(i.SystemClock_Config)
    SystemInit                               0x08008f59   Thumb Code   134  system_stm32h7xx.o(i.SystemInit)
    USBD_ClrClassConfig                      0x08008ff5   Thumb Code    14  usbd_core.o(i.USBD_ClrClassConfig)
    USBD_CtlContinueRx                       0x08009003   Thumb Code    16  usbd_ioreq.o(i.USBD_CtlContinueRx)
    USBD_CtlContinueSendData                 0x08009013   Thumb Code    16  usbd_ioreq.o(i.USBD_CtlContinueSendData)
    USBD_CtlError                            0x08009023   Thumb Code    22  usbd_ctlreq.o(i.USBD_CtlError)
    USBD_CtlReceiveStatus                    0x08009039   Thumb Code    22  usbd_ioreq.o(i.USBD_CtlReceiveStatus)
    USBD_CtlSendData                         0x0800904f   Thumb Code    26  usbd_ioreq.o(i.USBD_CtlSendData)
    USBD_CtlSendStatus                       0x08009069   Thumb Code    22  usbd_ioreq.o(i.USBD_CtlSendStatus)
    USBD_FS_ConfigStrDescriptor              0x08009081   Thumb Code    16  usbd_desc.o(i.USBD_FS_ConfigStrDescriptor)
    USBD_FS_DeviceDescriptor                 0x080090a5   Thumb Code     8  usbd_desc.o(i.USBD_FS_DeviceDescriptor)
    USBD_FS_InterfaceStrDescriptor           0x080090b1   Thumb Code    16  usbd_desc.o(i.USBD_FS_InterfaceStrDescriptor)
    USBD_FS_LangIDStrDescriptor              0x080090d5   Thumb Code     8  usbd_desc.o(i.USBD_FS_LangIDStrDescriptor)
    USBD_FS_ManufacturerStrDescriptor        0x080090e1   Thumb Code    16  usbd_desc.o(i.USBD_FS_ManufacturerStrDescriptor)
    USBD_FS_ProductStrDescriptor             0x08009115   Thumb Code    16  usbd_desc.o(i.USBD_FS_ProductStrDescriptor)
    USBD_FS_SerialStrDescriptor              0x08009135   Thumb Code    50  usbd_desc.o(i.USBD_FS_SerialStrDescriptor)
    USBD_GetString                           0x08009259   Thumb Code    74  usbd_ctlreq.o(i.USBD_GetString)
    USBD_Get_USB_Status                      0x080092a3   Thumb Code    24  usbd_conf.o(i.USBD_Get_USB_Status)
    USBD_Init                                0x080092bb   Thumb Code    42  usbd_core.o(i.USBD_Init)
    USBD_LL_ClearStallEP                     0x080092e5   Thumb Code    18  usbd_conf.o(i.USBD_LL_ClearStallEP)
    USBD_LL_CloseEP                          0x080092f7   Thumb Code    18  usbd_conf.o(i.USBD_LL_CloseEP)
    USBD_LL_DataInStage                      0x08009309   Thumb Code   194  usbd_core.o(i.USBD_LL_DataInStage)
    USBD_LL_DataOutStage                     0x080093cb   Thumb Code   130  usbd_core.o(i.USBD_LL_DataOutStage)
    USBD_LL_DevConnected                     0x0800944d   Thumb Code     4  usbd_core.o(i.USBD_LL_DevConnected)
    USBD_LL_DevDisconnected                  0x08009451   Thumb Code    22  usbd_core.o(i.USBD_LL_DevDisconnected)
    USBD_LL_FlushEP                          0x08009467   Thumb Code    18  usbd_conf.o(i.USBD_LL_FlushEP)
    USBD_LL_GetRxDataSize                    0x08009479   Thumb Code     8  usbd_conf.o(i.USBD_LL_GetRxDataSize)
    USBD_LL_Init                             0x08009481   Thumb Code   100  usbd_conf.o(i.USBD_LL_Init)
    USBD_LL_IsStallEP                        0x080094ed   Thumb Code    32  usbd_conf.o(i.USBD_LL_IsStallEP)
    USBD_LL_IsoINIncomplete                  0x0800950d   Thumb Code     4  usbd_core.o(i.USBD_LL_IsoINIncomplete)
    USBD_LL_IsoOUTIncomplete                 0x08009511   Thumb Code     4  usbd_core.o(i.USBD_LL_IsoOUTIncomplete)
    USBD_LL_OpenEP                           0x08009515   Thumb Code    24  usbd_conf.o(i.USBD_LL_OpenEP)
    USBD_LL_PrepareReceive                   0x0800952d   Thumb Code    18  usbd_conf.o(i.USBD_LL_PrepareReceive)
    USBD_LL_Reset                            0x0800953f   Thumb Code    80  usbd_core.o(i.USBD_LL_Reset)
    USBD_LL_Resume                           0x0800958f   Thumb Code    12  usbd_core.o(i.USBD_LL_Resume)
    USBD_LL_SOF                              0x0800959b   Thumb Code    24  usbd_core.o(i.USBD_LL_SOF)
    USBD_LL_SetSpeed                         0x080095b3   Thumb Code     6  usbd_core.o(i.USBD_LL_SetSpeed)
    USBD_LL_SetUSBAddress                    0x080095b9   Thumb Code    18  usbd_conf.o(i.USBD_LL_SetUSBAddress)
    USBD_LL_SetupStage                       0x080095cb   Thumb Code    86  usbd_core.o(i.USBD_LL_SetupStage)
    USBD_LL_StallEP                          0x08009621   Thumb Code    18  usbd_conf.o(i.USBD_LL_StallEP)
    USBD_LL_Start                            0x08009633   Thumb Code    18  usbd_conf.o(i.USBD_LL_Start)
    USBD_LL_Suspend                          0x08009645   Thumb Code    18  usbd_core.o(i.USBD_LL_Suspend)
    USBD_LL_Transmit                         0x08009657   Thumb Code    18  usbd_conf.o(i.USBD_LL_Transmit)
    USBD_ParseSetupRequest                   0x08009669   Thumb Code    40  usbd_ctlreq.o(i.USBD_ParseSetupRequest)
    USBD_RegisterClass                       0x08009691   Thumb Code    18  usbd_core.o(i.USBD_RegisterClass)
    USBD_SetClassConfig                      0x0800977b   Thumb Code    22  usbd_core.o(i.USBD_SetClassConfig)
    USBD_Start                               0x08009819   Thumb Code    10  usbd_core.o(i.USBD_Start)
    USBD_StdDevReq                           0x08009823   Thumb Code   276  usbd_ctlreq.o(i.USBD_StdDevReq)
    USBD_StdEPReq                            0x08009937   Thumb Code   336  usbd_ctlreq.o(i.USBD_StdEPReq)
    USBD_StdItfReq                           0x08009a87   Thumb Code    78  usbd_ctlreq.o(i.USBD_StdItfReq)
    USB_ActivateEndpoint                     0x08009ad5   Thumb Code   124  stm32h7xx_ll_usb.o(i.USB_ActivateEndpoint)
    USB_ActivateSetup                        0x08009b55   Thumb Code    52  stm32h7xx_ll_usb.o(i.USB_ActivateSetup)
    USB_CoreInit                             0x08009b89   Thumb Code   114  stm32h7xx_ll_usb.o(i.USB_CoreInit)
    USB_DeactivateEndpoint                   0x08009c39   Thumb Code   118  stm32h7xx_ll_usb.o(i.USB_DeactivateEndpoint)
    USB_DevConnect                           0x08009cb9   Thumb Code    24  stm32h7xx_ll_usb.o(i.USB_DevConnect)
    USB_DevDisconnect                        0x08009cd1   Thumb Code    24  stm32h7xx_ll_usb.o(i.USB_DevDisconnect)
    USB_DevInit                              0x08009ce9   Thumb Code   374  stm32h7xx_ll_usb.o(i.USB_DevInit)
    USB_DisableGlobalInt                     0x08009e71   Thumb Code    12  stm32h7xx_ll_usb.o(i.USB_DisableGlobalInt)
    USB_EP0StartXfer                         0x08009e7d   Thumb Code   280  stm32h7xx_ll_usb.o(i.USB_EP0StartXfer)
    USB_EP0_OutStart                         0x08009f99   Thumb Code    84  stm32h7xx_ll_usb.o(i.USB_EP0_OutStart)
    USB_EPClearStall                         0x08009ff1   Thumb Code    88  stm32h7xx_ll_usb.o(i.USB_EPClearStall)
    USB_EPSetStall                           0x0800a049   Thumb Code    88  stm32h7xx_ll_usb.o(i.USB_EPSetStall)
    USB_EPStartXfer                          0x0800a0a1   Thumb Code   482  stm32h7xx_ll_usb.o(i.USB_EPStartXfer)
    USB_EnableGlobalInt                      0x0800a289   Thumb Code    12  stm32h7xx_ll_usb.o(i.USB_EnableGlobalInt)
    USB_FlushRxFifo                          0x0800a295   Thumb Code    28  stm32h7xx_ll_usb.o(i.USB_FlushRxFifo)
    USB_FlushTxFifo                          0x0800a2b5   Thumb Code    32  stm32h7xx_ll_usb.o(i.USB_FlushTxFifo)
    USB_GetDevSpeed                          0x0800a2d9   Thumb Code    26  stm32h7xx_ll_usb.o(i.USB_GetDevSpeed)
    USB_GetMode                              0x0800a2f3   Thumb Code     8  stm32h7xx_ll_usb.o(i.USB_GetMode)
    USB_ReadDevAllInEpInterrupt              0x0800a2fb   Thumb Code    14  stm32h7xx_ll_usb.o(i.USB_ReadDevAllInEpInterrupt)
    USB_ReadDevAllOutEpInterrupt             0x0800a309   Thumb Code    14  stm32h7xx_ll_usb.o(i.USB_ReadDevAllOutEpInterrupt)
    USB_ReadDevInEPInterrupt                 0x0800a317   Thumb Code    36  stm32h7xx_ll_usb.o(i.USB_ReadDevInEPInterrupt)
    USB_ReadDevOutEPInterrupt                0x0800a33b   Thumb Code    16  stm32h7xx_ll_usb.o(i.USB_ReadDevOutEPInterrupt)
    USB_ReadInterrupts                       0x0800a34b   Thumb Code     8  stm32h7xx_ll_usb.o(i.USB_ReadInterrupts)
    USB_ReadPacket                           0x0800a353   Thumb Code    28  stm32h7xx_ll_usb.o(i.USB_ReadPacket)
    USB_SetCurrentMode                       0x0800a36f   Thumb Code    46  stm32h7xx_ll_usb.o(i.USB_SetCurrentMode)
    USB_SetDevAddress                        0x0800a39d   Thumb Code    34  stm32h7xx_ll_usb.o(i.USB_SetDevAddress)
    USB_SetTurnaroundTime                    0x0800a3c1   Thumb Code   158  stm32h7xx_ll_usb.o(i.USB_SetTurnaroundTime)
    USB_WritePacket                          0x0800a4a9   Thumb Code    36  stm32h7xx_ll_usb.o(i.USB_WritePacket)
    UsageFault_Handler                       0x0800a4cd   Thumb Code     2  stm32h7xx_it.o(i.UsageFault_Handler)
    WriteInitNUC                             0x0800a51d   Thumb Code    58  sensor.o(i.WriteInitNUC)
    __ARM_fpclassify                         0x0800a58f   Thumb Code    48  fpclassify.o(i.__ARM_fpclassify)
    __hardfp_exp                             0x0800a5e1   Thumb Code   486  exp.o(i.__hardfp_exp)
    __hardfp_pow                             0x0800a849   Thumb Code  2140  pow.o(i.__hardfp_pow)
    __kernel_poly                            0x0800b141   Thumb Code   112  poly.o(i.__kernel_poly)
    __mathlib_dbl_divzero                    0x0800b1b1   Thumb Code    14  dunder.o(i.__mathlib_dbl_divzero)
    __mathlib_dbl_infnan                     0x0800b1d1   Thumb Code     6  dunder.o(i.__mathlib_dbl_infnan)
    __mathlib_dbl_infnan2                    0x0800b1d7   Thumb Code     6  dunder.o(i.__mathlib_dbl_infnan2)
    __mathlib_dbl_invalid                    0x0800b1e1   Thumb Code    10  dunder.o(i.__mathlib_dbl_invalid)
    __mathlib_dbl_overflow                   0x0800b1f9   Thumb Code    10  dunder.o(i.__mathlib_dbl_overflow)
    __mathlib_dbl_underflow                  0x0800b211   Thumb Code    10  dunder.o(i.__mathlib_dbl_underflow)
    __scatterload_copy                       0x0800b229   Thumb Code    14  handlers.o(i.__scatterload_copy)
    __scatterload_null                       0x0800b237   Thumb Code     2  handlers.o(i.__scatterload_null)
    __scatterload_zeroinit                   0x0800b239   Thumb Code    14  handlers.o(i.__scatterload_zeroinit)
    __set_errno                              0x0800b249   Thumb Code     6  errno.o(i.__set_errno)
    ads1115_convert                          0x0800b255   Thumb Code    38  i2c_device.o(i.ads1115_convert)
    ads1115_init                             0x0800b27b   Thumb Code    72  i2c_device.o(i.ads1115_init)
    ads1115_read                             0x0800b2c5   Thumb Code    92  i2c_device.o(i.ads1115_read)
    calcKj                                   0x0800b325   Thumb Code   124  shuttertool.o(i.calcKj)
    calcKjInitHigh                           0x0800b3a9   Thumb Code    22  shuttertool.o(i.calcKjInitHigh)
    calcKjInitLow                            0x0800b3cd   Thumb Code    22  shuttertool.o(i.calcKjInitLow)
    dealShutter                              0x0800b3f1   Thumb Code   416  shuttertool.o(i.dealShutter)
    fabs                                     0x0800b5e9   Thumb Code    24  fabs.o(i.fabs)
    getLastLastShutterAvgShutter             0x0800b601   Thumb Code     8  shuttertool.o(i.getLastLastShutterAvgShutter)
    getLastLastShutterLensTemp               0x0800b60d   Thumb Code    26  shuttertool.o(i.getLastLastShutterLensTemp)
    getLastLastShutterShutterTemp            0x0800b631   Thumb Code     8  shuttertool.o(i.getLastLastShutterShutterTemp)
    getLastShutterAvgShutter                 0x0800b63d   Thumb Code     8  shuttertool.o(i.getLastShutterAvgShutter)
    getLastShutterLensTemp                   0x0800b649   Thumb Code    26  shuttertool.o(i.getLastShutterLensTemp)
    getLastShutterShutterTemp                0x0800b66d   Thumb Code     8  shuttertool.o(i.getLastShutterShutterTemp)
    initShutterFun                           0x0800b679   Thumb Code    18  shuttertool.o(i.initShutterFun)
    main                                     0x0800b691   Thumb Code   158  main.o(i.main)
    malloc                                   0x0800b75d   Thumb Code    92  malloc.o(i.malloc)
    measureChangeR                           0x0800b8c1   Thumb Code    94  measure_ex.o(i.measureChangeR)
    measureGetTemp                           0x0800b925   Thumb Code   230  measure_ex.o(i.measureGetTemp)
    osDelay                                  0x0800ba29   Thumb Code    14  cmsis_os.o(i.osDelay)
    osKernelStart                            0x0800ba37   Thumb Code    10  cmsis_os.o(i.osKernelStart)
    osSystickHandler                         0x0800ba41   Thumb Code    20  cmsis_os.o(i.osSystickHandler)
    osThreadCreate                           0x0800ba55   Thumb Code    46  cmsis_os.o(i.osThreadCreate)
    params_init                              0x0800ba85   Thumb Code   218  ir_sensor.o(i.params_init)
    pvPortMalloc                             0x0800be9d   Thumb Code   210  heap_4.o(i.pvPortMalloc)
    pxPortInitialiseStack                    0x0800bf75   Thumb Code    42  port.o(i.pxPortInitialiseStack)
    sensor_reg_write                         0x0800bfa5   Thumb Code    52  spi_device.o(i.sensor_reg_write)
    sqrt                                     0x0800bfe1   Thumb Code   106  sqrt.o(i.sqrt)
    timeFieldFilter                          0x0800c04d   Thumb Code   496  time_field_filter.o(i.timeFieldFilter)
    usb_SDK_read_cb                          0x0800c24d   Thumb Code   294  task_ircamera.o(i.usb_SDK_read_cb)
    usb_SDK_write                            0x0800c3f1   Thumb Code    34  usbd_sdk.o(i.usb_SDK_write)
    uxListRemove                             0x0800c41d   Thumb Code    38  list.o(i.uxListRemove)
    vListInitialise                          0x0800c443   Thumb Code    22  list.o(i.vListInitialise)
    vListInitialiseItem                      0x0800c459   Thumb Code     6  list.o(i.vListInitialiseItem)
    vListInsert                              0x0800c45f   Thumb Code    48  list.o(i.vListInsert)
    vListInsertEnd                           0x0800c48f   Thumb Code    24  list.o(i.vListInsertEnd)
    vPortEnterCritical                       0x0800c4a9   Thumb Code    54  port.o(i.vPortEnterCritical)
    vPortExitCritical                        0x0800c4e9   Thumb Code    34  port.o(i.vPortExitCritical)
    vPortFree                                0x0800c511   Thumb Code    88  heap_4.o(i.vPortFree)
    vPortSetupTimerInterrupt                 0x0800c56d   Thumb Code    32  port.o(i.vPortSetupTimerInterrupt)
    vTaskDelay                               0x0800c591   Thumb Code    66  tasks.o(i.vTaskDelay)
    vTaskStartScheduler                      0x0800c5dd   Thumb Code    86  tasks.o(i.vTaskStartScheduler)
    vTaskSuspendAll                          0x0800c645   Thumb Code    10  tasks.o(i.vTaskSuspendAll)
    vTaskSwitchContext                       0x0800c655   Thumb Code    82  tasks.o(i.vTaskSwitchContext)
    xPortStartScheduler                      0x0800c6b1   Thumb Code   222  port.o(i.xPortStartScheduler)
    xPortSysTickHandler                      0x0800c7a5   Thumb Code    38  port.o(i.xPortSysTickHandler)
    xTaskCreate                              0x0800c7d1   Thumb Code    86  tasks.o(i.xTaskCreate)
    xTaskGetSchedulerState                   0x0800c829   Thumb Code    22  tasks.o(i.xTaskGetSchedulerState)
    xTaskIncrementTick                       0x0800c845   Thumb Code   192  tasks.o(i.xTaskIncrementTick)
    xTaskResumeAll                           0x0800c90d   Thumb Code   184  tasks.o(i.xTaskResumeAll)
    y16MappingAD                             0x0800c9d1   Thumb Code   302  drt.o(i.y16MappingAD)
    y16MappingADInterface                    0x0800cb01   Thumb Code    20  interface.o(i.y16MappingADInterface)
    zgUnpackData                             0x0800cb19   Thumb Code   238  unpack.o(i.zgUnpackData)
    D1CorePrescTable                         0x0800cc3c   Data          16  system_stm32h7xx.o(.constdata)
    __mathlib_zero                           0x0800cd30   Data           8  qnan.o(.constdata)
    __ctype_categories                       0x0800cd38   Data          64  ctype_c.o(.constdata)
    Region$$Table$$Base                      0x0800cd94   Number         0  anon$$obj.o(Region$$Table)
    Region$$Table$$Limit                     0x0800cdb4   Number         0  anon$$obj.o(Region$$Table)
    g_param_init_done                        0x24000000   Data           2  ir_sensor.o(.data)
    g_start_tmp_read_done                    0x24000002   Data           2  ir_sensor.o(.data)
    pParamStatus                             0x24000004   Data           4  ir_sensor.o(.data)
    pParamStatus1                            0x24000008   Data           4  ir_sensor.o(.data)
    pParamUser                               0x2400000c   Data           4  ir_sensor.o(.data)
    pParamUser1                              0x24000010   Data           4  ir_sensor.o(.data)
    pTempInfo                                0x24000014   Data           4  ir_sensor.o(.data)
    g_nuc_start                              0x24000023   Data           1  task_ircamera.o(.data)
    MeasurePeriod                            0x24000030   Data           2  task_ircamera.o(.data)
    defaultTaskHandle                        0x24000034   Data           4  main.o(.data)
    irCameraTaskHandle                       0x24000038   Data           4  main.o(.data)
    FS_Desc                                  0x2400003c   Data          28  usbd_desc.o(.data)
    USBD_LangIDDesc                          0x24000058   Data           4  usbd_desc.o(.data)
    USBD_FS_DeviceDesc                       0x2400005c   Data          18  usbd_desc.o(.data)
    USBD_StringSerial                        0x24000070   Data          26  usbd_desc.o(.data)
    USBD_SDK_ClassDriver                     0x240000dc   Data          56  usbd_sdk.o(.data)
    SystemCoreClock                          0x24000120   Data           4  system_stm32h7xx.o(.data)
    SystemD2Clock                            0x24000124   Data           4  system_stm32h7xx.o(.data)
    pxCurrentTCB                             0x24000128   Data           4  tasks.o(.data)
    read_cnt                                 0x2400018c   Data           1  tempprocess.o(.data)
    gNumByteToRead                           0x2400018e   Data           2  tempprocess.o(.data)
    gReadAddr                                0x24000190   Data           4  tempprocess.o(.data)
    gReadPosition                            0x24000194   Data           4  tempprocess.o(.data)
    SPI_Reg_Data120                          0x24000198   Data          42  varible.o(.data)
    Loop_Data120                             0x240001c2   Data          20  varible.o(.data)
    shutter_id                               0x240001d6   Data           1  varible.o(.data)
    history_shutter_id                       0x240001d7   Data           1  varible.o(.data)
    Para120                                  0x240001d8   Data          24  varible.o(.data)
    AlgPara120                               0x240001f0   Data          20  varible.o(.data)
    manual_type                              0x24000204   Data           1  varible.o(.data)
    measureParam120                          0x24000208   Data         188  varible.o(.data)
    IRInfo120                                0x240002c4   Data          28  varible.o(.data)
    pImage                                   0x240002e0   Data           4  varible.o(.data)
    us_avg_shutter                           0x240002ec   Data           2  sensor.o(.data)
    GdBase_Data                              0x240002f0   Data           4  sensor.o(.data)
    GdK_Data                                 0x240002f4   Data           4  sensor.o(.data)
    GdY16_Data                               0x240002f8   Data           4  sensor.o(.data)
    Tempreturn                               0x24000300   Data           4  measureinterface.o(.data)
    weight_lowInfo                           0x24000304   Data         260  common.o(.data)
    weight_highInfo                          0x24000408   Data         260  common.o(.data)
    PowerIintLenFlag                         0x2400050c   Data           1  measure_ex.o(.data)
    PowerIintShutterFlag                     0x2400050d   Data           1  measure_ex.o(.data)
    MIN_Temp                                 0x24000510   Data           4  measure_ex.o(.data)
    Ys                                       0x24000514   Data           4  measure_ex.o(.data)
    temp                                     0x24000518   Data           4  measure_ex.o(.data)
    userParamCorrTemp                        0x2400051c   Data           4  measure_ex.o(.data)
    PrivateParameter120                      0x24000520   Data         384  measure_ex.o(.data)
    jpmTempWhenShutter                       0x240006a4   Data           2  shuttertool.o(.data)
    lensTempWhenShutter                      0x240006a6   Data           2  shuttertool.o(.data)
    shutterTempWhenShutter                   0x240006a8   Data           2  shuttertool.o(.data)
    LastshutterTempWhenShutter               0x240006aa   Data           2  shuttertool.o(.data)
    lastLastAvgShutter                       0x240006ac   Data           2  shuttertool.o(.data)
    lastAvgShutter                           0x240006ae   Data           2  shuttertool.o(.data)
    jpmTempWhenNUCShutter                    0x240006b4   Data           2  shuttertool.o(.data)
    changeRFuc                               0x240006b8   Data           4  shuttertool.o(.data)
    getAvgShutter                            0x240006bc   Data           4  shuttertool.o(.data)
    lastShutterTLen                          0x240006c4   Data           4  shuttertool.o(.data)
    lastLastShutterTLen                      0x240006c8   Data           4  shuttertool.o(.data)
    g_ulFrame                                0x240006cc   Data           4  global.o(.data)
    __microlib_freelist                      0x240006d0   Data           4  mvars.o(.data)
    __microlib_freelist_initialised          0x240006d4   Data           4  mvars.o(.data)
    SDK_USBD_SERIALNUMBER_STRING             0x240006dc   Data          15  ir_sensor.o(.bss)
    new_param                                0x2402d5c0   Data          96  task_ircamera.o(.bss)
    hdcmi                                    0x2402d620   Data          80  main.o(.bss)
    hi2c2                                    0x2402d670   Data          76  main.o(.bss)
    hspi1                                    0x2402d6bc   Data         136  main.o(.bss)
    hspi4                                    0x2402d744   Data         136  main.o(.bss)
    hdma_memtomem_dma1_stream1               0x2402d7cc   Data         120  main.o(.bss)
    hdma_dcmi                                0x2402d844   Data         120  main.o(.bss)
    hUsbDeviceFS                             0x2402d8bc   Data         668  usb_device.o(.bss)
    hpcd_USB_OTG_FS                          0x2402db58   Data        1032  usbd_conf.o(.bss)
    USBD_StrDesc                             0x2402df60   Data         512  usbd_desc.o(.bss)
    buf_temp                                 0x24031f94   Data        4096  tempprocess.o(.bss)
    MeasureMem                               0x24032f94   Data       43008  varible.o(.bss)
    AlgMem                                   0x2403d794   Data       135168  varible.o(.bss)
    DHSensor120                              0x2405e794   Data         216  measureinterface.o(.bss)
    para                                     0x2405e8b4   Data         660  interface.o(.bss)
    Private_mp                               0x2405eb48   Data         128  measure_ex.o(.bss)
    Private_hp                               0x2405ebc8   Data          92  measure_ex.o(.bss)
    Private_dm                               0x2405ec24   Data          92  measure_ex.o(.bss)
    __heap_base                              0x2405ec80   Data           0  startup_stm32h750xx.o(HEAP)
    __heap_limit                             0x24070c80   Data           0  startup_stm32h750xx.o(HEAP)
    __initial_sp                             0x24076c80   Data           0  startup_stm32h750xx.o(STACK)



==============================================================================

Memory Map of the image

  Image Entry point : 0x08000299

  Load Region LR_IROM1 (Base: 0x08000000, Size: 0x0000d490, Max: 0x00020000, ABSOLUTE, COMPRESSED[0x0000cf54])

    Execution Region ER_IROM1 (Exec base: 0x08000000, Load base: 0x08000000, Size: 0x0000cdb4, Max: 0x00020000, ABSOLUTE)

    Exec Addr    Load Addr    Size         Type   Attr      Idx    E Section Name        Object

    0x08000000   0x08000000   0x00000298   Data   RO            3    RESET               startup_stm32h750xx.o
    0x08000298   0x08000298   0x00000000   Code   RO         7124  * .ARM.Collect$$$$00000000  mc_w.l(entry.o)
    0x08000298   0x08000298   0x00000004   Code   RO         7218    .ARM.Collect$$$$00000001  mc_w.l(entry2.o)
    0x0800029c   0x0800029c   0x00000004   Code   RO         7221    .ARM.Collect$$$$00000004  mc_w.l(entry5.o)
    0x080002a0   0x080002a0   0x00000000   Code   RO         7223    .ARM.Collect$$$$00000008  mc_w.l(entry7b.o)
    0x080002a0   0x080002a0   0x00000000   Code   RO         7225    .ARM.Collect$$$$0000000A  mc_w.l(entry8b.o)
    0x080002a0   0x080002a0   0x00000008   Code   RO         7226    .ARM.Collect$$$$0000000B  mc_w.l(entry9a.o)
    0x080002a8   0x080002a8   0x00000000   Code   RO         7228    .ARM.Collect$$$$0000000D  mc_w.l(entry10a.o)
    0x080002a8   0x080002a8   0x00000000   Code   RO         7230    .ARM.Collect$$$$0000000F  mc_w.l(entry11a.o)
    0x080002a8   0x080002a8   0x00000004   Code   RO         7219    .ARM.Collect$$$$00002712  mc_w.l(entry2.o)
    0x080002ac   0x080002ac   0x000000be   Code   RO         5793    .emb_text           port.o
    0x0800036a   0x0800036a   0x00000002   PAD
    0x0800036c   0x0800036c   0x00000024   Code   RO            4    .text               startup_stm32h750xx.o
    0x08000390   0x08000390   0x00000062   Code   RO         7127    .text               mc_w.l(uldiv.o)
    0x080003f2   0x080003f2   0x00000062   Code   RO         7129    .text               mc_w.l(ldiv.o)
    0x08000454   0x08000454   0x00000024   Code   RO         7131    .text               mc_w.l(memcpya.o)
    0x08000478   0x08000478   0x00000024   Code   RO         7135    .text               mc_w.l(memseta.o)
    0x0800049c   0x0800049c   0x0000000e   Code   RO         7137    .text               mc_w.l(strlen.o)
    0x080004aa   0x080004aa   0x0000001c   Code   RO         7139    .text               mc_w.l(strcmp.o)
    0x080004c6   0x080004c6   0x00000002   PAD
    0x080004c8   0x080004c8   0x00000038   Code   RO         7171    .text               mc_w.l(__0sscanf.o)
    0x08000500   0x08000500   0x000000e0   Code   RO         7173    .text               mc_w.l(_scanf_str.o)
    0x080005e0   0x080005e0   0x000000de   Code   RO         7175    .text               mf_w.l(ddiv.o)
    0x080006be   0x080006be   0x0000001a   Code   RO         7179    .text               mf_w.l(dfltui.o)
    0x080006d8   0x080006d8   0x00000018   Code   RO         7181    .text               mf_w.l(dfltul.o)
    0x080006f0   0x080006f0   0x00000032   Code   RO         7183    .text               mf_w.l(dfixui.o)
    0x08000722   0x08000722   0x0000001e   Code   RO         7232    .text               mc_w.l(llshl.o)
    0x08000740   0x08000740   0x00000020   Code   RO         7234    .text               mc_w.l(llushr.o)
    0x08000760   0x08000760   0x00000028   Code   RO         7245    .text               mc_w.l(scanf_char.o)
    0x08000788   0x08000788   0x00000040   Code   RO         7247    .text               mc_w.l(_sgetc.o)
    0x080007c8   0x080007c8   0x00000000   Code   RO         7249    .text               mc_w.l(iusefp.o)
    0x080007c8   0x080007c8   0x000000ba   Code   RO         7250    .text               mf_w.l(depilogue.o)
    0x08000882   0x08000882   0x0000002e   Code   RO         7252    .text               mf_w.l(dscalb.o)
    0x080008b0   0x080008b0   0x00000024   Code   RO         7254    .text               mc_w.l(init.o)
    0x080008d4   0x080008d4   0x0000000a   Code   RO         7256    .text               mc_w.l(isspace_c.o)
    0x080008de   0x080008de   0x00000002   PAD
    0x080008e0   0x080008e0   0x0000032c   Code   RO         7258    .text               mc_w.l(_scanf.o)
    0x08000c0c   0x08000c0c   0x00000028   Code   RO         7260    .text               mc_w.l(ctype_c.o)
    0x08000c34   0x08000c34   0x00000056   Code   RO         7271    .text               mc_w.l(__dczerorl2.o)
    0x08000c8a   0x08000c8a   0x00000002   PAD
    0x08000c8c   0x08000c8c   0x00000018   Code   RO         6623    i.ALG_ALLOC_AssignMemory  Measure.lib(common.o)
    0x08000ca4   0x08000ca4   0x00000040   Code   RO         6624    i.AlgInit           Measure.lib(common.o)
    0x08000ce4   0x08000ce4   0x00000030   Code   RO         6625    i.AlgMalloc         Measure.lib(common.o)
    0x08000d14   0x08000d14   0x0000005c   Code   RO         1046    i.BSP_W25Qx_Erase_Sector  w25qxx.o
    0x08000d70   0x08000d70   0x00000030   Code   RO         1047    i.BSP_W25Qx_GetStatus  w25qxx.o
    0x08000da0   0x08000da0   0x00000038   Code   RO         1048    i.BSP_W25Qx_Init    w25qxx.o
    0x08000dd8   0x08000dd8   0x000000e8   Code   RO         1049    i.BSP_W25Qx_Program_Sector  w25qxx.o
    0x08000ec0   0x08000ec0   0x00000094   Code   RO         1050    i.BSP_W25Qx_Read_Sector  w25qxx.o
    0x08000f54   0x08000f54   0x00000094   Code   RO         1051    i.BSP_W25Qx_Read_Sector1  w25qxx.o
    0x08000fe8   0x08000fe8   0x00000040   Code   RO         1052    i.BSP_W25Qx_WriteEnable  w25qxx.o
    0x08001028   0x08001028   0x00000048   Code   RO         6365    i.BaseUpdate        Sensor.lib(sensor.o)
    0x08001070   0x08001070   0x00000028   Code   RO         6366    i.BaseUpdateCapture  Sensor.lib(sensor.o)
    0x08001098   0x08001098   0x00000014   Code   RO         6367    i.BaseUpdateInit    Sensor.lib(sensor.o)
    0x080010ac   0x080010ac   0x000000d4   Code   RO         6226    i.BufferRead        tempprocess.o
    0x08001180   0x08001180   0x00000002   Code   RO          891    i.BusFault_Handler  stm32h7xx_it.o
    0x08001182   0x08001182   0x00000002   PAD
    0x08001184   0x08001184   0x0000007c   Code   RO          439    i.CPU_CACHE_Enable  main.o
    0x08001200   0x08001200   0x00000096   Code   RO         6368    i.Cal_AGV           Sensor.lib(sensor.o)
    0x08001296   0x08001296   0x00000002   PAD
    0x08001298   0x08001298   0x00000084   Code   RO         6369    i.Cal_GFID          Sensor.lib(sensor.o)
    0x0800131c   0x0800131c   0x0000001e   Code   RO         6370    i.Cal_NUC           Sensor.lib(sensor.o)
    0x0800133a   0x0800133a   0x00000002   PAD
    0x0800133c   0x0800133c   0x0000007c   Code   RO         6371    i.Cal_RES_SEL       Sensor.lib(sensor.o)
    0x080013b8   0x080013b8   0x00000020   Code   RO         1958    i.DCMI_DMAError     stm32h7xx_hal_dcmi.o
    0x080013d8   0x080013d8   0x00000084   Code   RO         1959    i.DCMI_DMAXferCplt  stm32h7xx_hal_dcmi.o
    0x0800145c   0x0800145c   0x0000000c   Code   RO          892    i.DCMI_IRQHandler   stm32h7xx_it.o
    0x08001468   0x08001468   0x0000000c   Code   RO          893    i.DMA1_Stream0_IRQHandler  stm32h7xx_it.o
    0x08001474   0x08001474   0x0000000c   Code   RO          894    i.DMA1_Stream1_IRQHandler  stm32h7xx_it.o
    0x08001480   0x08001480   0x000000b4   Code   RO         3588    i.DMA_CalcBaseAndBitshift  stm32h7xx_hal_dma.o
    0x08001534   0x08001534   0x0000009c   Code   RO         3589    i.DMA_CalcDMAMUXChannelBaseAndMask  stm32h7xx_hal_dma.o
    0x080015d0   0x080015d0   0x00000074   Code   RO         3590    i.DMA_CalcDMAMUXRequestGenBaseAndMask  stm32h7xx_hal_dma.o
    0x08001644   0x08001644   0x00000054   Code   RO         3591    i.DMA_CheckFifoParam  stm32h7xx_hal_dma.o
    0x08001698   0x08001698   0x0000005c   Code   RO          384    i.DMA_Copy          task_ircamera.o
    0x080016f4   0x080016f4   0x00000002   Code   RO          385    i.DMA_DMAXferCplt   task_ircamera.o
    0x080016f6   0x080016f6   0x00000002   PAD
    0x080016f8   0x080016f8   0x000000a0   Code   RO         3704    i.DMA_MultiBufferSetConfig  stm32h7xx_hal_dma_ex.o
    0x08001798   0x08001798   0x00000124   Code   RO         3592    i.DMA_SetConfig     stm32h7xx_hal_dma.o
    0x080018bc   0x080018bc   0x00000020   Code   RO         6498    i.DealShutterInterface  Measure.lib(measureinterface.o)
    0x080018dc   0x080018dc   0x00000004   Code   RO         6136    i.DealyMs           shutter.o
    0x080018e0   0x080018e0   0x00000002   Code   RO          895    i.DebugMon_Handler  stm32h7xx_it.o
    0x080018e2   0x080018e2   0x00000006   Code   RO          896    i.EXTI2_IRQHandler  stm32h7xx_it.o
    0x080018e8   0x080018e8   0x00000002   Code   RO          440    i.Error_Handler     main.o
    0x080018ea   0x080018ea   0x00000002   PAD
    0x080018ec   0x080018ec   0x00000354   Code   RO         7012    i.GetHighTemperature  Measure.lib(mt.o)
    0x08001c40   0x08001c40   0x00000354   Code   RO         7013    i.GetLowTemperature  Measure.lib(mt.o)
    0x08001f94   0x08001f94   0x0000027c   Code   RO         6748    i.GetMPParaConfig   Measure.lib(measure_ex.o)
    0x08002210   0x08002210   0x0000004c   Code   RO         6749    i.GetMax_MinTempInfo  Measure.lib(measure_ex.o)
    0x0800225c   0x0800225c   0x0000000c   Code   RO         6372    i.GetParamAddr      Sensor.lib(sensor.o)
    0x08002268   0x08002268   0x00000240   Code   RO         7014    i.GetSingleCurveTemperature  Measure.lib(mt.o)
    0x080024a8   0x080024a8   0x00000040   Code   RO         6500    i.GetTempByY16      Measure.lib(measureinterface.o)
    0x080024e8   0x080024e8   0x00000072   Code   RO         6501    i.GetTempInfo       Measure.lib(measureinterface.o)
    0x0800255a   0x0800255a   0x00000002   PAD
    0x0800255c   0x0800255c   0x0000000c   Code   RO         6137    i.GetavgShutter     shutter.o
    0x08002568   0x08002568   0x00000264   Code   RO         6968    i.GraySpatialFilter  Measure.lib(spatial_domain_filter.o)
    0x080027cc   0x080027cc   0x00000002   Code   RO         1964    i.HAL_DCMI_ErrorCallback  stm32h7xx_hal_dcmi.o
    0x080027ce   0x080027ce   0x00000002   PAD
    0x080027d0   0x080027d0   0x00000028   Code   RO          386    i.HAL_DCMI_FrameEventCallback  task_ircamera.o
    0x080027f8   0x080027f8   0x0000009c   Code   RO         1968    i.HAL_DCMI_IRQHandler  stm32h7xx_hal_dcmi.o
    0x08002894   0x08002894   0x0000008c   Code   RO         1969    i.HAL_DCMI_Init     stm32h7xx_hal_dcmi.o
    0x08002920   0x08002920   0x00000002   Code   RO         1970    i.HAL_DCMI_LineEventCallback  stm32h7xx_hal_dcmi.o
    0x08002922   0x08002922   0x00000002   PAD
    0x08002924   0x08002924   0x00000130   Code   RO          986    i.HAL_DCMI_MspInit  stm32h7xx_hal_msp.o
    0x08002a54   0x08002a54   0x000000d8   Code   RO         1974    i.HAL_DCMI_Start_DMA  stm32h7xx_hal_dcmi.o
    0x08002b2c   0x08002b2c   0x00000074   Code   RO         1975    i.HAL_DCMI_Stop     stm32h7xx_hal_dcmi.o
    0x08002ba0   0x08002ba0   0x00000002   Code   RO         1977    i.HAL_DCMI_VsyncEventCallback  stm32h7xx_hal_dcmi.o
    0x08002ba2   0x08002ba2   0x00000002   PAD
    0x08002ba4   0x08002ba4   0x00000090   Code   RO         3705    i.HAL_DMAEx_ChangeMemory  stm32h7xx_hal_dma_ex.o
    0x08002c34   0x08002c34   0x00000298   Code   RO         3712    i.HAL_DMAEx_MultiBufferStart_IT  stm32h7xx_hal_dma_ex.o
    0x08002ecc   0x08002ecc   0x00000220   Code   RO         3593    i.HAL_DMA_Abort     stm32h7xx_hal_dma.o
    0x080030ec   0x080030ec   0x000001cc   Code   RO         3594    i.HAL_DMA_Abort_IT  stm32h7xx_hal_dma.o
    0x080032b8   0x080032b8   0x000006f0   Code   RO         3598    i.HAL_DMA_IRQHandler  stm32h7xx_hal_dma.o
    0x080039a8   0x080039a8   0x000002d4   Code   RO         3599    i.HAL_DMA_Init      stm32h7xx_hal_dma.o
    0x08003c7c   0x08003c7c   0x0000039c   Code   RO         3600    i.HAL_DMA_PollForTransfer  stm32h7xx_hal_dma.o
    0x08004018   0x08004018   0x00000170   Code   RO         3602    i.HAL_DMA_Start     stm32h7xx_hal_dma.o
    0x08004188   0x08004188   0x000001f8   Code   RO         3603    i.HAL_DMA_Start_IT  stm32h7xx_hal_dma.o
    0x08004380   0x08004380   0x00000024   Code   RO         4302    i.HAL_Delay         stm32h7xx_hal.o
    0x080043a4   0x080043a4   0x000001dc   Code   RO          332    i.HAL_GPIO_EXTI_Callback  task_default.o
    0x08004580   0x08004580   0x00000018   Code   RO         3440    i.HAL_GPIO_EXTI_IRQHandler  stm32h7xx_hal_gpio.o
    0x08004598   0x08004598   0x000001fc   Code   RO         3441    i.HAL_GPIO_Init     stm32h7xx_hal_gpio.o
    0x08004794   0x08004794   0x0000000a   Code   RO         3445    i.HAL_GPIO_WritePin  stm32h7xx_hal_gpio.o
    0x0800479e   0x0800479e   0x00000002   PAD
    0x080047a0   0x080047a0   0x0000000c   Code   RO         4317    i.HAL_GetREVID      stm32h7xx_hal.o
    0x080047ac   0x080047ac   0x0000000c   Code   RO         4318    i.HAL_GetTick       stm32h7xx_hal.o
    0x080047b8   0x080047b8   0x00000058   Code   RO         2551    i.HAL_I2CEx_ConfigAnalogFilter  stm32h7xx_hal_i2c_ex.o
    0x08004810   0x08004810   0x00000054   Code   RO         2552    i.HAL_I2CEx_ConfigDigitalFilter  stm32h7xx_hal_i2c_ex.o
    0x08004864   0x08004864   0x000000b8   Code   RO         2105    i.HAL_I2C_Init      stm32h7xx_hal_i2c.o
    0x0800491c   0x0800491c   0x00000124   Code   RO         2111    i.HAL_I2C_Master_Receive  stm32h7xx_hal_i2c.o
    0x08004a40   0x08004a40   0x00000124   Code   RO         2118    i.HAL_I2C_Master_Transmit  stm32h7xx_hal_i2c.o
    0x08004b64   0x08004b64   0x00000068   Code   RO          988    i.HAL_I2C_MspInit   stm32h7xx_hal_msp.o
    0x08004bcc   0x08004bcc   0x00000010   Code   RO         4321    i.HAL_IncTick       stm32h7xx_hal.o
    0x08004bdc   0x08004bdc   0x00000058   Code   RO         4322    i.HAL_Init          stm32h7xx_hal.o
    0x08004c34   0x08004c34   0x00000040   Code   RO         4323    i.HAL_InitTick      stm32h7xx_hal.o
    0x08004c74   0x08004c74   0x0000005c   Code   RO         1818    i.HAL_MPU_ConfigRegion  stm32h7xx_hal_cortex.o
    0x08004cd0   0x08004cd0   0x0000001c   Code   RO         1819    i.HAL_MPU_Disable   stm32h7xx_hal_cortex.o
    0x08004cec   0x08004cec   0x00000024   Code   RO         1820    i.HAL_MPU_Enable    stm32h7xx_hal_cortex.o
    0x08004d10   0x08004d10   0x00000024   Code   RO          989    i.HAL_MspInit       stm32h7xx_hal_msp.o
    0x08004d34   0x08004d34   0x0000001a   Code   RO         1823    i.HAL_NVIC_EnableIRQ  stm32h7xx_hal_cortex.o
    0x08004d4e   0x08004d4e   0x00000002   PAD
    0x08004d50   0x08004d50   0x00000040   Code   RO         1829    i.HAL_NVIC_SetPriority  stm32h7xx_hal_cortex.o
    0x08004d90   0x08004d90   0x00000024   Code   RO         1830    i.HAL_NVIC_SetPriorityGrouping  stm32h7xx_hal_cortex.o
    0x08004db4   0x08004db4   0x00000028   Code   RO         1446    i.HAL_PCDEx_ActivateLPM  stm32h7xx_hal_pcd_ex.o
    0x08004ddc   0x08004ddc   0x00000002   Code   RO         1451    i.HAL_PCDEx_LPM_Callback  stm32h7xx_hal_pcd_ex.o
    0x08004dde   0x08004dde   0x00000008   Code   RO         1452    i.HAL_PCDEx_SetRxFiFo  stm32h7xx_hal_pcd_ex.o
    0x08004de6   0x08004de6   0x00000046   Code   RO         1453    i.HAL_PCDEx_SetTxFiFo  stm32h7xx_hal_pcd_ex.o
    0x08004e2c   0x08004e2c   0x00000008   Code   RO          610    i.HAL_PCD_ConnectCallback  usbd_conf.o
    0x08004e34   0x08004e34   0x00000012   Code   RO          611    i.HAL_PCD_DataInStageCallback  usbd_conf.o
    0x08004e46   0x08004e46   0x00000014   Code   RO          612    i.HAL_PCD_DataOutStageCallback  usbd_conf.o
    0x08004e5a   0x08004e5a   0x00000008   Code   RO          613    i.HAL_PCD_DisconnectCallback  usbd_conf.o
    0x08004e62   0x08004e62   0x0000004c   Code   RO         1234    i.HAL_PCD_EP_Close  stm32h7xx_hal_pcd.o
    0x08004eae   0x08004eae   0x0000005c   Code   RO         1235    i.HAL_PCD_EP_ClrStall  stm32h7xx_hal_pcd.o
    0x08004f0a   0x08004f0a   0x00000032   Code   RO         1236    i.HAL_PCD_EP_Flush  stm32h7xx_hal_pcd.o
    0x08004f3c   0x08004f3c   0x00000012   Code   RO         1237    i.HAL_PCD_EP_GetRxCount  stm32h7xx_hal_pcd.o
    0x08004f4e   0x08004f4e   0x00000060   Code   RO         1238    i.HAL_PCD_EP_Open   stm32h7xx_hal_pcd.o
    0x08004fae   0x08004fae   0x00000044   Code   RO         1239    i.HAL_PCD_EP_Receive  stm32h7xx_hal_pcd.o
    0x08004ff2   0x08004ff2   0x00000074   Code   RO         1240    i.HAL_PCD_EP_SetStall  stm32h7xx_hal_pcd.o
    0x08005066   0x08005066   0x00000044   Code   RO         1241    i.HAL_PCD_EP_Transmit  stm32h7xx_hal_pcd.o
    0x080050aa   0x080050aa   0x00000002   PAD
    0x080050ac   0x080050ac   0x000004a0   Code   RO         1243    i.HAL_PCD_IRQHandler  stm32h7xx_hal_pcd.o
    0x0800554c   0x0800554c   0x00000008   Code   RO          614    i.HAL_PCD_ISOINIncompleteCallback  usbd_conf.o
    0x08005554   0x08005554   0x00000008   Code   RO          615    i.HAL_PCD_ISOOUTIncompleteCallback  usbd_conf.o
    0x0800555c   0x0800555c   0x000000f2   Code   RO         1246    i.HAL_PCD_Init      stm32h7xx_hal_pcd.o
    0x0800564e   0x0800564e   0x00000002   PAD
    0x08005650   0x08005650   0x00000078   Code   RO          617    i.HAL_PCD_MspInit   usbd_conf.o
    0x080056c8   0x080056c8   0x0000002c   Code   RO          618    i.HAL_PCD_ResetCallback  usbd_conf.o
    0x080056f4   0x080056f4   0x00000008   Code   RO          619    i.HAL_PCD_ResumeCallback  usbd_conf.o
    0x080056fc   0x080056fc   0x00000008   Code   RO          620    i.HAL_PCD_SOFCallback  usbd_conf.o
    0x08005704   0x08005704   0x00000028   Code   RO         1252    i.HAL_PCD_SetAddress  stm32h7xx_hal_pcd.o
    0x0800572c   0x0800572c   0x0000000e   Code   RO          621    i.HAL_PCD_SetupStageCallback  usbd_conf.o
    0x0800573a   0x0800573a   0x00000042   Code   RO         1254    i.HAL_PCD_Start     stm32h7xx_hal_pcd.o
    0x0800577c   0x0800577c   0x00000030   Code   RO          622    i.HAL_PCD_SuspendCallback  usbd_conf.o
    0x080057ac   0x080057ac   0x00000050   Code   RO         4042    i.HAL_PWREx_ConfigSupply  stm32h7xx_hal_pwr_ex.o
    0x080057fc   0x080057fc   0x00000010   Code   RO         4059    i.HAL_PWREx_EnableUSBVoltageDetector  stm32h7xx_hal_pwr_ex.o
    0x0800580c   0x0800580c   0x0000002c   Code   RO         3078    i.HAL_RCCEx_GetD1SysClockFreq  stm32h7xx_hal_rcc_ex.o
    0x08005838   0x08005838   0x000008b6   Code   RO         3086    i.HAL_RCCEx_PeriphCLKConfig  stm32h7xx_hal_rcc_ex.o
    0x080060ee   0x080060ee   0x00000002   PAD
    0x080060f0   0x080060f0   0x00000240   Code   RO         2965    i.HAL_RCC_ClockConfig  stm32h7xx_hal_rcc.o
    0x08006330   0x08006330   0x0000002c   Code   RO         2970    i.HAL_RCC_GetHCLKFreq  stm32h7xx_hal_rcc.o
    0x0800635c   0x0800635c   0x00000138   Code   RO         2974    i.HAL_RCC_GetSysClockFreq  stm32h7xx_hal_rcc.o
    0x08006494   0x08006494   0x00000094   Code   RO         2975    i.HAL_RCC_MCOConfig  stm32h7xx_hal_rcc.o
    0x08006528   0x08006528   0x000004b6   Code   RO         2977    i.HAL_RCC_OscConfig  stm32h7xx_hal_rcc.o
    0x080069de   0x080069de   0x00000002   PAD
    0x080069e0   0x080069e0   0x00000140   Code   RO         2616    i.HAL_SPI_Init      stm32h7xx_hal_spi.o
    0x08006b20   0x08006b20   0x000000d4   Code   RO          991    i.HAL_SPI_MspInit   stm32h7xx_hal_msp.o
    0x08006bf4   0x08006bf4   0x00000228   Code   RO         2619    i.HAL_SPI_Receive   stm32h7xx_hal_spi.o
    0x08006e1c   0x08006e1c   0x0000022c   Code   RO         2624    i.HAL_SPI_Transmit  stm32h7xx_hal_spi.o
    0x08007048   0x08007048   0x00000322   Code   RO         2625    i.HAL_SPI_TransmitReceive  stm32h7xx_hal_spi.o
    0x0800736a   0x0800736a   0x00000026   Code   RO         1834    i.HAL_SYSTICK_Config  stm32h7xx_hal_cortex.o
    0x08007390   0x08007390   0x00000002   Code   RO          897    i.HardFault_Handler  stm32h7xx_it.o
    0x08007392   0x08007392   0x00000022   Code   RO         2152    i.I2C_Flush_TXDR    stm32h7xx_hal_i2c.o
    0x080073b4   0x080073b4   0x00000088   Code   RO         2160    i.I2C_IsAcknowledgeFailed  stm32h7xx_hal_i2c.o
    0x0800743c   0x0800743c   0x0000002c   Code   RO         2167    i.I2C_TransferConfig  stm32h7xx_hal_i2c.o
    0x08007468   0x08007468   0x0000005a   Code   RO         2168    i.I2C_WaitOnFlagUntilTimeout  stm32h7xx_hal_i2c.o
    0x080074c2   0x080074c2   0x00000002   PAD
    0x080074c4   0x080074c4   0x00000088   Code   RO         2169    i.I2C_WaitOnRXNEFlagUntilTimeout  stm32h7xx_hal_i2c.o
    0x0800754c   0x0800754c   0x0000004e   Code   RO         2170    i.I2C_WaitOnSTOPFlagUntilTimeout  stm32h7xx_hal_i2c.o
    0x0800759a   0x0800759a   0x00000052   Code   RO         2171    i.I2C_WaitOnTXISFlagUntilTimeout  stm32h7xx_hal_i2c.o
    0x080075ec   0x080075ec   0x00000018   Code   RO          165    i.INT_time_set      spi_device.o
    0x08007604   0x08007604   0x0000004c   Code   RO         6695    i.InfraredProcess   Measure.lib(interface.o)
    0x08007650   0x08007650   0x00000010   Code   RO         6696    i.InfraredProcessInterface  Measure.lib(interface.o)
    0x08007660   0x08007660   0x0000000c   Code   RO         6502    i.InitMeasurePara   Measure.lib(measureinterface.o)
    0x0800766c   0x0800766c   0x0000035c   Code   RO         6627    i.InitParamStruct   Measure.lib(common.o)
    0x080079c8   0x080079c8   0x00000038   Code   RO          805    i.IntToUnicode      usbd_desc.o
    0x08007a00   0x08007a00   0x00000018   Code   RO         6598    i.MEASURE_ALLOC_AssignMemory  Measure.lib(unpack.o)
    0x08007a18   0x08007a18   0x0000007e   Code   RO          441    i.MPU_Config        main.o
    0x08007a96   0x08007a96   0x00000002   PAD
    0x08007a98   0x08007a98   0x0000002c   Code   RO          442    i.MX_DCMI_Init      main.o
    0x08007ac4   0x08007ac4   0x00000084   Code   RO          443    i.MX_DMA_Init       main.o
    0x08007b48   0x08007b48   0x00000140   Code   RO          444    i.MX_GPIO_Init      main.o
    0x08007c88   0x08007c88   0x00000044   Code   RO          445    i.MX_I2C2_Init      main.o
    0x08007ccc   0x08007ccc   0x0000004c   Code   RO          446    i.MX_SPI1_Init      main.o
    0x08007d18   0x08007d18   0x0000004c   Code   RO          447    i.MX_SPI4_Init      main.o
    0x08007d64   0x08007d64   0x00000040   Code   RO          566    i.MX_USB_DEVICE_Init  usb_device.o
    0x08007da4   0x08007da4   0x00000030   Code   RO         6599    i.MeasrueMalloc     Measure.lib(unpack.o)
    0x08007dd4   0x08007dd4   0x00000002   Code   RO          898    i.MemManage_Handler  stm32h7xx_it.o
    0x08007dd6   0x08007dd6   0x00000002   PAD
    0x08007dd8   0x08007dd8   0x00000050   Code   RO         6374    i.MemoryAlloc       Sensor.lib(sensor.o)
    0x08007e28   0x08007e28   0x00000002   Code   RO          899    i.NMI_Handler       stm32h7xx_it.o
    0x08007e2a   0x08007e2a   0x00000002   PAD
    0x08007e2c   0x08007e2c   0x000000c4   Code   RO         6310    i.NUCbyTwoPoint     Sensor.lib(imagecal.o)
    0x08007ef0   0x08007ef0   0x0000000c   Code   RO          900    i.OTG_FS_IRQHandler  stm32h7xx_it.o
    0x08007efc   0x08007efc   0x000000dc   Code   RO         1257    i.PCD_EP_OutXfrComplete_int  stm32h7xx_hal_pcd.o
    0x08007fd8   0x08007fd8   0x000000a2   Code   RO         1258    i.PCD_WriteEmptyTxFifo  stm32h7xx_hal_pcd.o
    0x0800807a   0x0800807a   0x000000ca   Code   RO         6628    i.PadMatrix         Measure.lib(common.o)
    0x08008144   0x08008144   0x00000120   Code   RO         3089    i.RCCEx_PLL2_Config  stm32h7xx_hal_rcc_ex.o
    0x08008264   0x08008264   0x00000120   Code   RO         3090    i.RCCEx_PLL3_Config  stm32h7xx_hal_rcc_ex.o
    0x08008384   0x08008384   0x000000bc   Code   RO         2635    i.SPI_CloseTransfer  stm32h7xx_hal_spi.o
    0x08008440   0x08008440   0x000000ae   Code   RO         1053    i.SPI_FLASH_BufferRead  w25qxx.o
    0x080084ee   0x080084ee   0x00000002   PAD
    0x080084f0   0x080084f0   0x00000010   Code   RO         6183    i.SPI_FLASH_CS_HIGH  spi.o
    0x08008500   0x08008500   0x00000010   Code   RO         6184    i.SPI_FLASH_CS_LOW  spi.o
    0x08008510   0x08008510   0x00000018   Code   RO         6185    i.SPI_Read_Byte     spi.o
    0x08008528   0x08008528   0x00000014   Code   RO         6186    i.SPI_SendByte      spi.o
    0x0800853c   0x0800853c   0x00000042   Code   RO         2652    i.SPI_WaitOnFlagUntilTimeout  stm32h7xx_hal_spi.o
    0x0800857e   0x0800857e   0x00000002   PAD
    0x08008580   0x08008580   0x00000128   Code   RO         6503    i.Sensor120changeRFuc  Measure.lib(measureinterface.o)
    0x080086a8   0x080086a8   0x0000002a   Code   RO         6375    i.SensorReadReg     Sensor.lib(sensor.o)
    0x080086d2   0x080086d2   0x00000024   Code   RO         6376    i.SensorWriteReg    Sensor.lib(sensor.o)
    0x080086f6   0x080086f6   0x00000024   Code   RO         6377    i.Sensor_Config     Sensor.lib(sensor.o)
    0x0800871a   0x0800871a   0x0000001e   Code   RO         6378    i.Sensor_Reg_Initial  Sensor.lib(sensor.o)
    0x08008738   0x08008738   0x00000026   Code   RO          218    i.SetDectectValue   ir_sensor.o
    0x0800875e   0x0800875e   0x00000002   PAD
    0x08008760   0x08008760   0x00000078   Code   RO         6504    i.SetMeasureDegree  Measure.lib(measureinterface.o)
    0x080087d8   0x080087d8   0x00000064   Code   RO         7017    i.SetParaConfig     Measure.lib(mt.o)
    0x0800883c   0x0800883c   0x00000034   Code   RO         6138    i.Shutter_Off       shutter.o
    0x08008870   0x08008870   0x00000034   Code   RO         6139    i.Shutter_On        shutter.o
    0x080088a4   0x080088a4   0x000001dc   Code   RO         6379    i.Shutter_State     Sensor.lib(sensor.o)
    0x08008a80   0x08008a80   0x0000002c   Code   RO         6140    i.Shutter_Stop      shutter.o
    0x08008aac   0x08008aac   0x000000a8   Code   RO          333    i.StartDefaultTask  task_default.o
    0x08008b54   0x08008b54   0x000002b8   Code   RO          387    i.StartIRCameraTask  task_ircamera.o
    0x08008e0c   0x08008e0c   0x00000036   Code   RO         6380    i.StartNUC          Sensor.lib(sensor.o)
    0x08008e42   0x08008e42   0x00000016   Code   RO         6381    i.StopNUC           Sensor.lib(sensor.o)
    0x08008e58   0x08008e58   0x0000000e   Code   RO          901    i.SysTick_Handler   stm32h7xx_it.o
    0x08008e66   0x08008e66   0x00000002   PAD
    0x08008e68   0x08008e68   0x000000f0   Code   RO          450    i.SystemClock_Config  main.o
    0x08008f58   0x08008f58   0x0000009c   Code   RO         4610    i.SystemInit        system_stm32h7xx.o
    0x08008ff4   0x08008ff4   0x0000000e   Code   RO         5873    i.USBD_ClrClassConfig  usbd_core.o
    0x08009002   0x08009002   0x00000010   Code   RO         6076    i.USBD_CtlContinueRx  usbd_ioreq.o
    0x08009012   0x08009012   0x00000010   Code   RO         6077    i.USBD_CtlContinueSendData  usbd_ioreq.o
    0x08009022   0x08009022   0x00000016   Code   RO         6011    i.USBD_CtlError     usbd_ctlreq.o
    0x08009038   0x08009038   0x00000016   Code   RO         6079    i.USBD_CtlReceiveStatus  usbd_ioreq.o
    0x0800904e   0x0800904e   0x0000001a   Code   RO         6080    i.USBD_CtlSendData  usbd_ioreq.o
    0x08009068   0x08009068   0x00000016   Code   RO         6081    i.USBD_CtlSendStatus  usbd_ioreq.o
    0x0800907e   0x0800907e   0x00000002   PAD
    0x08009080   0x08009080   0x00000024   Code   RO          806    i.USBD_FS_ConfigStrDescriptor  usbd_desc.o
    0x080090a4   0x080090a4   0x0000000c   Code   RO          807    i.USBD_FS_DeviceDescriptor  usbd_desc.o
    0x080090b0   0x080090b0   0x00000024   Code   RO          808    i.USBD_FS_InterfaceStrDescriptor  usbd_desc.o
    0x080090d4   0x080090d4   0x0000000c   Code   RO          809    i.USBD_FS_LangIDStrDescriptor  usbd_desc.o
    0x080090e0   0x080090e0   0x00000034   Code   RO          810    i.USBD_FS_ManufacturerStrDescriptor  usbd_desc.o
    0x08009114   0x08009114   0x00000020   Code   RO          811    i.USBD_FS_ProductStrDescriptor  usbd_desc.o
    0x08009134   0x08009134   0x0000003c   Code   RO          812    i.USBD_FS_SerialStrDescriptor  usbd_desc.o
    0x08009170   0x08009170   0x000000e8   Code   RO         6012    i.USBD_GetDescriptor  usbd_ctlreq.o
    0x08009258   0x08009258   0x0000004a   Code   RO         6013    i.USBD_GetString    usbd_ctlreq.o
    0x080092a2   0x080092a2   0x00000018   Code   RO          623    i.USBD_Get_USB_Status  usbd_conf.o
    0x080092ba   0x080092ba   0x0000002a   Code   RO         5875    i.USBD_Init         usbd_core.o
    0x080092e4   0x080092e4   0x00000012   Code   RO          624    i.USBD_LL_ClearStallEP  usbd_conf.o
    0x080092f6   0x080092f6   0x00000012   Code   RO          625    i.USBD_LL_CloseEP   usbd_conf.o
    0x08009308   0x08009308   0x000000c2   Code   RO         5876    i.USBD_LL_DataInStage  usbd_core.o
    0x080093ca   0x080093ca   0x00000082   Code   RO         5877    i.USBD_LL_DataOutStage  usbd_core.o
    0x0800944c   0x0800944c   0x00000004   Code   RO         5878    i.USBD_LL_DevConnected  usbd_core.o
    0x08009450   0x08009450   0x00000016   Code   RO         5879    i.USBD_LL_DevDisconnected  usbd_core.o
    0x08009466   0x08009466   0x00000012   Code   RO          628    i.USBD_LL_FlushEP   usbd_conf.o
    0x08009478   0x08009478   0x00000008   Code   RO          629    i.USBD_LL_GetRxDataSize  usbd_conf.o
    0x08009480   0x08009480   0x0000006c   Code   RO          630    i.USBD_LL_Init      usbd_conf.o
    0x080094ec   0x080094ec   0x00000020   Code   RO          631    i.USBD_LL_IsStallEP  usbd_conf.o
    0x0800950c   0x0800950c   0x00000004   Code   RO         5880    i.USBD_LL_IsoINIncomplete  usbd_core.o
    0x08009510   0x08009510   0x00000004   Code   RO         5881    i.USBD_LL_IsoOUTIncomplete  usbd_core.o
    0x08009514   0x08009514   0x00000018   Code   RO          632    i.USBD_LL_OpenEP    usbd_conf.o
    0x0800952c   0x0800952c   0x00000012   Code   RO          633    i.USBD_LL_PrepareReceive  usbd_conf.o
    0x0800953e   0x0800953e   0x00000050   Code   RO         5882    i.USBD_LL_Reset     usbd_core.o
    0x0800958e   0x0800958e   0x0000000c   Code   RO         5883    i.USBD_LL_Resume    usbd_core.o
    0x0800959a   0x0800959a   0x00000018   Code   RO         5884    i.USBD_LL_SOF       usbd_core.o
    0x080095b2   0x080095b2   0x00000006   Code   RO         5885    i.USBD_LL_SetSpeed  usbd_core.o
    0x080095b8   0x080095b8   0x00000012   Code   RO          634    i.USBD_LL_SetUSBAddress  usbd_conf.o
    0x080095ca   0x080095ca   0x00000056   Code   RO         5886    i.USBD_LL_SetupStage  usbd_core.o
    0x08009620   0x08009620   0x00000012   Code   RO          635    i.USBD_LL_StallEP   usbd_conf.o
    0x08009632   0x08009632   0x00000012   Code   RO          636    i.USBD_LL_Start     usbd_conf.o
    0x08009644   0x08009644   0x00000012   Code   RO         5887    i.USBD_LL_Suspend   usbd_core.o
    0x08009656   0x08009656   0x00000012   Code   RO          638    i.USBD_LL_Transmit  usbd_conf.o
    0x08009668   0x08009668   0x00000028   Code   RO         6014    i.USBD_ParseSetupRequest  usbd_ctlreq.o
    0x08009690   0x08009690   0x00000012   Code   RO         5888    i.USBD_RegisterClass  usbd_core.o
    0x080096a2   0x080096a2   0x00000002   PAD
    0x080096a4   0x080096a4   0x00000014   Code   RO         1113    i.USBD_SDK_DataIn   usbd_sdk.o
    0x080096b8   0x080096b8   0x00000034   Code   RO         1114    i.USBD_SDK_DataOut  usbd_sdk.o
    0x080096ec   0x080096ec   0x00000016   Code   RO         1115    i.USBD_SDK_DeInit   usbd_sdk.o
    0x08009702   0x08009702   0x00000004   Code   RO         1117    i.USBD_SDK_EP0_RxReady  usbd_sdk.o
    0x08009706   0x08009706   0x00000004   Code   RO         1118    i.USBD_SDK_EP0_TxReady  usbd_sdk.o
    0x0800970a   0x0800970a   0x00000002   PAD
    0x0800970c   0x0800970c   0x0000000c   Code   RO         1119    i.USBD_SDK_GetCfgDesc  usbd_sdk.o
    0x08009718   0x08009718   0x0000000c   Code   RO         1120    i.USBD_SDK_GetDeviceQualifierDesc  usbd_sdk.o
    0x08009724   0x08009724   0x00000030   Code   RO         1121    i.USBD_SDK_Init     usbd_sdk.o
    0x08009754   0x08009754   0x00000004   Code   RO         1122    i.USBD_SDK_IsoINIncomplete  usbd_sdk.o
    0x08009758   0x08009758   0x00000004   Code   RO         1123    i.USBD_SDK_IsoOutIncomplete  usbd_sdk.o
    0x0800975c   0x0800975c   0x00000004   Code   RO         1124    i.USBD_SDK_SOF      usbd_sdk.o
    0x08009760   0x08009760   0x0000001a   Code   RO         1125    i.USBD_SDK_Setup    usbd_sdk.o
    0x0800977a   0x0800977a   0x00000016   Code   RO         5890    i.USBD_SetClassConfig  usbd_core.o
    0x08009790   0x08009790   0x00000088   Code   RO         6015    i.USBD_SetConfig    usbd_ctlreq.o
    0x08009818   0x08009818   0x0000000a   Code   RO         5891    i.USBD_Start        usbd_core.o
    0x08009822   0x08009822   0x00000114   Code   RO         6016    i.USBD_StdDevReq    usbd_ctlreq.o
    0x08009936   0x08009936   0x00000150   Code   RO         6017    i.USBD_StdEPReq     usbd_ctlreq.o
    0x08009a86   0x08009a86   0x0000004e   Code   RO         6018    i.USBD_StdItfReq    usbd_ctlreq.o
    0x08009ad4   0x08009ad4   0x00000080   Code   RO         1518    i.USB_ActivateEndpoint  stm32h7xx_ll_usb.o
    0x08009b54   0x08009b54   0x00000034   Code   RO         1520    i.USB_ActivateSetup  stm32h7xx_ll_usb.o
    0x08009b88   0x08009b88   0x00000078   Code   RO         1522    i.USB_CoreInit      stm32h7xx_ll_usb.o
    0x08009c00   0x08009c00   0x00000038   Code   RO         1523    i.USB_CoreReset     stm32h7xx_ll_usb.o
    0x08009c38   0x08009c38   0x00000080   Code   RO         1526    i.USB_DeactivateEndpoint  stm32h7xx_ll_usb.o
    0x08009cb8   0x08009cb8   0x00000018   Code   RO         1527    i.USB_DevConnect    stm32h7xx_ll_usb.o
    0x08009cd0   0x08009cd0   0x00000018   Code   RO         1528    i.USB_DevDisconnect  stm32h7xx_ll_usb.o
    0x08009ce8   0x08009ce8   0x00000188   Code   RO         1529    i.USB_DevInit       stm32h7xx_ll_usb.o
    0x08009e70   0x08009e70   0x0000000c   Code   RO         1530    i.USB_DisableGlobalInt  stm32h7xx_ll_usb.o
    0x08009e7c   0x08009e7c   0x0000011c   Code   RO         1533    i.USB_EP0StartXfer  stm32h7xx_ll_usb.o
    0x08009f98   0x08009f98   0x00000058   Code   RO         1534    i.USB_EP0_OutStart  stm32h7xx_ll_usb.o
    0x08009ff0   0x08009ff0   0x00000058   Code   RO         1535    i.USB_EPClearStall  stm32h7xx_ll_usb.o
    0x0800a048   0x0800a048   0x00000058   Code   RO         1536    i.USB_EPSetStall    stm32h7xx_ll_usb.o
    0x0800a0a0   0x0800a0a0   0x000001e8   Code   RO         1537    i.USB_EPStartXfer   stm32h7xx_ll_usb.o
    0x0800a288   0x0800a288   0x0000000c   Code   RO         1538    i.USB_EnableGlobalInt  stm32h7xx_ll_usb.o
    0x0800a294   0x0800a294   0x00000020   Code   RO         1539    i.USB_FlushRxFifo   stm32h7xx_ll_usb.o
    0x0800a2b4   0x0800a2b4   0x00000024   Code   RO         1540    i.USB_FlushTxFifo   stm32h7xx_ll_usb.o
    0x0800a2d8   0x0800a2d8   0x0000001a   Code   RO         1542    i.USB_GetDevSpeed   stm32h7xx_ll_usb.o
    0x0800a2f2   0x0800a2f2   0x00000008   Code   RO         1544    i.USB_GetMode       stm32h7xx_ll_usb.o
    0x0800a2fa   0x0800a2fa   0x0000000e   Code   RO         1551    i.USB_ReadDevAllInEpInterrupt  stm32h7xx_ll_usb.o
    0x0800a308   0x0800a308   0x0000000e   Code   RO         1552    i.USB_ReadDevAllOutEpInterrupt  stm32h7xx_ll_usb.o
    0x0800a316   0x0800a316   0x00000024   Code   RO         1553    i.USB_ReadDevInEPInterrupt  stm32h7xx_ll_usb.o
    0x0800a33a   0x0800a33a   0x00000010   Code   RO         1554    i.USB_ReadDevOutEPInterrupt  stm32h7xx_ll_usb.o
    0x0800a34a   0x0800a34a   0x00000008   Code   RO         1555    i.USB_ReadInterrupts  stm32h7xx_ll_usb.o
    0x0800a352   0x0800a352   0x0000001c   Code   RO         1556    i.USB_ReadPacket    stm32h7xx_ll_usb.o
    0x0800a36e   0x0800a36e   0x0000002e   Code   RO         1558    i.USB_SetCurrentMode  stm32h7xx_ll_usb.o
    0x0800a39c   0x0800a39c   0x00000022   Code   RO         1559    i.USB_SetDevAddress  stm32h7xx_ll_usb.o
    0x0800a3be   0x0800a3be   0x00000002   PAD
    0x0800a3c0   0x0800a3c0   0x000000e8   Code   RO         1561    i.USB_SetTurnaroundTime  stm32h7xx_ll_usb.o
    0x0800a4a8   0x0800a4a8   0x00000024   Code   RO         1564    i.USB_WritePacket   stm32h7xx_ll_usb.o
    0x0800a4cc   0x0800a4cc   0x00000002   Code   RO          902    i.UsageFault_Handler  stm32h7xx_it.o
    0x0800a4ce   0x0800a4ce   0x00000002   PAD
    0x0800a4d0   0x0800a4d0   0x0000004c   Code   RO           13    i.WriteI2C          i2c_device.o
    0x0800a51c   0x0800a51c   0x0000003a   Code   RO         6382    i.WriteInitNUC      Sensor.lib(sensor.o)
    0x0800a556   0x0800a556   0x00000038   Code   RO         6383    i.WriteInitNUCByLen  Sensor.lib(sensor.o)
    0x0800a58e   0x0800a58e   0x00000030   Code   RO         7201    i.__ARM_fpclassify  m_wv.l(fpclassify.o)
    0x0800a5be   0x0800a5be   0x00000022   Code   RO         1836    i.__NVIC_SetPriority  stm32h7xx_hal_cortex.o
    0x0800a5e0   0x0800a5e0   0x00000268   Code   RO         7090    i.__hardfp_exp      m_wv.l(exp.o)
    0x0800a848   0x0800a848   0x000008f8   Code   RO         7110    i.__hardfp_pow      m_wv.l(pow.o)
    0x0800b140   0x0800b140   0x00000070   Code   RO         7203    i.__kernel_poly     m_wv.l(poly.o)
    0x0800b1b0   0x0800b1b0   0x00000020   Code   RO         7187    i.__mathlib_dbl_divzero  m_wv.l(dunder.o)
    0x0800b1d0   0x0800b1d0   0x00000006   Code   RO         7188    i.__mathlib_dbl_infnan  m_wv.l(dunder.o)
    0x0800b1d6   0x0800b1d6   0x00000006   Code   RO         7189    i.__mathlib_dbl_infnan2  m_wv.l(dunder.o)
    0x0800b1dc   0x0800b1dc   0x00000004   PAD
    0x0800b1e0   0x0800b1e0   0x00000018   Code   RO         7190    i.__mathlib_dbl_invalid  m_wv.l(dunder.o)
    0x0800b1f8   0x0800b1f8   0x00000018   Code   RO         7191    i.__mathlib_dbl_overflow  m_wv.l(dunder.o)
    0x0800b210   0x0800b210   0x00000018   Code   RO         7193    i.__mathlib_dbl_underflow  m_wv.l(dunder.o)
    0x0800b228   0x0800b228   0x0000000e   Code   RO         7265    i.__scatterload_copy  mc_w.l(handlers.o)
    0x0800b236   0x0800b236   0x00000002   Code   RO         7266    i.__scatterload_null  mc_w.l(handlers.o)
    0x0800b238   0x0800b238   0x0000000e   Code   RO         7267    i.__scatterload_zeroinit  mc_w.l(handlers.o)
    0x0800b246   0x0800b246   0x00000002   PAD
    0x0800b248   0x0800b248   0x0000000c   Code   RO         7240    i.__set_errno       mc_w.l(errno.o)
    0x0800b254   0x0800b254   0x00000026   Code   RO           14    i.ads1115_convert   i2c_device.o
    0x0800b27a   0x0800b27a   0x00000048   Code   RO           15    i.ads1115_init      i2c_device.o
    0x0800b2c2   0x0800b2c2   0x00000002   PAD
    0x0800b2c4   0x0800b2c4   0x00000060   Code   RO           16    i.ads1115_read      i2c_device.o
    0x0800b324   0x0800b324   0x00000084   Code   RO         6828    i.calcKj            Measure.lib(shuttertool.o)
    0x0800b3a8   0x0800b3a8   0x00000024   Code   RO         6829    i.calcKjInitHigh    Measure.lib(shuttertool.o)
    0x0800b3cc   0x0800b3cc   0x00000024   Code   RO         6830    i.calcKjInitLow     Measure.lib(shuttertool.o)
    0x0800b3f0   0x0800b3f0   0x000001ac   Code   RO         6831    i.dealShutter       Measure.lib(shuttertool.o)
    0x0800b59c   0x0800b59c   0x0000004c   Code   RO         6832    i.doShutter         Measure.lib(shuttertool.o)
    0x0800b5e8   0x0800b5e8   0x00000018   Code   RO         7106    i.fabs              m_wv.l(fabs.o)
    0x0800b600   0x0800b600   0x0000000c   Code   RO         6833    i.getLastLastShutterAvgShutter  Measure.lib(shuttertool.o)
    0x0800b60c   0x0800b60c   0x00000024   Code   RO         6834    i.getLastLastShutterLensTemp  Measure.lib(shuttertool.o)
    0x0800b630   0x0800b630   0x0000000c   Code   RO         6835    i.getLastLastShutterShutterTemp  Measure.lib(shuttertool.o)
    0x0800b63c   0x0800b63c   0x0000000c   Code   RO         6836    i.getLastShutterAvgShutter  Measure.lib(shuttertool.o)
    0x0800b648   0x0800b648   0x00000024   Code   RO         6838    i.getLastShutterLensTemp  Measure.lib(shuttertool.o)
    0x0800b66c   0x0800b66c   0x0000000c   Code   RO         6839    i.getLastShutterShutterTemp  Measure.lib(shuttertool.o)
    0x0800b678   0x0800b678   0x00000018   Code   RO         6840    i.initShutterFun    Measure.lib(shuttertool.o)
    0x0800b690   0x0800b690   0x000000bc   Code   RO          451    i.main              main.o
    0x0800b74c   0x0800b74c   0x0000000e   Code   RO         5365    i.makeFreeRtosPriority  cmsis_os.o
    0x0800b75a   0x0800b75a   0x00000002   PAD
    0x0800b75c   0x0800b75c   0x0000006c   Code   RO         7144    i.malloc            mc_w.l(malloc.o)
    0x0800b7c8   0x0800b7c8   0x000000f8   Code   RO         6314    i.manualRelpaceBadPoint8Window  Sensor.lib(imagecal.o)
    0x0800b8c0   0x0800b8c0   0x00000064   Code   RO         6752    i.measureChangeR    Measure.lib(measure_ex.o)
    0x0800b924   0x0800b924   0x00000104   Code   RO         6753    i.measureGetTemp    Measure.lib(measure_ex.o)
    0x0800ba28   0x0800ba28   0x0000000e   Code   RO         5367    i.osDelay           cmsis_os.o
    0x0800ba36   0x0800ba36   0x0000000a   Code   RO         5370    i.osKernelStart     cmsis_os.o
    0x0800ba40   0x0800ba40   0x00000014   Code   RO         5403    i.osSystickHandler  cmsis_os.o
    0x0800ba54   0x0800ba54   0x0000002e   Code   RO         5404    i.osThreadCreate    cmsis_os.o
    0x0800ba82   0x0800ba82   0x00000002   PAD
    0x0800ba84   0x0800ba84   0x000000f0   Code   RO          219    i.params_init       ir_sensor.o
    0x0800bb74   0x0800bb74   0x00000070   Code   RO         5068    i.prvAddCurrentTaskToDelayedList  tasks.o
    0x0800bbe4   0x0800bbe4   0x000000d0   Code   RO         5069    i.prvAddNewTaskToReadyList  tasks.o
    0x0800bcb4   0x0800bcb4   0x00000014   Code   RO         5070    i.prvDeleteTCB      tasks.o
    0x0800bcc8   0x0800bcc8   0x00000050   Code   RO         5732    i.prvHeapInit       heap_4.o
    0x0800bd18   0x0800bd18   0x00000060   Code   RO         5071    i.prvIdleTask       tasks.o
    0x0800bd78   0x0800bd78   0x0000008e   Code   RO         5072    i.prvInitialiseNewTask  tasks.o
    0x0800be06   0x0800be06   0x00000002   PAD
    0x0800be08   0x0800be08   0x0000004c   Code   RO         5733    i.prvInsertBlockIntoFreeList  heap_4.o
    0x0800be54   0x0800be54   0x00000020   Code   RO         5073    i.prvResetNextTaskUnblockTime  tasks.o
    0x0800be74   0x0800be74   0x00000028   Code   RO         5794    i.prvTaskExitError  port.o
    0x0800be9c   0x0800be9c   0x000000d8   Code   RO         5734    i.pvPortMalloc      heap_4.o
    0x0800bf74   0x0800bf74   0x00000030   Code   RO         5795    i.pxPortInitialiseStack  port.o
    0x0800bfa4   0x0800bfa4   0x0000003c   Code   RO          169    i.sensor_reg_write  spi_device.o
    0x0800bfe0   0x0800bfe0   0x0000006a   Code   RO         7208    i.sqrt              m_wv.l(sqrt.o)
    0x0800c04a   0x0800c04a   0x00000002   PAD
    0x0800c04c   0x0800c04c   0x00000200   Code   RO         6995    i.timeFieldFilter   Measure.lib(time_field_filter.o)
    0x0800c24c   0x0800c24c   0x000001a4   Code   RO          388    i.usb_SDK_read_cb   task_ircamera.o
    0x0800c3f0   0x0800c3f0   0x0000002c   Code   RO         1127    i.usb_SDK_write     usbd_sdk.o
    0x0800c41c   0x0800c41c   0x00000026   Code   RO         4741    i.uxListRemove      list.o
    0x0800c442   0x0800c442   0x00000016   Code   RO         4742    i.vListInitialise   list.o
    0x0800c458   0x0800c458   0x00000006   Code   RO         4743    i.vListInitialiseItem  list.o
    0x0800c45e   0x0800c45e   0x00000030   Code   RO         4744    i.vListInsert       list.o
    0x0800c48e   0x0800c48e   0x00000018   Code   RO         4745    i.vListInsertEnd    list.o
    0x0800c4a6   0x0800c4a6   0x00000002   PAD
    0x0800c4a8   0x0800c4a8   0x00000040   Code   RO         5797    i.vPortEnterCritical  port.o
    0x0800c4e8   0x0800c4e8   0x00000028   Code   RO         5798    i.vPortExitCritical  port.o
    0x0800c510   0x0800c510   0x0000005c   Code   RO         5735    i.vPortFree         heap_4.o
    0x0800c56c   0x0800c56c   0x00000024   Code   RO         5799    i.vPortSetupTimerInterrupt  port.o
    0x0800c590   0x0800c590   0x0000004c   Code   RO         5081    i.vTaskDelay        tasks.o
    0x0800c5dc   0x0800c5dc   0x00000068   Code   RO         5094    i.vTaskStartScheduler  tasks.o
    0x0800c644   0x0800c644   0x00000010   Code   RO         5096    i.vTaskSuspendAll   tasks.o
    0x0800c654   0x0800c654   0x0000005c   Code   RO         5097    i.vTaskSwitchContext  tasks.o
    0x0800c6b0   0x0800c6b0   0x000000f4   Code   RO         5801    i.xPortStartScheduler  port.o
    0x0800c7a4   0x0800c7a4   0x0000002c   Code   RO         5802    i.xPortSysTickHandler  port.o
    0x0800c7d0   0x0800c7d0   0x00000056   Code   RO         5099    i.xTaskCreate       tasks.o
    0x0800c826   0x0800c826   0x00000002   PAD
    0x0800c828   0x0800c828   0x0000001c   Code   RO         5103    i.xTaskGetSchedulerState  tasks.o
    0x0800c844   0x0800c844   0x000000c8   Code   RO         5106    i.xTaskIncrementTick  tasks.o
    0x0800c90c   0x0800c90c   0x000000c4   Code   RO         5112    i.xTaskResumeAll    tasks.o
    0x0800c9d0   0x0800c9d0   0x0000012e   Code   RO         6928    i.y16MappingAD      Measure.lib(drt.o)
    0x0800cafe   0x0800cafe   0x00000002   PAD
    0x0800cb00   0x0800cb00   0x00000018   Code   RO         6698    i.y16MappingADInterface  Measure.lib(interface.o)
    0x0800cb18   0x0800cb18   0x000000f4   Code   RO         6600    i.zgUnpackData      Measure.lib(unpack.o)
    0x0800cc0c   0x0800cc0c   0x00000028   Data   RO          454    .constdata          main.o
    0x0800cc34   0x0800cc34   0x00000008   Data   RO         3605    .constdata          stm32h7xx_hal_dma.o
    0x0800cc3c   0x0800cc3c   0x00000010   Data   RO         4611    .constdata          system_stm32h7xx.o
    0x0800cc4c   0x0800cc4c   0x00000004   PAD
    0x0800cc50   0x0800cc50   0x00000058   Data   RO         7093    .constdata          m_wv.l(exp.o)
    0x0800cca8   0x0800cca8   0x00000088   Data   RO         7113    .constdata          m_wv.l(pow.o)
    0x0800cd30   0x0800cd30   0x00000008   Data   RO         7205    .constdata          m_wv.l(qnan.o)
    0x0800cd38   0x0800cd38   0x00000040   Data   RO         7261    .constdata          mc_w.l(ctype_c.o)
    0x0800cd78   0x0800cd78   0x0000001c   Data   RO          455    .conststring        main.o
    0x0800cd94   0x0800cd94   0x00000020   Data   RO         7263    Region$$Table       anon$$obj.o


    Execution Region RW_IRAM2 (Exec base: 0x24000000, Load base: 0x0800cdb4, Size: 0x00076c80, Max: 0x00080000, ABSOLUTE, COMPRESSED[0x000001a0])

    Exec Addr    Load Addr    Size         Type   Attr      Idx    E Section Name        Object

    0x24000000   COMPRESSED   0x00000018   Data   RW          223    .data               ir_sensor.o
    0x24000018   COMPRESSED   0x00000006   Data   RW          334    .data               task_default.o
    0x2400001e   COMPRESSED   0x00000014   Data   RW          391    .data               task_ircamera.o
    0x24000032   COMPRESSED   0x00000002   PAD
    0x24000034   COMPRESSED   0x00000008   Data   RW          456    .data               main.o
    0x2400003c   COMPRESSED   0x0000001c   Data   RW          814    .data               usbd_desc.o
    0x24000058   COMPRESSED   0x00000032   Data   RW          815    .data               usbd_desc.o
    0x2400008a   COMPRESSED   0x00000002   PAD
    0x2400008c   COMPRESSED   0x0000004e   Data   RW         1130    .data               usbd_sdk.o
    0x240000da   COMPRESSED   0x00000002   PAD
    0x240000dc   COMPRESSED   0x00000038   Data   RW         1131    .data               usbd_sdk.o
    0x24000114   COMPRESSED   0x0000000c   Data   RW         4344    .data               stm32h7xx_hal.o
    0x24000120   COMPRESSED   0x00000008   Data   RW         4612    .data               system_stm32h7xx.o
    0x24000128   COMPRESSED   0x0000003c   Data   RW         5115    .data               tasks.o
    0x24000164   COMPRESSED   0x00000018   Data   RW         5740    .data               heap_4.o
    0x2400017c   COMPRESSED   0x0000000c   Data   RW         5803    .data               port.o
    0x24000188   COMPRESSED   0x00000001   Data   RW         6019    .data               usbd_ctlreq.o
    0x24000189   COMPRESSED   0x00000003   PAD
    0x2400018c   COMPRESSED   0x0000000c   Data   RW         6229    .data               tempprocess.o
    0x24000198   COMPRESSED   0x0000002a   Data   RW         6269    .data               varible.o
    0x240001c2   COMPRESSED   0x00000014   Data   RW         6270    .data               varible.o
    0x240001d6   COMPRESSED   0x00000001   Data   RW         6271    .data               varible.o
    0x240001d7   COMPRESSED   0x00000001   Data   RW         6272    .data               varible.o
    0x240001d8   COMPRESSED   0x00000018   Data   RW         6274    .data               varible.o
    0x240001f0   COMPRESSED   0x00000014   Data   RW         6275    .data               varible.o
    0x24000204   COMPRESSED   0x00000001   Data   RW         6276    .data               varible.o
    0x24000205   COMPRESSED   0x00000003   PAD
    0x24000208   COMPRESSED   0x000000bc   Data   RW         6277    .data               varible.o
    0x240002c4   COMPRESSED   0x0000001c   Data   RW         6278    .data               varible.o
    0x240002e0   COMPRESSED   0x00000004   Data   RW         6279    .data               varible.o
    0x240002e4   COMPRESSED   0x00000018   Data   RW         6384    .data               Sensor.lib(sensor.o)
    0x240002fc   COMPRESSED   0x00000008   Data   RW         6506    .data               Measure.lib(measureinterface.o)
    0x24000304   COMPRESSED   0x00000208   Data   RW         6631    .data               Measure.lib(common.o)
    0x2400050c   COMPRESSED   0x00000194   Data   RW         6755    .data               Measure.lib(measure_ex.o)
    0x240006a0   COMPRESSED   0x0000002c   Data   RW         6841    .data               Measure.lib(shuttertool.o)
    0x240006cc   COMPRESSED   0x00000004   Data   RW         7063    .data               Measure.lib(global.o)
    0x240006d0   COMPRESSED   0x00000004   Data   RW         7236    .data               mc_w.l(mvars.o)
    0x240006d4   COMPRESSED   0x00000004   Data   RW         7237    .data               mc_w.l(mvars.o)
    0x240006d8   COMPRESSED   0x00000004   Data   RW         7241    .data               mc_w.l(errno.o)
    0x240006dc        -       0x0000000f   Zero   RW          222    .bss                ir_sensor.o
    0x240006eb   COMPRESSED   0x00000001   PAD
    0x240006ec        -       0x0002ced4   Zero   RW          389    .bss                task_ircamera.o
    0x2402d5c0        -       0x00000060   Zero   RW          390    .bss                task_ircamera.o
    0x2402d620        -       0x00000224   Zero   RW          452    .bss                main.o
    0x2402d844        -       0x00000078   Zero   RW          453    .bss                main.o
    0x2402d8bc        -       0x0000029c   Zero   RW          567    .bss                usb_device.o
    0x2402db58        -       0x00000408   Zero   RW          639    .bss                usbd_conf.o
    0x2402df60        -       0x00000200   Zero   RW          813    .bss                usbd_desc.o
    0x2402e160        -       0x00000104   Zero   RW         1054    .bss                w25qxx.o
    0x2402e264        -       0x00000040   Zero   RW         1129    .bss                usbd_sdk.o
    0x2402e2a4        -       0x000000f0   Zero   RW         5114    .bss                tasks.o
    0x2402e394        -       0x00003c00   Zero   RW         5739    .bss                heap_4.o
    0x24031f94        -       0x00001000   Zero   RW         6228    .bss                tempprocess.o
    0x24032f94        -       0x0000a800   Zero   RW         6267    .bss                varible.o
    0x2403d794        -       0x00021000   Zero   RW         6268    .bss                varible.o
    0x2405e794        -       0x000000f6   Zero   RW         6505    .bss                Measure.lib(measureinterface.o)
    0x2405e88a   COMPRESSED   0x00000002   PAD
    0x2405e88c        -       0x00000014   Zero   RW         6601    .bss                Measure.lib(unpack.o)
    0x2405e8a0        -       0x00000014   Zero   RW         6630    .bss                Measure.lib(common.o)
    0x2405e8b4        -       0x00000294   Zero   RW         6699    .bss                Measure.lib(interface.o)
    0x2405eb48        -       0x00000138   Zero   RW         6754    .bss                Measure.lib(measure_ex.o)
    0x2405ec80        -       0x00012000   Zero   RW            2    HEAP                startup_stm32h750xx.o
    0x24070c80        -       0x00006000   Zero   RW            1    STACK               startup_stm32h750xx.o


==============================================================================

Image component sizes


      Code (inc. data)   RO Data    RW Data    ZI Data      Debug   Object Name

       104          0          0          0          0      14548   cmsis_os.o
         0          0          0          0          0       9924   event_groups.o
       464         24          0         24      15360       8319   heap_4.o
       282          8          0          0          0    1271679   i2c_device.o
       278         22          0         24         15      31191   ir_sensor.o
       138          0          0          0          0       4398   list.o
      1396        142         68          8        668      44035   main.o
       706         74          0         12          0      12620   port.o
       164         18          0          0          0       3710   shutter.o
        76         18          0          0          0       2490   spi.o
        84          8          0          0          0       4412   spi_device.o
        36          8        664          0      98304        944   startup_stm32h750xx.o
       228         42          0         12          0       5689   stm32h7xx_hal.o
       354         28          0          0          0      42017   stm32h7xx_hal_cortex.o
       798         24          0          0          0       8223   stm32h7xx_hal_dcmi.o
      6128        276          8          0          0      15664   stm32h7xx_hal_dma.o
       968         52          0          0          0       3817   stm32h7xx_hal_dma_ex.o
       542         50          0          0          0       3775   stm32h7xx_hal_gpio.o
      1368         38          0          0          0      12266   stm32h7xx_hal_i2c.o
       172          0          0          0          0       2387   stm32h7xx_hal_i2c_ex.o
       656         74          0          0          0       4069   stm32h7xx_hal_msp.o
      2498         16          0          0          0      16032   stm32h7xx_hal_pcd.o
       120          6          0          0          0       3887   stm32h7xx_hal_pcd_ex.o
        96          8          0          0          0       1654   stm32h7xx_hal_pwr_ex.o
      2286         94          0          0          0       7318   stm32h7xx_hal_rcc.o
      2850         60          0          0          0       6418   stm32h7xx_hal_rcc_ex.o
      2484         12          0          0          0       9250   stm32h7xx_hal_spi.o
        80         24          0          0          0       7232   stm32h7xx_it.o
      2550        140          0          0          0      27079   stm32h7xx_ll_usb.o
       156         22         16          8          0       1786   system_stm32h7xx.o
       644        100          0          6          0       5480   task_default.o
      1250        218          0         20     184116       6867   task_ircamera.o
      1408        114          0         60        240      17903   tasks.o
       212         10          0         12       4096       2392   tempprocess.o
        64         12          0          0        668       1048   usb_device.o
       652         24          0          0       1032      19374   usbd_conf.o
       690          0          0          0          0      14817   usbd_core.o
      1194         30          0          1          0       9484   usbd_ctlreq.o
       296        110          0         78        512       7493   usbd_desc.o
       102          0          0          0          0       4668   usbd_ioreq.o
       256         30          0        134         64      10086   usbd_sdk.o
         0          0          0        329     178176       1518   varible.o
       962         52          0          0        260       8521   w25qxx.o

    ----------------------------------------------------------------------
     35856       1988        792        740     483512    1696484   Object Totals
         0          0         32          0          0          0   (incl. Generated)
        64          0          4         12          1          0   (incl. Padding)

    ----------------------------------------------------------------------

      Code (inc. data)   RO Data    RW Data    ZI Data      Debug   Library Member Name

      1198         54          0        520         20       7673   common.o
       302          0          0          0          0       2751   drt.o
         0          0          0          4          0       1405   global.o
       116         10          0          0        660       5187   interface.o
      1072         72          0        404        312       8350   measure_ex.o
       638         52          0          8        246      17497   measureinterface.o
      2380        144          0          0          0      11801   mt.o
       852         98          0         44          0      10033   shuttertool.o
       612          0          0          0          0       2704   spatial_domain_filter.o
       512         16          0          0          0       2310   time_field_filter.o
       316         16          0          0         20       2840   unpack.o
       444         22          0          0          0       2068   imagecal.o
      1470         52          0         24          0      16738   sensor.o
       116         60          0          0          0        696   dunder.o
       616        130         88          0          0        260   exp.o
        24          0          0          0          0        124   fabs.o
        48          0          0          0          0        124   fpclassify.o
       112          0          0          0          0        116   poly.o
      2296        304        136          0          0        320   pow.o
         0          0          8          0          0          0   qnan.o
       106          0          0          0          0        140   sqrt.o
        56          8          0          0          0         84   __0sscanf.o
        86          0          0          0          0          0   __dczerorl2.o
       812          4          0          0          0        112   _scanf.o
       224          0          0          0          0         96   _scanf_str.o
        64          0          0          0          0         84   _sgetc.o
        40          6         64          0          0         68   ctype_c.o
         0          0          0          0          0          0   entry.o
         0          0          0          0          0          0   entry10a.o
         0          0          0          0          0          0   entry11a.o
         8          4          0          0          0          0   entry2.o
         4          0          0          0          0          0   entry5.o
         0          0          0          0          0          0   entry7b.o
         0          0          0          0          0          0   entry8b.o
         8          4          0          0          0          0   entry9a.o
        12          6          0          4          0         68   errno.o
        30          0          0          0          0          0   handlers.o
        36          8          0          0          0         68   init.o
        10          0          0          0          0         68   isspace_c.o
         0          0          0          0          0          0   iusefp.o
        98          0          0          0          0         84   ldiv.o
        30          0          0          0          0         68   llshl.o
        32          0          0          0          0         68   llushr.o
       108         16          0          0          0         84   malloc.o
        36          0          0          0          0         68   memcpya.o
        36          0          0          0          0        108   memseta.o
         0          0          0          8          0          0   mvars.o
        40          8          0          0          0         84   scanf_char.o
        28          0          0          0          0         76   strcmp.o
        14          0          0          0          0         68   strlen.o
        98          0          0          0          0         92   uldiv.o
       222          0          0          0          0        100   ddiv.o
       186          0          0          0          0        176   depilogue.o
        50          0          0          0          0         76   dfixui.o
        26          0          0          0          0         76   dfltui.o
        24          0          0          0          0         76   dfltul.o
        46          0          0          0          0         80   dscalb.o

    ----------------------------------------------------------------------
     15716       1094        296       1016       1260      95169   Library Totals
        22          0          0          0          2          0   (incl. Padding)

    ----------------------------------------------------------------------

      Code (inc. data)   RO Data    RW Data    ZI Data      Debug   Library Name

      7998        462          0        980       1258      72551   Measure.lib
      1914         74          0         24          0      18806   Sensor.lib
      3318        494        232          0          0       1780   m_wv.l
      1910         64         64         12          0       1448   mc_w.l
       554          0          0          0          0        584   mf_w.l

    ----------------------------------------------------------------------
     15716       1094        296       1016       1260      95169   Library Totals

    ----------------------------------------------------------------------

==============================================================================


      Code (inc. data)   RO Data    RW Data    ZI Data      Debug   

     51572       3082       1088       1756     484772    1755697   Grand Totals
     51572       3082       1088        416     484772    1755697   ELF Image Totals (compressed)
     51572       3082       1088        416          0          0   ROM Totals

==============================================================================

    Total RO  Size (Code + RO Data)                52660 (  51.43kB)
    Total RW  Size (RW Data + ZI Data)            486528 ( 475.13kB)
    Total ROM Size (Code + RO Data + RW Data)      53076 (  51.83kB)

==============================================================================

